
R version 3.0.2 (2013-09-25) -- "Frisbee Sailing"
Copyright (C) 2013 The R Foundation for Statistical Computing
Platform: x86_64-w64-mingw32/x64 (64-bit)

R is free software and comes with ABSOLUTELY NO WARRANTY.
You are welcome to redistribute it under certain conditions.
Type 'license()' or 'licence()' for distribution details.

  Natural language support but running in an English locale

R is a collaborative project with many contributors.
Type 'contributors()' for more information and
'citation()' on how to cite R or R packages in publications.

Type 'demo()' for some demos, 'help()' for on-line help, or
'help.start()' for an HTML browser interface to help.
Type 'q()' to quit R.

> pkgname <- "bartMachine"
> source(file.path(R.home("share"), "R", "examples-header.R"))
> options(warn = 1)
> options(pager = "console")
> base::assign(".ExTimings", "bartMachine-Ex.timings", pos = 'CheckExEnv')
> base::cat("name\tuser\tsystem\telapsed\n", file=base::get(".ExTimings", pos = 'CheckExEnv'))
> base::assign(".format_ptime",
+ function(x) {
+   if(!is.na(x[4L])) x[1L] <- x[1L] + x[4L]
+   if(!is.na(x[5L])) x[2L] <- x[2L] + x[5L]
+   options(OutDec = '.')
+   format(x[1L:3L], digits = 7L)
+ },
+ pos = 'CheckExEnv')
> 
> ### * </HEADER>
> library('bartMachine')
Loading required package: rJava
Loading required package: car
Loading required package: randomForest
randomForest 4.6-7
Type rfNews() to see new features/changes/bug fixes.
Loading required package: missForest
Welcome to BART v1.0

> 
> base::assign(".oldSearch", base::search(), pos = 'CheckExEnv')
> cleanEx()
> nameEx("bart_machine_get_posterior")
> ### * bart_machine_get_posterior
> 
> flush(stderr()); flush(stdout())
> 
> base::assign(".ptime", proc.time(), pos = "CheckExEnv")
> ### Name: bart_machine_get_posterior
> ### Title: Get Full Posterior Distribution
> ### Aliases: bart_machine_get_posterior
> ### Keywords: ~kwd1 ~kwd2
> 
> ### ** Examples
> 
> #Regression example
> 
> #generate Friedman data
> set.seed(11)
> n  = 200 
> p = 5
> X = data.frame(matrix(runif(n * p), ncol = p))
> y = 10 * sin(pi* X[ ,1] * X[,2]) +20 * (X[,3] -.5)^2 + 10 * X[ ,4] + 5 * X[,5] + rnorm(n)
> 
> ##build BART regression model
> bart_machine = build_bart_machine(X, y)
original model_matrix
             X1         X2         X3         X4          X5 y_remaining
1  0.2772497942 0.32936451 0.74482120 0.06056465 0.910369427   10.130978
2  0.0005183129 0.29856310 0.71096294 0.66540477 0.413055268    8.271053
3  0.5106083730 0.59624470 0.95073257 0.23416590 0.149202441   15.734585
4  0.0140479084 0.20180156 0.42057755 0.04955610 0.095354668    2.120327
5  0.0646897766 0.72467324 0.10458201 0.21251019 0.881572883   10.202158
6  0.9548492255 0.91327399 0.38729844 0.15141651 0.985489626   11.220438
7  0.0864958912 0.45222545 0.81085199 0.98056216 0.002538507   12.219937
8  0.2899750092 0.17667337 0.22114274 0.73014632 0.128496305   11.362090
9  0.8806991728 0.01923819 0.77112307 0.97978159 0.850970106   15.959541
10 0.1232162013 0.68761857 0.14000740 0.77120509 0.862428385   15.672705
11 0.1751129227 0.72093642 0.50348734 0.78412760 0.586244208   15.515090
12 0.4407502718 0.92877779 0.03701096 0.71597488 0.002863033   21.876839
13 0.9071829736 0.68771770 0.35887472 0.57176558 0.735468234   18.969965
14 0.8510418669 0.58996329 0.19983229 0.03890607 0.964608290   16.743682
15 0.7339874927 0.15706440 0.29819457 0.24844935 0.168959155    8.157556
Building BART for regression ...
building BART with mem-cache speedup
Sampling M_1/50 iter 100/1250  mem: 28.6/1398.3MB
Sampling M_1/50 iter 200/1250  mem: 41.4/1398.3MB
Sampling M_1/50 iter 300/1250  mem: 55/1398.3MB
Sampling M_1/50 iter 400/1250  mem: 71.3/1398.3MB
Sampling M_1/50 iter 500/1250  mem: 19.9/1398.3MB
Sampling M_1/50 iter 600/1250  mem: 101.1/1398.3MB
Sampling M_1/50 iter 700/1250  mem: 54.5/1398.3MB
Sampling M_1/50 iter 800/1250  mem: 134.1/1398.3MB
Sampling M_1/50 iter 900/1250  mem: 213.8/1398.3MB
Sampling M_1/50 iter 1000/1250  mem: 38.5/1398.3MB
Sampling M_1/50 iter 1100/1250  mem: 118.2/1398.3MB
Sampling M_1/50 iter 1200/1250  mem: 197.8/1398.3MB
done building BART in 0.768 sec 

burning and aggregating chains from all threads... done
evaluating in sample data...done
> 
> #get posterior distribution
> posterior = bart_machine_get_posterior(bart_machine, X)
> print(posterior$y_hat)
  [1]  9.434180  9.547856 16.821707  2.255396 10.834719 11.031861 12.115460
  [8] 11.514517 16.679600 15.721215 14.188635 20.797235 18.503802 16.934122
 [15]  8.044959 18.927483 22.848194 19.787264 19.505797 15.785767  6.417617
 [22] 20.610870 20.963553 20.122875 10.613939 21.324524  8.837472 13.031930
 [29] 17.258869 12.821429 10.284042 18.514623 12.665142  7.837835 20.961540
 [36] 20.239700 14.618413  7.648629 13.610015 14.531605 12.959170  9.496586
 [43]  9.735360 18.307338 13.608028 17.123000 18.422935  9.444638 18.999515
 [50] 16.230932 11.610735 18.308706 16.302764 16.050812 15.398547 12.914187
 [57] 21.018132 17.888863 11.674214 17.893817  7.491690 20.996459  6.452964
 [64] 14.370894 18.600320  8.262734  6.926782 14.932553 15.395885  6.373104
 [71] 19.111252 20.429607  5.507677 19.343493  7.897405 15.507523 17.857962
 [78] 12.248470 12.334802  8.922687  3.636619 22.835970 20.720553 16.885412
 [85] 18.242242 10.858872 10.634200 18.377584 25.425023 12.574149 17.337868
 [92] 14.794317  4.217730  9.310615 14.143730 10.914170 19.257010 16.471978
 [99] 18.637992 11.705677  8.573231 10.897507 16.998197 11.528244 14.149400
[106]  8.652625 23.883304 14.014142 10.909274  9.922565 19.153552 15.100295
[113] 21.600787 16.672190 16.141274 10.533258 10.754379 13.214362 12.328357
[120] 13.977851  9.916488 15.646596 22.455332  7.979609 19.633286 15.763766
[127] 14.554133 17.827528  9.095920  9.449559 15.975799 17.950673 10.693828
[134] 15.109985  9.565013 20.927228  8.888776 13.111631 14.860908 11.746620
[141] 19.270419 19.511287 16.994464 14.652480 16.426752 16.609715 14.167957
[148] 17.806215 17.157493  9.155747 15.988835 13.431121 17.276033 19.444008
[155] 17.316648  7.083181 14.513490 19.340638 18.615826 16.674909  9.580135
[162] 12.854754 20.160418 13.858529 14.977458 15.780923 10.727201 10.825611
[169] 13.305663 10.406772 18.733237 11.538201 19.381120 23.453083 24.049704
[176] 15.072479  9.957302 16.809710 14.955179 15.045690 25.414916  8.975522
[183] 10.439326 14.685363 13.997610 10.753231 15.023028  2.582080 16.995457
[190] 18.023198 22.105827  7.471285 15.034736 16.281744  5.584529 15.685724
[197] 20.319424 19.425930 16.395392  9.428605
> 
> #destroy BART model
> destroy_bart_machine(bart_machine)
> 
> 
> #Classification example
> 
> #get data and only use 2 factors
> data(iris)
> iris2 = iris[51:150,]
> iris2$Species = factor(iris2$Species)
> 
> #build BART classification model
> bart_machine = build_bart_machine(iris2[ ,1 : 4], iris2$Species)
original model_matrix
   Sepal.Length Sepal.Width Petal.Length Petal.Width y_remaining
51          7.0         3.2          4.7         1.4           0
52          6.4         3.2          4.5         1.5           0
53          6.9         3.1          4.9         1.5           0
54          5.5         2.3          4.0         1.3           0
55          6.5         2.8          4.6         1.5           0
56          5.7         2.8          4.5         1.3           0
57          6.3         3.3          4.7         1.6           0
58          4.9         2.4          3.3         1.0           0
59          6.6         2.9          4.6         1.3           0
60          5.2         2.7          3.9         1.4           0
61          5.0         2.0          3.5         1.0           0
62          5.9         3.0          4.2         1.5           0
63          6.0         2.2          4.0         1.0           0
64          6.1         2.9          4.7         1.4           0
65          5.6         2.9          3.6         1.3           0
Building BART for classification ...
building BART with mem-cache speedup
Sampling M_1/50 iter 100/1250  mem: 60.5/1398.3MB
Sampling M_1/50 iter 200/1250  mem: 98.1/1398.3MB
Sampling M_1/50 iter 300/1250  mem: 145.2/1398.3MB
Sampling M_1/50 iter 400/1250  mem: 192.3/1398.3MB
Sampling M_1/50 iter 500/1250  mem: 239.4/1398.3MB
Sampling M_1/50 iter 600/1250  mem: 286.5/1398.3MB
Sampling M_1/50 iter 700/1250  mem: 333.5/1398.3MB
Sampling M_1/50 iter 800/1250  mem: 380.6/1398.3MB
Sampling M_1/50 iter 900/1250  mem: 427.7/1398.3MB
Sampling M_1/50 iter 1000/1250  mem: 471.5/1398.3MB
Sampling M_1/50 iter 1100/1250  mem: 71/1398.3MB
Sampling M_1/50 iter 1200/1250  mem: 118/1398.3MB
done building BART in 0.335 sec 

burning and aggregating chains from all threads... done
evaluating in sample data...done
> 
> #get posterior distribution
> posterior = bart_machine_get_posterior(bart_machine, iris2[ ,1 : 4])
> print(posterior$y_hat)
  [1] 0.08589277 0.07151799 0.20659013 0.04986192 0.12584242 0.05280243
  [7] 0.16554304 0.04383683 0.06344226 0.05991299 0.05327677 0.05979664
 [13] 0.04303026 0.10450342 0.02848474 0.04454472 0.07806472 0.02612736
 [19] 0.16398983 0.02993686 0.60289494 0.03844320 0.33107954 0.08023645
 [25] 0.04378748 0.05272056 0.15152248 0.58450833 0.08821525 0.02439282
 [31] 0.03103203 0.02697722 0.02755516 0.54865240 0.08703157 0.11730951
 [37] 0.09893538 0.08367215 0.02726945 0.04296692 0.04704221 0.07161039
 [43] 0.03243238 0.04212026 0.03793211 0.02496709 0.03163633 0.04132582
 [49] 0.04284657 0.03348868 0.97645454 0.91988730 0.98226510 0.95533554
 [55] 0.98513696 0.97701567 0.40609818 0.95985160 0.95923410 0.97408478
 [61] 0.91711135 0.95163675 0.97310755 0.91253806 0.94974522 0.96125951
 [67] 0.93917532 0.96744403 0.97962631 0.43585679 0.97696595 0.86449380
 [73] 0.97966236 0.80969897 0.96881497 0.94046237 0.73318245 0.76882165
 [79] 0.98414585 0.74664472 0.97553783 0.96288382 0.98559860 0.46916355
 [85] 0.61527821 0.98424720 0.97039868 0.92702843 0.67787300 0.96047866
 [91] 0.97382549 0.93823513 0.91988730 0.97771908 0.97146001 0.95816011
 [97] 0.90112878 0.95141282 0.95919691 0.86370375
> 
> #destroy BART model
> destroy_bart_machine(bart_machine)
> 
> 
> 
> 
> base::assign(".dptime", (proc.time() - get(".ptime", pos = "CheckExEnv")), pos = "CheckExEnv")
> base::cat("bart_machine_get_posterior", base::get(".format_ptime", pos = 'CheckExEnv')(get(".dptime", pos = "CheckExEnv")), "\n", file=base::get(".ExTimings", pos = 'CheckExEnv'), append=TRUE, sep="\t")
> cleanEx()
> nameEx("bart_machine_num_cores")
> ### * bart_machine_num_cores
> 
> flush(stderr()); flush(stdout())
> 
> base::assign(".ptime", proc.time(), pos = "CheckExEnv")
> ### Name: bart_machine_num_cores
> ### Title: Get Number of Cores Used by BART
> ### Aliases: bart_machine_num_cores
> ### Keywords: ~kwd1 ~kwd2
> 
> ### ** Examples
> 
> bart_machine_num_cores()
[1] 1
> 
> 
> 
> base::assign(".dptime", (proc.time() - get(".ptime", pos = "CheckExEnv")), pos = "CheckExEnv")
> base::cat("bart_machine_num_cores", base::get(".format_ptime", pos = 'CheckExEnv')(get(".dptime", pos = "CheckExEnv")), "\n", file=base::get(".ExTimings", pos = 'CheckExEnv'), append=TRUE, sep="\t")
> cleanEx()
> nameEx("bart_predict_for_test_data")
> ### * bart_predict_for_test_data
> 
> flush(stderr()); flush(stdout())
> 
> base::assign(".ptime", proc.time(), pos = "CheckExEnv")
> ### Name: bart_predict_for_test_data
> ### Title: Predict for Test Data with Known Outcomes
> ### Aliases: bart_predict_for_test_data
> ### Keywords: ~kwd1 ~kwd2
> 
> ### ** Examples
> 
> #generate Friedman data
> set.seed(11)
> n  = 400 
> p = 5
> X = data.frame(matrix(runif(n * p), ncol = p))
> y = 10 * sin(pi* X[ ,1] * X[,2]) +20 * (X[,3] -.5)^2 + 10 * X[ ,4] + 5 * X[,5] + rnorm(n)
> 
> ##split into train and test
> train_X = X[1 : 200, ]
> test_X = X[201 : 400, ]
> train_y = y[1 : 200]
> test_y = y[201 : 400]
> 
> ##build BART regression model
> bart_machine = build_bart_machine(train_X, train_y)
original model_matrix
             X1         X2          X3        X4         X5 y_remaining
1  0.2772497942 0.74482120 0.910369427 0.6294421 0.50280793   17.816701
2  0.0005183129 0.71096294 0.413055268 0.4772420 0.99227621    9.525633
3  0.5106083730 0.95073257 0.149202441 0.2067345 0.93795263   18.782698
4  0.0140479084 0.42057755 0.095354668 0.5914295 0.45540698   12.092841
5  0.0646897766 0.10458201 0.881572883 0.6367316 0.20245483    9.831322
6  0.9548492255 0.38729844 0.985489626 0.7406324 0.34531384   23.438785
7  0.0864958912 0.81085199 0.002538507 0.1807978 0.82073562   11.648810
8  0.2899750092 0.22114274 0.128496305 0.2720798 0.79468103   10.608647
9  0.8806991728 0.77112307 0.850970106 0.0127874 0.48942900   12.870486
10 0.1232162013 0.14000740 0.862428385 0.7299599 0.89357286   15.635263
11 0.1751129227 0.50348734 0.586244208 0.5895689 0.81263500   12.285878
12 0.4407502718 0.03701096 0.002863033 0.4735359 0.58967169   13.932190
13 0.9071829736 0.35887472 0.735468234 0.8332663 0.45443599   20.389718
14 0.8510418669 0.19983229 0.964608290 0.7865718 0.12440649   20.439906
15 0.7339874927 0.29819457 0.168959155 0.7318984 0.08251545   15.568914
Building BART for regression ...
building BART with mem-cache speedup
Sampling M_1/50 iter 100/1250  mem: 95.5/1398.3MB
Sampling M_1/50 iter 200/1250  mem: 169.7/1398.3MB
Sampling M_1/50 iter 300/1250  mem: 253.1/1398.3MB
Sampling M_1/50 iter 400/1250  mem: 336.5/1398.3MB
Sampling M_1/50 iter 500/1250  mem: 410.7/1398.3MB
Sampling M_1/50 iter 600/1250  mem: 42.4/1398.3MB
Sampling M_1/50 iter 700/1250  mem: 125.8/1398.3MB
Sampling M_1/50 iter 800/1250  mem: 209.2/1398.3MB
Sampling M_1/50 iter 900/1250  mem: 283.4/1398.3MB
Sampling M_1/50 iter 1000/1250  mem: 366.8/1398.3MB
Sampling M_1/50 iter 1100/1250  mem: 450.3/1398.3MB
Sampling M_1/50 iter 1200/1250  mem: 78.9/1398.3MB
done building BART in 0.367 sec 

burning and aggregating chains from all threads... done
evaluating in sample data...done
> 
> #explore performance on test data
> oos_perf = bart_predict_for_test_data(bart_machine, test_X, test_y)
> print(oos_perf$rmse)
[1] 1.354234
> 
> #destroy BART model
> destroy_bart_machine(bart_machine)
> 
> 
> 
> 
> base::assign(".dptime", (proc.time() - get(".ptime", pos = "CheckExEnv")), pos = "CheckExEnv")
> base::cat("bart_predict_for_test_data", base::get(".format_ptime", pos = 'CheckExEnv')(get(".dptime", pos = "CheckExEnv")), "\n", file=base::get(".ExTimings", pos = 'CheckExEnv'), append=TRUE, sep="\t")
> cleanEx()
> nameEx("build_bart_machine")
> ### * build_bart_machine
> 
> flush(stderr()); flush(stdout())
> 
> base::assign(".ptime", proc.time(), pos = "CheckExEnv")
> ### Name: build_bart_machine
> ### Title: Build a BART Model
> ### Aliases: build_bart_machine
> ### Keywords: ~kwd1 ~kwd2
> 
> ### ** Examples
> 
> ##regression example
> 
> ##generate Friedman data
> set.seed(11)
> n  = 200 
> p = 5
> X = data.frame(matrix(runif(n * p), ncol = p))
> y = 10 * sin(pi* X[ ,1] * X[,2]) +20 * (X[,3] -.5)^2 + 10 * X[ ,4] + 5 * X[,5] + rnorm(n)
> 
> ##build BART regression model
> bart_machine = build_bart_machine(X, y)
original model_matrix
             X1         X2         X3         X4          X5 y_remaining
1  0.2772497942 0.32936451 0.74482120 0.06056465 0.910369427   10.130978
2  0.0005183129 0.29856310 0.71096294 0.66540477 0.413055268    8.271053
3  0.5106083730 0.59624470 0.95073257 0.23416590 0.149202441   15.734585
4  0.0140479084 0.20180156 0.42057755 0.04955610 0.095354668    2.120327
5  0.0646897766 0.72467324 0.10458201 0.21251019 0.881572883   10.202158
6  0.9548492255 0.91327399 0.38729844 0.15141651 0.985489626   11.220438
7  0.0864958912 0.45222545 0.81085199 0.98056216 0.002538507   12.219937
8  0.2899750092 0.17667337 0.22114274 0.73014632 0.128496305   11.362090
9  0.8806991728 0.01923819 0.77112307 0.97978159 0.850970106   15.959541
10 0.1232162013 0.68761857 0.14000740 0.77120509 0.862428385   15.672705
11 0.1751129227 0.72093642 0.50348734 0.78412760 0.586244208   15.515090
12 0.4407502718 0.92877779 0.03701096 0.71597488 0.002863033   21.876839
13 0.9071829736 0.68771770 0.35887472 0.57176558 0.735468234   18.969965
14 0.8510418669 0.58996329 0.19983229 0.03890607 0.964608290   16.743682
15 0.7339874927 0.15706440 0.29819457 0.24844935 0.168959155    8.157556
Building BART for regression ...
building BART with mem-cache speedup
Sampling M_1/50 iter 100/1250  mem: 96.3/1398.3MB
Sampling M_1/50 iter 200/1250  mem: 170.3/1398.3MB
Sampling M_1/50 iter 300/1250  mem: 253.7/1398.3MB
Sampling M_1/50 iter 400/1250  mem: 327.8/1398.3MB
Sampling M_1/50 iter 500/1250  mem: 411.1/1398.3MB
Sampling M_1/50 iter 600/1250  mem: 44.2/1398.3MB
Sampling M_1/50 iter 700/1250  mem: 118.5/1398.3MB
Sampling M_1/50 iter 800/1250  mem: 202.2/1398.3MB
Sampling M_1/50 iter 900/1250  mem: 276.5/1398.3MB
Sampling M_1/50 iter 1000/1250  mem: 360.1/1398.3MB
Sampling M_1/50 iter 1100/1250  mem: 434.5/1398.3MB
Sampling M_1/50 iter 1200/1250  mem: 72.2/1398.3MB
done building BART in 0.361 sec 

burning and aggregating chains from all threads... done
evaluating in sample data...done
> summary(bart_machine)
Bart Machine v1.0b for regression

training data n = 200 and p = 5 
built in 0.4 secs on 1 core, 50 trees, 250 burn in and 1000 post. samples

sigsq est for y beforehand: 7.281 
avg sigsq estimate after burn-in: 0.56607 

in-sample statistics:
 L1 = 91.93 
 L2 = 80.79 
 rmse = 0.64 
 Pseudo-Rsq = 0.9827
p-val for shapiro-wilk test of normality of residuals: 2e-05 
p-val for zero-mean noise: 0.33755 

> 
> #destroy BART model
> destroy_bart_machine(bart_machine)
> 
> ##Build another BART regression model
> bart_machine = build_bart_machine(X,y, num_trees = 200, num_burn_in = 500,
+ num_iterations_after_burn_in =1000)
original model_matrix
             X1         X2         X3         X4          X5 y_remaining
1  0.2772497942 0.32936451 0.74482120 0.06056465 0.910369427   10.130978
2  0.0005183129 0.29856310 0.71096294 0.66540477 0.413055268    8.271053
3  0.5106083730 0.59624470 0.95073257 0.23416590 0.149202441   15.734585
4  0.0140479084 0.20180156 0.42057755 0.04955610 0.095354668    2.120327
5  0.0646897766 0.72467324 0.10458201 0.21251019 0.881572883   10.202158
6  0.9548492255 0.91327399 0.38729844 0.15141651 0.985489626   11.220438
7  0.0864958912 0.45222545 0.81085199 0.98056216 0.002538507   12.219937
8  0.2899750092 0.17667337 0.22114274 0.73014632 0.128496305   11.362090
9  0.8806991728 0.01923819 0.77112307 0.97978159 0.850970106   15.959541
10 0.1232162013 0.68761857 0.14000740 0.77120509 0.862428385   15.672705
11 0.1751129227 0.72093642 0.50348734 0.78412760 0.586244208   15.515090
12 0.4407502718 0.92877779 0.03701096 0.71597488 0.002863033   21.876839
13 0.9071829736 0.68771770 0.35887472 0.57176558 0.735468234   18.969965
14 0.8510418669 0.58996329 0.19983229 0.03890607 0.964608290   16.743682
15 0.7339874927 0.15706440 0.29819457 0.24844935 0.168959155    8.157556
Building BART for regression ...
building BART with mem-cache speedup
Sampling M_1/200 iter 100/1500  mem: 338.1/1398.3MB
Sampling M_1/200 iter 200/1500  mem: 221.1/1398.3MB
Sampling M_1/200 iter 300/1500  mem: 82.5/1398.3MB
Sampling M_1/200 iter 400/1500  mem: 398.8/1398.3MB
Sampling M_1/200 iter 500/1500  mem: 260.3/1398.3MB
Sampling M_1/200 iter 600/1500  mem: 129.6/1398.3MB
Sampling M_1/200 iter 700/1500  mem: 457.4/1398.3MB
Sampling M_1/200 iter 800/1500  mem: 325.5/1398.3MB
Sampling M_1/200 iter 900/1500  mem: 200/1398.3MB
Sampling M_1/200 iter 1000/1500  mem: 523.6/1398.3MB
Sampling M_1/200 iter 1100/1500  mem: 402.6/1398.3MB
Sampling M_1/200 iter 1200/1500  mem: 279.8/1398.3MB
Sampling M_1/200 iter 1300/1500  mem: 167.7/1398.3MB
Sampling M_1/200 iter 1400/1500  mem: 488.5/1398.3MB
Sampling M_1/200 iter 1500/1500  mem: 377.3/1398.3MB
done building BART in 1.914 sec 

burning and aggregating chains from all threads... done
evaluating in sample data...done
> 
> #Destroy BART model
> destroy_bart_machine(bart_machine)
> 
> ##Classification example
> 
> #get data and only use 2 factors
> data(iris)
> iris2 = iris[51:150,]
> iris2$Species = factor(iris2$Species)
> 
> #build BART classification model
> bart_machine = build_bart_machine(iris2[ ,1:4], iris2$Species)
original model_matrix
   Sepal.Length Sepal.Width Petal.Length Petal.Width y_remaining
51          7.0         3.2          4.7         1.4           0
52          6.4         3.2          4.5         1.5           0
53          6.9         3.1          4.9         1.5           0
54          5.5         2.3          4.0         1.3           0
55          6.5         2.8          4.6         1.5           0
56          5.7         2.8          4.5         1.3           0
57          6.3         3.3          4.7         1.6           0
58          4.9         2.4          3.3         1.0           0
59          6.6         2.9          4.6         1.3           0
60          5.2         2.7          3.9         1.4           0
61          5.0         2.0          3.5         1.0           0
62          5.9         3.0          4.2         1.5           0
63          6.0         2.2          4.0         1.0           0
64          6.1         2.9          4.7         1.4           0
65          5.6         2.9          3.6         1.3           0
Building BART for classification ...
building BART with mem-cache speedup
Sampling M_1/50 iter 100/1250  mem: 57.6/1398.3MB
Sampling M_1/50 iter 200/1250  mem: 103.3/1398.3MB
Sampling M_1/50 iter 300/1250  mem: 149/1398.3MB
Sampling M_1/50 iter 400/1250  mem: 194.7/1398.3MB
Sampling M_1/50 iter 500/1250  mem: 240.4/1398.3MB
Sampling M_1/50 iter 600/1250  mem: 286.2/1398.3MB
Sampling M_1/50 iter 700/1250  mem: 331.9/1398.3MB
Sampling M_1/50 iter 800/1250  mem: 377.6/1398.3MB
Sampling M_1/50 iter 900/1250  mem: 423.3/1398.3MB
Sampling M_1/50 iter 1000/1250  mem: 33.9/1398.3MB
Sampling M_1/50 iter 1100/1250  mem: 79.6/1398.3MB
Sampling M_1/50 iter 1200/1250  mem: 125.3/1398.3MB
done building BART in 0.291 sec 

burning and aggregating chains from all threads... done
evaluating in sample data...done
> 
> ##get estimated probabilities
> phat = bart_machine$p_hat_train
> ##look at in-sample confusion matrix
> bart_machine$confusion_matrix
                  predicted versicolor predicted virginica model errors
actual versicolor                47.00                3.00         0.06
actual virginica                  3.00               47.00         0.06
use errors                        0.06                0.06         0.06
> 
> #destroy BART model 
> destroy_bart_machine(bart_machine)
> 
> 
> 
> 
> 
> base::assign(".dptime", (proc.time() - get(".ptime", pos = "CheckExEnv")), pos = "CheckExEnv")
> base::cat("build_bart_machine", base::get(".format_ptime", pos = 'CheckExEnv')(get(".dptime", pos = "CheckExEnv")), "\n", file=base::get(".ExTimings", pos = 'CheckExEnv'), append=TRUE, sep="\t")
> cleanEx()
> nameEx("build_bart_machine_cv")
> ### * build_bart_machine_cv
> 
> flush(stderr()); flush(stdout())
> 
> base::assign(".ptime", proc.time(), pos = "CheckExEnv")
> ### Name: build_bart_machine_cv
> ### Title: Build BART-CV
> ### Aliases: build_bart_machine_cv
> ### Keywords: ~kwd1 ~kwd2
> 
> ### ** Examples
> 
> #generate Friedman data
> set.seed(11)
> n  = 200 
> p = 5
> X = data.frame(matrix(runif(n * p), ncol = p))
> y = 10 * sin(pi* X[ ,1] * X[,2]) +20 * (X[,3] -.5)^2 + 10 * X[ ,4] + 5 * X[,5] + rnorm(n)
> 
> ##build BART regression model
> bart_machine_cv = build_bart_machine_cv(X, y)
  BART CV try: k: 2 nu, q: 3, 0.9 m: 50 
.original model_matrix
          X1         X2        X3        X4         X5 y_remaining
41 0.2474559 0.99310182 0.5542667 0.6401215 0.05952578   13.011812
42 0.2150112 0.51892344 0.5154234 0.4324275 0.28233534   10.204374
43 0.4936738 0.26108993 0.6428065 0.1782642 0.77299296    9.528524
44 0.6534460 0.96443223 0.5907776 0.6158531 0.62696702   18.894179
45 0.3290258 0.88712686 0.6429595 0.1589093 0.59625177   12.863446
46 0.8638878 0.61116916 0.5242994 0.6354631 0.25957025   17.353444
47 0.6377899 0.76150846 0.3369554 0.3907155 0.75848997   17.897932
48 0.0137806 0.85315316 0.6005188 0.2808665 0.88809013    8.354677
49 0.5291648 0.41971689 0.1841739 0.5610969 0.73535454   19.156620
50 0.8343630 0.08832731 0.1448730 0.5588130 0.84317421   16.340615
51 0.5028559 0.92091310 0.4898998 0.1342521 0.10805705   11.197609
52 0.5977608 0.27478937 0.1525171 0.8968158 0.36059255   17.788988
53 0.4255951 0.90126747 0.5098983 0.4485877 0.37403856   16.921270
54 0.3122046 0.17638463 0.1440288 0.9553507 0.39749995   13.282728
55 0.2219272 0.72088507 0.7126025 0.9019496 0.17043762   14.350998
Building BART for regression ...
building BART with mem-cache speedup
Sampling M_1/50 iter 100/1250  mem: 76/1398.3MB
Sampling M_1/50 iter 200/1250  mem: 149.1/1398.3MB
Sampling M_1/50 iter 300/1250  mem: 213.2/1398.3MB
Sampling M_1/50 iter 400/1250  mem: 277.2/1398.3MB
Sampling M_1/50 iter 500/1250  mem: 341.2/1398.3MB
Sampling M_1/50 iter 600/1250  mem: 414.3/1398.3MB
Sampling M_1/50 iter 700/1250  mem: 37.3/1398.3MB
Sampling M_1/50 iter 800/1250  mem: 101.3/1398.3MB
Sampling M_1/50 iter 900/1250  mem: 174.5/1398.3MB
Sampling M_1/50 iter 1000/1250  mem: 238.5/1398.3MB
Sampling M_1/50 iter 1100/1250  mem: 302.5/1398.3MB
Sampling M_1/50 iter 1200/1250  mem: 375.6/1398.3MB
done building BART in 0.311 sec 

burning and aggregating chains from all threads... done
.original model_matrix
             X1         X2         X3         X4          X5 y_remaining
1  0.2772497942 0.32936451 0.74482120 0.06056465 0.910369427   10.130978
2  0.0005183129 0.29856310 0.71096294 0.66540477 0.413055268    8.271053
3  0.5106083730 0.59624470 0.95073257 0.23416590 0.149202441   15.734585
4  0.0140479084 0.20180156 0.42057755 0.04955610 0.095354668    2.120327
5  0.0646897766 0.72467324 0.10458201 0.21251019 0.881572883   10.202158
6  0.9548492255 0.91327399 0.38729844 0.15141651 0.985489626   11.220438
7  0.0864958912 0.45222545 0.81085199 0.98056216 0.002538507   12.219937
8  0.2899750092 0.17667337 0.22114274 0.73014632 0.128496305   11.362090
9  0.8806991728 0.01923819 0.77112307 0.97978159 0.850970106   15.959541
10 0.1232162013 0.68761857 0.14000740 0.77120509 0.862428385   15.672705
11 0.1751129227 0.72093642 0.50348734 0.78412760 0.586244208   15.515090
12 0.4407502718 0.92877779 0.03701096 0.71597488 0.002863033   21.876839
13 0.9071829736 0.68771770 0.35887472 0.57176558 0.735468234   18.969965
14 0.8510418669 0.58996329 0.19983229 0.03890607 0.964608290   16.743682
15 0.7339874927 0.15706440 0.29819457 0.24844935 0.168959155    8.157556
Building BART for regression ...
building BART with mem-cache speedup
Sampling M_1/50 iter 100/1250  mem: 76.2/1398.3MB
Sampling M_1/50 iter 200/1250  mem: 140.2/1398.3MB
Sampling M_1/50 iter 300/1250  mem: 213.4/1398.3MB
Sampling M_1/50 iter 400/1250  mem: 277.4/1398.3MB
Sampling M_1/50 iter 500/1250  mem: 341.4/1398.3MB
Sampling M_1/50 iter 600/1250  mem: 405.4/1398.3MB
Sampling M_1/50 iter 700/1250  mem: 37.8/1398.3MB
Sampling M_1/50 iter 800/1250  mem: 101.9/1398.3MB
Sampling M_1/50 iter 900/1250  mem: 166/1398.3MB
Sampling M_1/50 iter 1000/1250  mem: 230/1398.3MB
Sampling M_1/50 iter 1100/1250  mem: 303.3/1398.3MB
Sampling M_1/50 iter 1200/1250  mem: 367.4/1398.3MB
done building BART in 0.306 sec 

burning and aggregating chains from all threads... done
.original model_matrix
             X1         X2         X3         X4          X5 y_remaining
1  0.2772497942 0.32936451 0.74482120 0.06056465 0.910369427   10.130978
2  0.0005183129 0.29856310 0.71096294 0.66540477 0.413055268    8.271053
3  0.5106083730 0.59624470 0.95073257 0.23416590 0.149202441   15.734585
4  0.0140479084 0.20180156 0.42057755 0.04955610 0.095354668    2.120327
5  0.0646897766 0.72467324 0.10458201 0.21251019 0.881572883   10.202158
6  0.9548492255 0.91327399 0.38729844 0.15141651 0.985489626   11.220438
7  0.0864958912 0.45222545 0.81085199 0.98056216 0.002538507   12.219937
8  0.2899750092 0.17667337 0.22114274 0.73014632 0.128496305   11.362090
9  0.8806991728 0.01923819 0.77112307 0.97978159 0.850970106   15.959541
10 0.1232162013 0.68761857 0.14000740 0.77120509 0.862428385   15.672705
11 0.1751129227 0.72093642 0.50348734 0.78412760 0.586244208   15.515090
12 0.4407502718 0.92877779 0.03701096 0.71597488 0.002863033   21.876839
13 0.9071829736 0.68771770 0.35887472 0.57176558 0.735468234   18.969965
14 0.8510418669 0.58996329 0.19983229 0.03890607 0.964608290   16.743682
15 0.7339874927 0.15706440 0.29819457 0.24844935 0.168959155    8.157556
Building BART for regression ...
building BART with mem-cache speedup
Sampling M_1/50 iter 100/1250  mem: 76.6/1398.3MB
Sampling M_1/50 iter 200/1250  mem: 140.7/1398.3MB
Sampling M_1/50 iter 300/1250  mem: 213.9/1398.3MB
Sampling M_1/50 iter 400/1250  mem: 278/1398.3MB
Sampling M_1/50 iter 500/1250  mem: 342.1/1398.3MB
Sampling M_1/50 iter 600/1250  mem: 406.2/1398.3MB
Sampling M_1/50 iter 700/1250  mem: 38.3/1398.3MB
Sampling M_1/50 iter 800/1250  mem: 102.4/1398.3MB
Sampling M_1/50 iter 900/1250  mem: 166.5/1398.3MB
Sampling M_1/50 iter 1000/1250  mem: 230.6/1398.3MB
Sampling M_1/50 iter 1100/1250  mem: 294.7/1398.3MB
Sampling M_1/50 iter 1200/1250  mem: 367.9/1398.3MB
done building BART in 0.304 sec 

burning and aggregating chains from all threads... done
.original model_matrix
             X1         X2         X3         X4          X5 y_remaining
1  0.2772497942 0.32936451 0.74482120 0.06056465 0.910369427   10.130978
2  0.0005183129 0.29856310 0.71096294 0.66540477 0.413055268    8.271053
3  0.5106083730 0.59624470 0.95073257 0.23416590 0.149202441   15.734585
4  0.0140479084 0.20180156 0.42057755 0.04955610 0.095354668    2.120327
5  0.0646897766 0.72467324 0.10458201 0.21251019 0.881572883   10.202158
6  0.9548492255 0.91327399 0.38729844 0.15141651 0.985489626   11.220438
7  0.0864958912 0.45222545 0.81085199 0.98056216 0.002538507   12.219937
8  0.2899750092 0.17667337 0.22114274 0.73014632 0.128496305   11.362090
9  0.8806991728 0.01923819 0.77112307 0.97978159 0.850970106   15.959541
10 0.1232162013 0.68761857 0.14000740 0.77120509 0.862428385   15.672705
11 0.1751129227 0.72093642 0.50348734 0.78412760 0.586244208   15.515090
12 0.4407502718 0.92877779 0.03701096 0.71597488 0.002863033   21.876839
13 0.9071829736 0.68771770 0.35887472 0.57176558 0.735468234   18.969965
14 0.8510418669 0.58996329 0.19983229 0.03890607 0.964608290   16.743682
15 0.7339874927 0.15706440 0.29819457 0.24844935 0.168959155    8.157556
Building BART for regression ...
building BART with mem-cache speedup
Sampling M_1/50 iter 100/1250  mem: 76.2/1398.3MB
Sampling M_1/50 iter 200/1250  mem: 140.3/1398.3MB
Sampling M_1/50 iter 300/1250  mem: 213.6/1398.3MB
Sampling M_1/50 iter 400/1250  mem: 277.7/1398.3MB
Sampling M_1/50 iter 500/1250  mem: 341.7/1398.3MB
Sampling M_1/50 iter 600/1250  mem: 405.8/1398.3MB
Sampling M_1/50 iter 700/1250  mem: 29.3/1398.3MB
Sampling M_1/50 iter 800/1250  mem: 102.6/1398.3MB
Sampling M_1/50 iter 900/1250  mem: 166.8/1398.3MB
Sampling M_1/50 iter 1000/1250  mem: 230.9/1398.3MB
Sampling M_1/50 iter 1100/1250  mem: 295.1/1398.3MB
Sampling M_1/50 iter 1200/1250  mem: 359.3/1398.3MB
done building BART in 0.305 sec 

burning and aggregating chains from all threads... done
.original model_matrix
             X1         X2         X3         X4          X5 y_remaining
1  0.2772497942 0.32936451 0.74482120 0.06056465 0.910369427   10.130978
2  0.0005183129 0.29856310 0.71096294 0.66540477 0.413055268    8.271053
3  0.5106083730 0.59624470 0.95073257 0.23416590 0.149202441   15.734585
4  0.0140479084 0.20180156 0.42057755 0.04955610 0.095354668    2.120327
5  0.0646897766 0.72467324 0.10458201 0.21251019 0.881572883   10.202158
6  0.9548492255 0.91327399 0.38729844 0.15141651 0.985489626   11.220438
7  0.0864958912 0.45222545 0.81085199 0.98056216 0.002538507   12.219937
8  0.2899750092 0.17667337 0.22114274 0.73014632 0.128496305   11.362090
9  0.8806991728 0.01923819 0.77112307 0.97978159 0.850970106   15.959541
10 0.1232162013 0.68761857 0.14000740 0.77120509 0.862428385   15.672705
11 0.1751129227 0.72093642 0.50348734 0.78412760 0.586244208   15.515090
12 0.4407502718 0.92877779 0.03701096 0.71597488 0.002863033   21.876839
13 0.9071829736 0.68771770 0.35887472 0.57176558 0.735468234   18.969965
14 0.8510418669 0.58996329 0.19983229 0.03890607 0.964608290   16.743682
15 0.7339874927 0.15706440 0.29819457 0.24844935 0.168959155    8.157556
Building BART for regression ...
building BART with mem-cache speedup
Sampling M_1/50 iter 100/1250  mem: 76.3/1398.3MB
Sampling M_1/50 iter 200/1250  mem: 140.5/1398.3MB
Sampling M_1/50 iter 300/1250  mem: 213.8/1398.3MB
Sampling M_1/50 iter 400/1250  mem: 278/1398.3MB
Sampling M_1/50 iter 500/1250  mem: 342.1/1398.3MB
Sampling M_1/50 iter 600/1250  mem: 415.5/1398.3MB
Sampling M_1/50 iter 700/1250  mem: 37.4/1398.3MB
Sampling M_1/50 iter 800/1250  mem: 101.6/1398.3MB
Sampling M_1/50 iter 900/1250  mem: 165.7/1398.3MB
Sampling M_1/50 iter 1000/1250  mem: 239/1398.3MB
Sampling M_1/50 iter 1100/1250  mem: 303.2/1398.3MB
Sampling M_1/50 iter 1200/1250  mem: 367.4/1398.3MB
done building BART in 0.307 sec 

burning and aggregating chains from all threads... done

  BART CV try: k: 2 nu, q: 3, 0.9 m: 200 
.original model_matrix
          X1         X2        X3        X4         X5 y_remaining
41 0.2474559 0.99310182 0.5542667 0.6401215 0.05952578   13.011812
42 0.2150112 0.51892344 0.5154234 0.4324275 0.28233534   10.204374
43 0.4936738 0.26108993 0.6428065 0.1782642 0.77299296    9.528524
44 0.6534460 0.96443223 0.5907776 0.6158531 0.62696702   18.894179
45 0.3290258 0.88712686 0.6429595 0.1589093 0.59625177   12.863446
46 0.8638878 0.61116916 0.5242994 0.6354631 0.25957025   17.353444
47 0.6377899 0.76150846 0.3369554 0.3907155 0.75848997   17.897932
48 0.0137806 0.85315316 0.6005188 0.2808665 0.88809013    8.354677
49 0.5291648 0.41971689 0.1841739 0.5610969 0.73535454   19.156620
50 0.8343630 0.08832731 0.1448730 0.5588130 0.84317421   16.340615
51 0.5028559 0.92091310 0.4898998 0.1342521 0.10805705   11.197609
52 0.5977608 0.27478937 0.1525171 0.8968158 0.36059255   17.788988
53 0.4255951 0.90126747 0.5098983 0.4485877 0.37403856   16.921270
54 0.3122046 0.17638463 0.1440288 0.9553507 0.39749995   13.282728
55 0.2219272 0.72088507 0.7126025 0.9019496 0.17043762   14.350998
Building BART for regression ...
building BART with mem-cache speedup
Sampling M_1/200 iter 100/1250  mem: 287.5/1398.3MB
Sampling M_1/200 iter 200/1250  mem: 105.9/1398.3MB
Sampling M_1/200 iter 300/1250  mem: 372.6/1398.3MB
Sampling M_1/200 iter 400/1250  mem: 199.2/1398.3MB
Sampling M_1/200 iter 500/1250  mem: 465.9/1398.3MB
Sampling M_1/200 iter 600/1250  mem: 292.8/1398.3MB
Sampling M_1/200 iter 700/1250  mem: 129.6/1398.3MB
Sampling M_1/200 iter 800/1250  mem: 395.4/1398.3MB
Sampling M_1/200 iter 900/1250  mem: 230.4/1398.3MB
Sampling M_1/200 iter 1000/1250  mem: 492.5/1398.3MB
Sampling M_1/200 iter 1100/1250  mem: 332.1/1398.3MB
Sampling M_1/200 iter 1200/1250  mem: 170.9/1398.3MB
done building BART in 1.403 sec 

burning and aggregating chains from all threads... done
.original model_matrix
             X1         X2         X3         X4          X5 y_remaining
1  0.2772497942 0.32936451 0.74482120 0.06056465 0.910369427   10.130978
2  0.0005183129 0.29856310 0.71096294 0.66540477 0.413055268    8.271053
3  0.5106083730 0.59624470 0.95073257 0.23416590 0.149202441   15.734585
4  0.0140479084 0.20180156 0.42057755 0.04955610 0.095354668    2.120327
5  0.0646897766 0.72467324 0.10458201 0.21251019 0.881572883   10.202158
6  0.9548492255 0.91327399 0.38729844 0.15141651 0.985489626   11.220438
7  0.0864958912 0.45222545 0.81085199 0.98056216 0.002538507   12.219937
8  0.2899750092 0.17667337 0.22114274 0.73014632 0.128496305   11.362090
9  0.8806991728 0.01923819 0.77112307 0.97978159 0.850970106   15.959541
10 0.1232162013 0.68761857 0.14000740 0.77120509 0.862428385   15.672705
11 0.1751129227 0.72093642 0.50348734 0.78412760 0.586244208   15.515090
12 0.4407502718 0.92877779 0.03701096 0.71597488 0.002863033   21.876839
13 0.9071829736 0.68771770 0.35887472 0.57176558 0.735468234   18.969965
14 0.8510418669 0.58996329 0.19983229 0.03890607 0.964608290   16.743682
15 0.7339874927 0.15706440 0.29819457 0.24844935 0.168959155    8.157556
Building BART for regression ...
building BART with mem-cache speedup
Sampling M_1/200 iter 100/1250  mem: 290.3/1398.3MB
Sampling M_1/200 iter 200/1250  mem: 112.9/1398.3MB
Sampling M_1/200 iter 300/1250  mem: 391.5/1398.3MB
Sampling M_1/200 iter 400/1250  mem: 213/1398.3MB
Sampling M_1/200 iter 500/1250  mem: 53.5/1398.3MB
Sampling M_1/200 iter 600/1250  mem: 325.9/1398.3MB
Sampling M_1/200 iter 700/1250  mem: 164.5/1398.3MB
Sampling M_1/200 iter 800/1250  mem: 427.8/1398.3MB
Sampling M_1/200 iter 900/1250  mem: 265.5/1398.3MB
Sampling M_1/200 iter 1000/1250  mem: 536.6/1398.3MB
Sampling M_1/200 iter 1100/1250  mem: 376.8/1398.3MB
Sampling M_1/200 iter 1200/1250  mem: 216.6/1398.3MB
done building BART in 1.404 sec 

burning and aggregating chains from all threads... done
.original model_matrix
             X1         X2         X3         X4          X5 y_remaining
1  0.2772497942 0.32936451 0.74482120 0.06056465 0.910369427   10.130978
2  0.0005183129 0.29856310 0.71096294 0.66540477 0.413055268    8.271053
3  0.5106083730 0.59624470 0.95073257 0.23416590 0.149202441   15.734585
4  0.0140479084 0.20180156 0.42057755 0.04955610 0.095354668    2.120327
5  0.0646897766 0.72467324 0.10458201 0.21251019 0.881572883   10.202158
6  0.9548492255 0.91327399 0.38729844 0.15141651 0.985489626   11.220438
7  0.0864958912 0.45222545 0.81085199 0.98056216 0.002538507   12.219937
8  0.2899750092 0.17667337 0.22114274 0.73014632 0.128496305   11.362090
9  0.8806991728 0.01923819 0.77112307 0.97978159 0.850970106   15.959541
10 0.1232162013 0.68761857 0.14000740 0.77120509 0.862428385   15.672705
11 0.1751129227 0.72093642 0.50348734 0.78412760 0.586244208   15.515090
12 0.4407502718 0.92877779 0.03701096 0.71597488 0.002863033   21.876839
13 0.9071829736 0.68771770 0.35887472 0.57176558 0.735468234   18.969965
14 0.8510418669 0.58996329 0.19983229 0.03890607 0.964608290   16.743682
15 0.7339874927 0.15706440 0.29819457 0.24844935 0.168959155    8.157556
Building BART for regression ...
building BART with mem-cache speedup
Sampling M_1/200 iter 100/1250  mem: 282/1398.3MB
Sampling M_1/200 iter 200/1250  mem: 112.6/1398.3MB
Sampling M_1/200 iter 300/1250  mem: 383.2/1398.3MB
Sampling M_1/200 iter 400/1250  mem: 213.3/1398.3MB
Sampling M_1/200 iter 500/1250  mem: 52.7/1398.3MB
Sampling M_1/200 iter 600/1250  mem: 325.2/1398.3MB
Sampling M_1/200 iter 700/1250  mem: 155.3/1398.3MB
Sampling M_1/200 iter 800/1250  mem: 427.7/1398.3MB
Sampling M_1/200 iter 900/1250  mem: 265.9/1398.3MB
Sampling M_1/200 iter 1000/1250  mem: 537.7/1398.3MB
Sampling M_1/200 iter 1100/1250  mem: 368/1398.3MB
Sampling M_1/200 iter 1200/1250  mem: 206.6/1398.3MB
done building BART in 1.397 sec 

burning and aggregating chains from all threads... done
.original model_matrix
             X1         X2         X3         X4          X5 y_remaining
1  0.2772497942 0.32936451 0.74482120 0.06056465 0.910369427   10.130978
2  0.0005183129 0.29856310 0.71096294 0.66540477 0.413055268    8.271053
3  0.5106083730 0.59624470 0.95073257 0.23416590 0.149202441   15.734585
4  0.0140479084 0.20180156 0.42057755 0.04955610 0.095354668    2.120327
5  0.0646897766 0.72467324 0.10458201 0.21251019 0.881572883   10.202158
6  0.9548492255 0.91327399 0.38729844 0.15141651 0.985489626   11.220438
7  0.0864958912 0.45222545 0.81085199 0.98056216 0.002538507   12.219937
8  0.2899750092 0.17667337 0.22114274 0.73014632 0.128496305   11.362090
9  0.8806991728 0.01923819 0.77112307 0.97978159 0.850970106   15.959541
10 0.1232162013 0.68761857 0.14000740 0.77120509 0.862428385   15.672705
11 0.1751129227 0.72093642 0.50348734 0.78412760 0.586244208   15.515090
12 0.4407502718 0.92877779 0.03701096 0.71597488 0.002863033   21.876839
13 0.9071829736 0.68771770 0.35887472 0.57176558 0.735468234   18.969965
14 0.8510418669 0.58996329 0.19983229 0.03890607 0.964608290   16.743682
15 0.7339874927 0.15706440 0.29819457 0.24844935 0.168959155    8.157556
Building BART for regression ...
building BART with mem-cache speedup
Sampling M_1/200 iter 100/1250  mem: 283.9/1398.3MB
Sampling M_1/200 iter 200/1250  mem: 113.2/1398.3MB
Sampling M_1/200 iter 300/1250  mem: 376.3/1398.3MB
Sampling M_1/200 iter 400/1250  mem: 206.5/1398.3MB
Sampling M_1/200 iter 500/1250  mem: 478.6/1398.3MB
Sampling M_1/200 iter 600/1250  mem: 317.5/1398.3MB
Sampling M_1/200 iter 700/1250  mem: 147.3/1398.3MB
Sampling M_1/200 iter 800/1250  mem: 419.7/1398.3MB
Sampling M_1/200 iter 900/1250  mem: 249.9/1398.3MB
Sampling M_1/200 iter 1000/1250  mem: 522.3/1398.3MB
Sampling M_1/200 iter 1100/1250  mem: 361.2/1398.3MB
Sampling M_1/200 iter 1200/1250  mem: 190.8/1398.3MB
done building BART in 1.369 sec 

burning and aggregating chains from all threads... done
.original model_matrix
             X1         X2         X3         X4          X5 y_remaining
1  0.2772497942 0.32936451 0.74482120 0.06056465 0.910369427   10.130978
2  0.0005183129 0.29856310 0.71096294 0.66540477 0.413055268    8.271053
3  0.5106083730 0.59624470 0.95073257 0.23416590 0.149202441   15.734585
4  0.0140479084 0.20180156 0.42057755 0.04955610 0.095354668    2.120327
5  0.0646897766 0.72467324 0.10458201 0.21251019 0.881572883   10.202158
6  0.9548492255 0.91327399 0.38729844 0.15141651 0.985489626   11.220438
7  0.0864958912 0.45222545 0.81085199 0.98056216 0.002538507   12.219937
8  0.2899750092 0.17667337 0.22114274 0.73014632 0.128496305   11.362090
9  0.8806991728 0.01923819 0.77112307 0.97978159 0.850970106   15.959541
10 0.1232162013 0.68761857 0.14000740 0.77120509 0.862428385   15.672705
11 0.1751129227 0.72093642 0.50348734 0.78412760 0.586244208   15.515090
12 0.4407502718 0.92877779 0.03701096 0.71597488 0.002863033   21.876839
13 0.9071829736 0.68771770 0.35887472 0.57176558 0.735468234   18.969965
14 0.8510418669 0.58996329 0.19983229 0.03890607 0.964608290   16.743682
15 0.7339874927 0.15706440 0.29819457 0.24844935 0.168959155    8.157556
Building BART for regression ...
building BART with mem-cache speedup
Sampling M_1/200 iter 100/1250  mem: 285.2/1398.3MB
Sampling M_1/200 iter 200/1250  mem: 114/1398.3MB
Sampling M_1/200 iter 300/1250  mem: 377.4/1398.3MB
Sampling M_1/200 iter 400/1250  mem: 206.2/1398.3MB
Sampling M_1/200 iter 500/1250  mem: 478.6/1398.3MB
Sampling M_1/200 iter 600/1250  mem: 318.4/1398.3MB
Sampling M_1/200 iter 700/1250  mem: 147.4/1398.3MB
Sampling M_1/200 iter 800/1250  mem: 420.4/1398.3MB
Sampling M_1/200 iter 900/1250  mem: 248.9/1398.3MB
Sampling M_1/200 iter 1000/1250  mem: 522/1398.3MB
Sampling M_1/200 iter 1100/1250  mem: 359.9/1398.3MB
Sampling M_1/200 iter 1200/1250  mem: 188.8/1398.3MB
done building BART in 1.38 sec 

burning and aggregating chains from all threads... done

  BART CV try: k: 2 nu, q: 3, 0.99 m: 50 
.original model_matrix
          X1         X2        X3        X4         X5 y_remaining
41 0.2474559 0.99310182 0.5542667 0.6401215 0.05952578   13.011812
42 0.2150112 0.51892344 0.5154234 0.4324275 0.28233534   10.204374
43 0.4936738 0.26108993 0.6428065 0.1782642 0.77299296    9.528524
44 0.6534460 0.96443223 0.5907776 0.6158531 0.62696702   18.894179
45 0.3290258 0.88712686 0.6429595 0.1589093 0.59625177   12.863446
46 0.8638878 0.61116916 0.5242994 0.6354631 0.25957025   17.353444
47 0.6377899 0.76150846 0.3369554 0.3907155 0.75848997   17.897932
48 0.0137806 0.85315316 0.6005188 0.2808665 0.88809013    8.354677
49 0.5291648 0.41971689 0.1841739 0.5610969 0.73535454   19.156620
50 0.8343630 0.08832731 0.1448730 0.5588130 0.84317421   16.340615
51 0.5028559 0.92091310 0.4898998 0.1342521 0.10805705   11.197609
52 0.5977608 0.27478937 0.1525171 0.8968158 0.36059255   17.788988
53 0.4255951 0.90126747 0.5098983 0.4485877 0.37403856   16.921270
54 0.3122046 0.17638463 0.1440288 0.9553507 0.39749995   13.282728
55 0.2219272 0.72088507 0.7126025 0.9019496 0.17043762   14.350998
Building BART for regression ...
building BART with mem-cache speedup
Sampling M_1/50 iter 100/1250  mem: 75.8/1398.3MB
Sampling M_1/50 iter 200/1250  mem: 139.6/1398.3MB
Sampling M_1/50 iter 300/1250  mem: 212.4/1398.3MB
Sampling M_1/50 iter 400/1250  mem: 276.1/1398.3MB
Sampling M_1/50 iter 500/1250  mem: 339.8/1398.3MB
Sampling M_1/50 iter 600/1250  mem: 403.5/1398.3MB
Sampling M_1/50 iter 700/1250  mem: 37.9/1398.3MB
Sampling M_1/50 iter 800/1250  mem: 101.8/1398.3MB
Sampling M_1/50 iter 900/1250  mem: 165.7/1398.3MB
Sampling M_1/50 iter 1000/1250  mem: 238.6/1398.3MB
Sampling M_1/50 iter 1100/1250  mem: 302.5/1398.3MB
Sampling M_1/50 iter 1200/1250  mem: 366.4/1398.3MB
done building BART in 0.306 sec 

burning and aggregating chains from all threads... done
.original model_matrix
             X1         X2         X3         X4          X5 y_remaining
1  0.2772497942 0.32936451 0.74482120 0.06056465 0.910369427   10.130978
2  0.0005183129 0.29856310 0.71096294 0.66540477 0.413055268    8.271053
3  0.5106083730 0.59624470 0.95073257 0.23416590 0.149202441   15.734585
4  0.0140479084 0.20180156 0.42057755 0.04955610 0.095354668    2.120327
5  0.0646897766 0.72467324 0.10458201 0.21251019 0.881572883   10.202158
6  0.9548492255 0.91327399 0.38729844 0.15141651 0.985489626   11.220438
7  0.0864958912 0.45222545 0.81085199 0.98056216 0.002538507   12.219937
8  0.2899750092 0.17667337 0.22114274 0.73014632 0.128496305   11.362090
9  0.8806991728 0.01923819 0.77112307 0.97978159 0.850970106   15.959541
10 0.1232162013 0.68761857 0.14000740 0.77120509 0.862428385   15.672705
11 0.1751129227 0.72093642 0.50348734 0.78412760 0.586244208   15.515090
12 0.4407502718 0.92877779 0.03701096 0.71597488 0.002863033   21.876839
13 0.9071829736 0.68771770 0.35887472 0.57176558 0.735468234   18.969965
14 0.8510418669 0.58996329 0.19983229 0.03890607 0.964608290   16.743682
15 0.7339874927 0.15706440 0.29819457 0.24844935 0.168959155    8.157556
Building BART for regression ...
building BART with mem-cache speedup
Sampling M_1/50 iter 100/1250  mem: 74.3/1398.3MB
Sampling M_1/50 iter 200/1250  mem: 138.2/1398.3MB
Sampling M_1/50 iter 300/1250  mem: 211.2/1398.3MB
Sampling M_1/50 iter 400/1250  mem: 275.1/1398.3MB
Sampling M_1/50 iter 500/1250  mem: 338.9/1398.3MB
Sampling M_1/50 iter 600/1250  mem: 402.8/1398.3MB
Sampling M_1/50 iter 700/1250  mem: 27/1398.3MB
Sampling M_1/50 iter 800/1250  mem: 91/1398.3MB
Sampling M_1/50 iter 900/1250  mem: 164.1/1398.3MB
Sampling M_1/50 iter 1000/1250  mem: 228/1398.3MB
Sampling M_1/50 iter 1100/1250  mem: 291.9/1398.3MB
Sampling M_1/50 iter 1200/1250  mem: 355.9/1398.3MB
done building BART in 0.302 sec 

burning and aggregating chains from all threads... done
.original model_matrix
             X1         X2         X3         X4          X5 y_remaining
1  0.2772497942 0.32936451 0.74482120 0.06056465 0.910369427   10.130978
2  0.0005183129 0.29856310 0.71096294 0.66540477 0.413055268    8.271053
3  0.5106083730 0.59624470 0.95073257 0.23416590 0.149202441   15.734585
4  0.0140479084 0.20180156 0.42057755 0.04955610 0.095354668    2.120327
5  0.0646897766 0.72467324 0.10458201 0.21251019 0.881572883   10.202158
6  0.9548492255 0.91327399 0.38729844 0.15141651 0.985489626   11.220438
7  0.0864958912 0.45222545 0.81085199 0.98056216 0.002538507   12.219937
8  0.2899750092 0.17667337 0.22114274 0.73014632 0.128496305   11.362090
9  0.8806991728 0.01923819 0.77112307 0.97978159 0.850970106   15.959541
10 0.1232162013 0.68761857 0.14000740 0.77120509 0.862428385   15.672705
11 0.1751129227 0.72093642 0.50348734 0.78412760 0.586244208   15.515090
12 0.4407502718 0.92877779 0.03701096 0.71597488 0.002863033   21.876839
13 0.9071829736 0.68771770 0.35887472 0.57176558 0.735468234   18.969965
14 0.8510418669 0.58996329 0.19983229 0.03890607 0.964608290   16.743682
15 0.7339874927 0.15706440 0.29819457 0.24844935 0.168959155    8.157556
Building BART for regression ...
building BART with mem-cache speedup
Sampling M_1/50 iter 100/1250  mem: 74.8/1398.3MB
Sampling M_1/50 iter 200/1250  mem: 138.7/1398.3MB
Sampling M_1/50 iter 300/1250  mem: 211.8/1398.3MB
Sampling M_1/50 iter 400/1250  mem: 275.7/1398.3MB
Sampling M_1/50 iter 500/1250  mem: 339.6/1398.3MB
Sampling M_1/50 iter 600/1250  mem: 403.6/1398.3MB
Sampling M_1/50 iter 700/1250  mem: 36.3/1398.3MB
Sampling M_1/50 iter 800/1250  mem: 100.3/1398.3MB
Sampling M_1/50 iter 900/1250  mem: 164.4/1398.3MB
Sampling M_1/50 iter 1000/1250  mem: 228.4/1398.3MB
Sampling M_1/50 iter 1100/1250  mem: 292.4/1398.3MB
Sampling M_1/50 iter 1200/1250  mem: 365.5/1398.3MB
done building BART in 0.304 sec 

burning and aggregating chains from all threads... done
.original model_matrix
             X1         X2         X3         X4          X5 y_remaining
1  0.2772497942 0.32936451 0.74482120 0.06056465 0.910369427   10.130978
2  0.0005183129 0.29856310 0.71096294 0.66540477 0.413055268    8.271053
3  0.5106083730 0.59624470 0.95073257 0.23416590 0.149202441   15.734585
4  0.0140479084 0.20180156 0.42057755 0.04955610 0.095354668    2.120327
5  0.0646897766 0.72467324 0.10458201 0.21251019 0.881572883   10.202158
6  0.9548492255 0.91327399 0.38729844 0.15141651 0.985489626   11.220438
7  0.0864958912 0.45222545 0.81085199 0.98056216 0.002538507   12.219937
8  0.2899750092 0.17667337 0.22114274 0.73014632 0.128496305   11.362090
9  0.8806991728 0.01923819 0.77112307 0.97978159 0.850970106   15.959541
10 0.1232162013 0.68761857 0.14000740 0.77120509 0.862428385   15.672705
11 0.1751129227 0.72093642 0.50348734 0.78412760 0.586244208   15.515090
12 0.4407502718 0.92877779 0.03701096 0.71597488 0.002863033   21.876839
13 0.9071829736 0.68771770 0.35887472 0.57176558 0.735468234   18.969965
14 0.8510418669 0.58996329 0.19983229 0.03890607 0.964608290   16.743682
15 0.7339874927 0.15706440 0.29819457 0.24844935 0.168959155    8.157556
Building BART for regression ...
building BART with mem-cache speedup
Sampling M_1/50 iter 100/1250  mem: 75.2/1398.3MB
Sampling M_1/50 iter 200/1250  mem: 139.2/1398.3MB
Sampling M_1/50 iter 300/1250  mem: 212.4/1398.3MB
Sampling M_1/50 iter 400/1250  mem: 276.4/1398.3MB
Sampling M_1/50 iter 500/1250  mem: 340.4/1398.3MB
Sampling M_1/50 iter 600/1250  mem: 404.4/1398.3MB
Sampling M_1/50 iter 700/1250  mem: 37.8/1398.3MB
Sampling M_1/50 iter 800/1250  mem: 101.9/1398.3MB
Sampling M_1/50 iter 900/1250  mem: 165.9/1398.3MB
Sampling M_1/50 iter 1000/1250  mem: 230/1398.3MB
Sampling M_1/50 iter 1100/1250  mem: 294.1/1398.3MB
Sampling M_1/50 iter 1200/1250  mem: 367.4/1398.3MB
done building BART in 0.301 sec 

burning and aggregating chains from all threads... done
.original model_matrix
             X1         X2         X3         X4          X5 y_remaining
1  0.2772497942 0.32936451 0.74482120 0.06056465 0.910369427   10.130978
2  0.0005183129 0.29856310 0.71096294 0.66540477 0.413055268    8.271053
3  0.5106083730 0.59624470 0.95073257 0.23416590 0.149202441   15.734585
4  0.0140479084 0.20180156 0.42057755 0.04955610 0.095354668    2.120327
5  0.0646897766 0.72467324 0.10458201 0.21251019 0.881572883   10.202158
6  0.9548492255 0.91327399 0.38729844 0.15141651 0.985489626   11.220438
7  0.0864958912 0.45222545 0.81085199 0.98056216 0.002538507   12.219937
8  0.2899750092 0.17667337 0.22114274 0.73014632 0.128496305   11.362090
9  0.8806991728 0.01923819 0.77112307 0.97978159 0.850970106   15.959541
10 0.1232162013 0.68761857 0.14000740 0.77120509 0.862428385   15.672705
11 0.1751129227 0.72093642 0.50348734 0.78412760 0.586244208   15.515090
12 0.4407502718 0.92877779 0.03701096 0.71597488 0.002863033   21.876839
13 0.9071829736 0.68771770 0.35887472 0.57176558 0.735468234   18.969965
14 0.8510418669 0.58996329 0.19983229 0.03890607 0.964608290   16.743682
15 0.7339874927 0.15706440 0.29819457 0.24844935 0.168959155    8.157556
Building BART for regression ...
building BART with mem-cache speedup
Sampling M_1/50 iter 100/1250  mem: 75.6/1398.3MB
Sampling M_1/50 iter 200/1250  mem: 139.7/1398.3MB
Sampling M_1/50 iter 300/1250  mem: 212.9/1398.3MB
Sampling M_1/50 iter 400/1250  mem: 277/1398.3MB
Sampling M_1/50 iter 500/1250  mem: 341.1/1398.3MB
Sampling M_1/50 iter 600/1250  mem: 405.2/1398.3MB
Sampling M_1/50 iter 700/1250  mem: 36.6/1398.3MB
Sampling M_1/50 iter 800/1250  mem: 100.7/1398.3MB
Sampling M_1/50 iter 900/1250  mem: 173.9/1398.3MB
Sampling M_1/50 iter 1000/1250  mem: 238/1398.3MB
Sampling M_1/50 iter 1100/1250  mem: 302.1/1398.3MB
Sampling M_1/50 iter 1200/1250  mem: 366.2/1398.3MB
done building BART in 0.311 sec 

burning and aggregating chains from all threads... done

  BART CV try: k: 2 nu, q: 3, 0.99 m: 200 
.original model_matrix
          X1         X2        X3        X4         X5 y_remaining
41 0.2474559 0.99310182 0.5542667 0.6401215 0.05952578   13.011812
42 0.2150112 0.51892344 0.5154234 0.4324275 0.28233534   10.204374
43 0.4936738 0.26108993 0.6428065 0.1782642 0.77299296    9.528524
44 0.6534460 0.96443223 0.5907776 0.6158531 0.62696702   18.894179
45 0.3290258 0.88712686 0.6429595 0.1589093 0.59625177   12.863446
46 0.8638878 0.61116916 0.5242994 0.6354631 0.25957025   17.353444
47 0.6377899 0.76150846 0.3369554 0.3907155 0.75848997   17.897932
48 0.0137806 0.85315316 0.6005188 0.2808665 0.88809013    8.354677
49 0.5291648 0.41971689 0.1841739 0.5610969 0.73535454   19.156620
50 0.8343630 0.08832731 0.1448730 0.5588130 0.84317421   16.340615
51 0.5028559 0.92091310 0.4898998 0.1342521 0.10805705   11.197609
52 0.5977608 0.27478937 0.1525171 0.8968158 0.36059255   17.788988
53 0.4255951 0.90126747 0.5098983 0.4485877 0.37403856   16.921270
54 0.3122046 0.17638463 0.1440288 0.9553507 0.39749995   13.282728
55 0.2219272 0.72088507 0.7126025 0.9019496 0.17043762   14.350998
Building BART for regression ...
building BART with mem-cache speedup
Sampling M_1/200 iter 100/1250  mem: 286.5/1398.3MB
Sampling M_1/200 iter 200/1250  mem: 106.1/1398.3MB
Sampling M_1/200 iter 300/1250  mem: 371.9/1398.3MB
Sampling M_1/200 iter 400/1250  mem: 189.5/1398.3MB
Sampling M_1/200 iter 500/1250  mem: 455.3/1398.3MB
Sampling M_1/200 iter 600/1250  mem: 293.2/1398.3MB
Sampling M_1/200 iter 700/1250  mem: 122.5/1398.3MB
Sampling M_1/200 iter 800/1250  mem: 388.9/1398.3MB
Sampling M_1/200 iter 900/1250  mem: 214.7/1398.3MB
Sampling M_1/200 iter 1000/1250  mem: 485.8/1398.3MB
Sampling M_1/200 iter 1100/1250  mem: 326.5/1398.3MB
Sampling M_1/200 iter 1200/1250  mem: 156.8/1398.3MB
done building BART in 1.384 sec 

burning and aggregating chains from all threads... done
.original model_matrix
             X1         X2         X3         X4          X5 y_remaining
1  0.2772497942 0.32936451 0.74482120 0.06056465 0.910369427   10.130978
2  0.0005183129 0.29856310 0.71096294 0.66540477 0.413055268    8.271053
3  0.5106083730 0.59624470 0.95073257 0.23416590 0.149202441   15.734585
4  0.0140479084 0.20180156 0.42057755 0.04955610 0.095354668    2.120327
5  0.0646897766 0.72467324 0.10458201 0.21251019 0.881572883   10.202158
6  0.9548492255 0.91327399 0.38729844 0.15141651 0.985489626   11.220438
7  0.0864958912 0.45222545 0.81085199 0.98056216 0.002538507   12.219937
8  0.2899750092 0.17667337 0.22114274 0.73014632 0.128496305   11.362090
9  0.8806991728 0.01923819 0.77112307 0.97978159 0.850970106   15.959541
10 0.1232162013 0.68761857 0.14000740 0.77120509 0.862428385   15.672705
11 0.1751129227 0.72093642 0.50348734 0.78412760 0.586244208   15.515090
12 0.4407502718 0.92877779 0.03701096 0.71597488 0.002863033   21.876839
13 0.9071829736 0.68771770 0.35887472 0.57176558 0.735468234   18.969965
14 0.8510418669 0.58996329 0.19983229 0.03890607 0.964608290   16.743682
15 0.7339874927 0.15706440 0.29819457 0.24844935 0.168959155    8.157556
Building BART for regression ...
building BART with mem-cache speedup
Sampling M_1/200 iter 100/1250  mem: 281.3/1398.3MB
Sampling M_1/200 iter 200/1250  mem: 112.3/1398.3MB
Sampling M_1/200 iter 300/1250  mem: 382/1398.3MB
Sampling M_1/200 iter 400/1250  mem: 204.8/1398.3MB
Sampling M_1/200 iter 500/1250  mem: 474.4/1398.3MB
Sampling M_1/200 iter 600/1250  mem: 316.7/1398.3MB
Sampling M_1/200 iter 700/1250  mem: 149.6/1398.3MB
Sampling M_1/200 iter 800/1250  mem: 411.8/1398.3MB
Sampling M_1/200 iter 900/1250  mem: 241.9/1398.3MB
Sampling M_1/200 iter 1000/1250  mem: 511.8/1398.3MB
Sampling M_1/200 iter 1100/1250  mem: 343.7/1398.3MB
Sampling M_1/200 iter 1200/1250  mem: 186.1/1398.3MB
done building BART in 1.343 sec 

burning and aggregating chains from all threads... done
.original model_matrix
             X1         X2         X3         X4          X5 y_remaining
1  0.2772497942 0.32936451 0.74482120 0.06056465 0.910369427   10.130978
2  0.0005183129 0.29856310 0.71096294 0.66540477 0.413055268    8.271053
3  0.5106083730 0.59624470 0.95073257 0.23416590 0.149202441   15.734585
4  0.0140479084 0.20180156 0.42057755 0.04955610 0.095354668    2.120327
5  0.0646897766 0.72467324 0.10458201 0.21251019 0.881572883   10.202158
6  0.9548492255 0.91327399 0.38729844 0.15141651 0.985489626   11.220438
7  0.0864958912 0.45222545 0.81085199 0.98056216 0.002538507   12.219937
8  0.2899750092 0.17667337 0.22114274 0.73014632 0.128496305   11.362090
9  0.8806991728 0.01923819 0.77112307 0.97978159 0.850970106   15.959541
10 0.1232162013 0.68761857 0.14000740 0.77120509 0.862428385   15.672705
11 0.1751129227 0.72093642 0.50348734 0.78412760 0.586244208   15.515090
12 0.4407502718 0.92877779 0.03701096 0.71597488 0.002863033   21.876839
13 0.9071829736 0.68771770 0.35887472 0.57176558 0.735468234   18.969965
14 0.8510418669 0.58996329 0.19983229 0.03890607 0.964608290   16.743682
15 0.7339874927 0.15706440 0.29819457 0.24844935 0.168959155    8.157556
Building BART for regression ...
building BART with mem-cache speedup
Sampling M_1/200 iter 100/1250  mem: 281.6/1398.3MB
Sampling M_1/200 iter 200/1250  mem: 113.4/1398.3MB
Sampling M_1/200 iter 300/1250  mem: 383/1398.3MB
Sampling M_1/200 iter 400/1250  mem: 213.2/1398.3MB
Sampling M_1/200 iter 500/1250  mem: 53.1/1398.3MB
Sampling M_1/200 iter 600/1250  mem: 324.9/1398.3MB
Sampling M_1/200 iter 700/1250  mem: 155.7/1398.3MB
Sampling M_1/200 iter 800/1250  mem: 427.5/1398.3MB
Sampling M_1/200 iter 900/1250  mem: 258.2/1398.3MB
Sampling M_1/200 iter 1000/1250  mem: 520.4/1398.3MB
Sampling M_1/200 iter 1100/1250  mem: 352.1/1398.3MB
Sampling M_1/200 iter 1200/1250  mem: 192.5/1398.3MB
done building BART in 1.346 sec 

burning and aggregating chains from all threads... done
.original model_matrix
             X1         X2         X3         X4          X5 y_remaining
1  0.2772497942 0.32936451 0.74482120 0.06056465 0.910369427   10.130978
2  0.0005183129 0.29856310 0.71096294 0.66540477 0.413055268    8.271053
3  0.5106083730 0.59624470 0.95073257 0.23416590 0.149202441   15.734585
4  0.0140479084 0.20180156 0.42057755 0.04955610 0.095354668    2.120327
5  0.0646897766 0.72467324 0.10458201 0.21251019 0.881572883   10.202158
6  0.9548492255 0.91327399 0.38729844 0.15141651 0.985489626   11.220438
7  0.0864958912 0.45222545 0.81085199 0.98056216 0.002538507   12.219937
8  0.2899750092 0.17667337 0.22114274 0.73014632 0.128496305   11.362090
9  0.8806991728 0.01923819 0.77112307 0.97978159 0.850970106   15.959541
10 0.1232162013 0.68761857 0.14000740 0.77120509 0.862428385   15.672705
11 0.1751129227 0.72093642 0.50348734 0.78412760 0.586244208   15.515090
12 0.4407502718 0.92877779 0.03701096 0.71597488 0.002863033   21.876839
13 0.9071829736 0.68771770 0.35887472 0.57176558 0.735468234   18.969965
14 0.8510418669 0.58996329 0.19983229 0.03890607 0.964608290   16.743682
15 0.7339874927 0.15706440 0.29819457 0.24844935 0.168959155    8.157556
Building BART for regression ...
building BART with mem-cache speedup
Sampling M_1/200 iter 100/1250  mem: 283.3/1398.3MB
Sampling M_1/200 iter 200/1250  mem: 113.4/1398.3MB
Sampling M_1/200 iter 300/1250  mem: 384/1398.3MB
Sampling M_1/200 iter 400/1250  mem: 205.4/1398.3MB
Sampling M_1/200 iter 500/1250  mem: 475.9/1398.3MB
Sampling M_1/200 iter 600/1250  mem: 307.9/1398.3MB
Sampling M_1/200 iter 700/1250  mem: 148.5/1398.3MB
Sampling M_1/200 iter 800/1250  mem: 410.7/1398.3MB
Sampling M_1/200 iter 900/1250  mem: 241.7/1398.3MB
Sampling M_1/200 iter 1000/1250  mem: 503.8/1398.3MB
Sampling M_1/200 iter 1100/1250  mem: 344.9/1398.3MB
Sampling M_1/200 iter 1200/1250  mem: 176.9/1398.3MB
done building BART in 1.364 sec 

burning and aggregating chains from all threads... done
.original model_matrix
             X1         X2         X3         X4          X5 y_remaining
1  0.2772497942 0.32936451 0.74482120 0.06056465 0.910369427   10.130978
2  0.0005183129 0.29856310 0.71096294 0.66540477 0.413055268    8.271053
3  0.5106083730 0.59624470 0.95073257 0.23416590 0.149202441   15.734585
4  0.0140479084 0.20180156 0.42057755 0.04955610 0.095354668    2.120327
5  0.0646897766 0.72467324 0.10458201 0.21251019 0.881572883   10.202158
6  0.9548492255 0.91327399 0.38729844 0.15141651 0.985489626   11.220438
7  0.0864958912 0.45222545 0.81085199 0.98056216 0.002538507   12.219937
8  0.2899750092 0.17667337 0.22114274 0.73014632 0.128496305   11.362090
9  0.8806991728 0.01923819 0.77112307 0.97978159 0.850970106   15.959541
10 0.1232162013 0.68761857 0.14000740 0.77120509 0.862428385   15.672705
11 0.1751129227 0.72093642 0.50348734 0.78412760 0.586244208   15.515090
12 0.4407502718 0.92877779 0.03701096 0.71597488 0.002863033   21.876839
13 0.9071829736 0.68771770 0.35887472 0.57176558 0.735468234   18.969965
14 0.8510418669 0.58996329 0.19983229 0.03890607 0.964608290   16.743682
15 0.7339874927 0.15706440 0.29819457 0.24844935 0.168959155    8.157556
Building BART for regression ...
building BART with mem-cache speedup
Sampling M_1/200 iter 100/1250  mem: 281.9/1398.3MB
Sampling M_1/200 iter 200/1250  mem: 112.6/1398.3MB
Sampling M_1/200 iter 300/1250  mem: 374.7/1398.3MB
Sampling M_1/200 iter 400/1250  mem: 204.1/1398.3MB
Sampling M_1/200 iter 500/1250  mem: 475.3/1398.3MB
Sampling M_1/200 iter 600/1250  mem: 306.5/1398.3MB
Sampling M_1/200 iter 700/1250  mem: 146.8/1398.3MB
Sampling M_1/200 iter 800/1250  mem: 417.7/1398.3MB
Sampling M_1/200 iter 900/1250  mem: 248.4/1398.3MB
Sampling M_1/200 iter 1000/1250  mem: 519.6/1398.3MB
Sampling M_1/200 iter 1100/1250  mem: 350.1/1398.3MB
Sampling M_1/200 iter 1200/1250  mem: 190.6/1398.3MB
done building BART in 1.358 sec 

burning and aggregating chains from all threads... done

  BART CV try: k: 2 nu, q: 10, 0.75 m: 50 
.original model_matrix
          X1         X2        X3        X4         X5 y_remaining
41 0.2474559 0.99310182 0.5542667 0.6401215 0.05952578   13.011812
42 0.2150112 0.51892344 0.5154234 0.4324275 0.28233534   10.204374
43 0.4936738 0.26108993 0.6428065 0.1782642 0.77299296    9.528524
44 0.6534460 0.96443223 0.5907776 0.6158531 0.62696702   18.894179
45 0.3290258 0.88712686 0.6429595 0.1589093 0.59625177   12.863446
46 0.8638878 0.61116916 0.5242994 0.6354631 0.25957025   17.353444
47 0.6377899 0.76150846 0.3369554 0.3907155 0.75848997   17.897932
48 0.0137806 0.85315316 0.6005188 0.2808665 0.88809013    8.354677
49 0.5291648 0.41971689 0.1841739 0.5610969 0.73535454   19.156620
50 0.8343630 0.08832731 0.1448730 0.5588130 0.84317421   16.340615
51 0.5028559 0.92091310 0.4898998 0.1342521 0.10805705   11.197609
52 0.5977608 0.27478937 0.1525171 0.8968158 0.36059255   17.788988
53 0.4255951 0.90126747 0.5098983 0.4485877 0.37403856   16.921270
54 0.3122046 0.17638463 0.1440288 0.9553507 0.39749995   13.282728
55 0.2219272 0.72088507 0.7126025 0.9019496 0.17043762   14.350998
Building BART for regression ...
building BART with mem-cache speedup
Sampling M_1/50 iter 100/1250  mem: 74.4/1398.3MB
Sampling M_1/50 iter 200/1250  mem: 146.9/1398.3MB
Sampling M_1/50 iter 300/1250  mem: 210.2/1398.3MB
Sampling M_1/50 iter 400/1250  mem: 273.6/1398.3MB
Sampling M_1/50 iter 500/1250  mem: 346/1398.3MB
Sampling M_1/50 iter 600/1250  mem: 409.3/1398.3MB
Sampling M_1/50 iter 700/1250  mem: 44.7/1398.3MB
Sampling M_1/50 iter 800/1250  mem: 108.2/1398.3MB
Sampling M_1/50 iter 900/1250  mem: 180.7/1398.3MB
Sampling M_1/50 iter 1000/1250  mem: 244.2/1398.3MB
Sampling M_1/50 iter 1100/1250  mem: 307.7/1398.3MB
Sampling M_1/50 iter 1200/1250  mem: 380.3/1398.3MB
done building BART in 0.311 sec 

burning and aggregating chains from all threads... done
.original model_matrix
             X1         X2         X3         X4          X5 y_remaining
1  0.2772497942 0.32936451 0.74482120 0.06056465 0.910369427   10.130978
2  0.0005183129 0.29856310 0.71096294 0.66540477 0.413055268    8.271053
3  0.5106083730 0.59624470 0.95073257 0.23416590 0.149202441   15.734585
4  0.0140479084 0.20180156 0.42057755 0.04955610 0.095354668    2.120327
5  0.0646897766 0.72467324 0.10458201 0.21251019 0.881572883   10.202158
6  0.9548492255 0.91327399 0.38729844 0.15141651 0.985489626   11.220438
7  0.0864958912 0.45222545 0.81085199 0.98056216 0.002538507   12.219937
8  0.2899750092 0.17667337 0.22114274 0.73014632 0.128496305   11.362090
9  0.8806991728 0.01923819 0.77112307 0.97978159 0.850970106   15.959541
10 0.1232162013 0.68761857 0.14000740 0.77120509 0.862428385   15.672705
11 0.1751129227 0.72093642 0.50348734 0.78412760 0.586244208   15.515090
12 0.4407502718 0.92877779 0.03701096 0.71597488 0.002863033   21.876839
13 0.9071829736 0.68771770 0.35887472 0.57176558 0.735468234   18.969965
14 0.8510418669 0.58996329 0.19983229 0.03890607 0.964608290   16.743682
15 0.7339874927 0.15706440 0.29819457 0.24844935 0.168959155    8.157556
Building BART for regression ...
building BART with mem-cache speedup
Sampling M_1/50 iter 100/1250  mem: 75/1398.3MB
Sampling M_1/50 iter 200/1250  mem: 147.5/1398.3MB
Sampling M_1/50 iter 300/1250  mem: 211/1398.3MB
Sampling M_1/50 iter 400/1250  mem: 283.6/1398.3MB
Sampling M_1/50 iter 500/1250  mem: 347.1/1398.3MB
Sampling M_1/50 iter 600/1250  mem: 410.6/1398.3MB
Sampling M_1/50 iter 700/1250  mem: 44.6/1398.3MB
Sampling M_1/50 iter 800/1250  mem: 108.1/1398.3MB
Sampling M_1/50 iter 900/1250  mem: 180.6/1398.3MB
Sampling M_1/50 iter 1000/1250  mem: 244.1/1398.3MB
Sampling M_1/50 iter 1100/1250  mem: 307.6/1398.3MB
Sampling M_1/50 iter 1200/1250  mem: 380.2/1398.3MB
done building BART in 0.31 sec 

burning and aggregating chains from all threads... done
.original model_matrix
             X1         X2         X3         X4          X5 y_remaining
1  0.2772497942 0.32936451 0.74482120 0.06056465 0.910369427   10.130978
2  0.0005183129 0.29856310 0.71096294 0.66540477 0.413055268    8.271053
3  0.5106083730 0.59624470 0.95073257 0.23416590 0.149202441   15.734585
4  0.0140479084 0.20180156 0.42057755 0.04955610 0.095354668    2.120327
5  0.0646897766 0.72467324 0.10458201 0.21251019 0.881572883   10.202158
6  0.9548492255 0.91327399 0.38729844 0.15141651 0.985489626   11.220438
7  0.0864958912 0.45222545 0.81085199 0.98056216 0.002538507   12.219937
8  0.2899750092 0.17667337 0.22114274 0.73014632 0.128496305   11.362090
9  0.8806991728 0.01923819 0.77112307 0.97978159 0.850970106   15.959541
10 0.1232162013 0.68761857 0.14000740 0.77120509 0.862428385   15.672705
11 0.1751129227 0.72093642 0.50348734 0.78412760 0.586244208   15.515090
12 0.4407502718 0.92877779 0.03701096 0.71597488 0.002863033   21.876839
13 0.9071829736 0.68771770 0.35887472 0.57176558 0.735468234   18.969965
14 0.8510418669 0.58996329 0.19983229 0.03890607 0.964608290   16.743682
15 0.7339874927 0.15706440 0.29819457 0.24844935 0.168959155    8.157556
Building BART for regression ...
building BART with mem-cache speedup
Sampling M_1/50 iter 100/1250  mem: 75.3/1398.3MB
Sampling M_1/50 iter 200/1250  mem: 147.9/1398.3MB
Sampling M_1/50 iter 300/1250  mem: 211.4/1398.3MB
Sampling M_1/50 iter 400/1250  mem: 274.9/1398.3MB
Sampling M_1/50 iter 500/1250  mem: 347.4/1398.3MB
Sampling M_1/50 iter 600/1250  mem: 410.9/1398.3MB
Sampling M_1/50 iter 700/1250  mem: 45.2/1398.3MB
Sampling M_1/50 iter 800/1250  mem: 108.8/1398.3MB
Sampling M_1/50 iter 900/1250  mem: 172.4/1398.3MB
Sampling M_1/50 iter 1000/1250  mem: 245/1398.3MB
Sampling M_1/50 iter 1100/1250  mem: 308.6/1398.3MB
Sampling M_1/50 iter 1200/1250  mem: 372.2/1398.3MB
done building BART in 0.311 sec 

burning and aggregating chains from all threads... done
.original model_matrix
             X1         X2         X3         X4          X5 y_remaining
1  0.2772497942 0.32936451 0.74482120 0.06056465 0.910369427   10.130978
2  0.0005183129 0.29856310 0.71096294 0.66540477 0.413055268    8.271053
3  0.5106083730 0.59624470 0.95073257 0.23416590 0.149202441   15.734585
4  0.0140479084 0.20180156 0.42057755 0.04955610 0.095354668    2.120327
5  0.0646897766 0.72467324 0.10458201 0.21251019 0.881572883   10.202158
6  0.9548492255 0.91327399 0.38729844 0.15141651 0.985489626   11.220438
7  0.0864958912 0.45222545 0.81085199 0.98056216 0.002538507   12.219937
8  0.2899750092 0.17667337 0.22114274 0.73014632 0.128496305   11.362090
9  0.8806991728 0.01923819 0.77112307 0.97978159 0.850970106   15.959541
10 0.1232162013 0.68761857 0.14000740 0.77120509 0.862428385   15.672705
11 0.1751129227 0.72093642 0.50348734 0.78412760 0.586244208   15.515090
12 0.4407502718 0.92877779 0.03701096 0.71597488 0.002863033   21.876839
13 0.9071829736 0.68771770 0.35887472 0.57176558 0.735468234   18.969965
14 0.8510418669 0.58996329 0.19983229 0.03890607 0.964608290   16.743682
15 0.7339874927 0.15706440 0.29819457 0.24844935 0.168959155    8.157556
Building BART for regression ...
building BART with mem-cache speedup
Sampling M_1/50 iter 100/1250  mem: 75.7/1398.3MB
Sampling M_1/50 iter 200/1250  mem: 139.3/1398.3MB
Sampling M_1/50 iter 300/1250  mem: 211.9/1398.3MB
Sampling M_1/50 iter 400/1250  mem: 275.5/1398.3MB
Sampling M_1/50 iter 500/1250  mem: 348.2/1398.3MB
Sampling M_1/50 iter 600/1250  mem: 411.7/1398.3MB
Sampling M_1/50 iter 700/1250  mem: 36.9/1398.3MB
Sampling M_1/50 iter 800/1250  mem: 109.8/1398.3MB
Sampling M_1/50 iter 900/1250  mem: 173.6/1398.3MB
Sampling M_1/50 iter 1000/1250  mem: 237.4/1398.3MB
Sampling M_1/50 iter 1100/1250  mem: 310.3/1398.3MB
Sampling M_1/50 iter 1200/1250  mem: 374.1/1398.3MB
done building BART in 0.308 sec 

burning and aggregating chains from all threads... done
.original model_matrix
             X1         X2         X3         X4          X5 y_remaining
1  0.2772497942 0.32936451 0.74482120 0.06056465 0.910369427   10.130978
2  0.0005183129 0.29856310 0.71096294 0.66540477 0.413055268    8.271053
3  0.5106083730 0.59624470 0.95073257 0.23416590 0.149202441   15.734585
4  0.0140479084 0.20180156 0.42057755 0.04955610 0.095354668    2.120327
5  0.0646897766 0.72467324 0.10458201 0.21251019 0.881572883   10.202158
6  0.9548492255 0.91327399 0.38729844 0.15141651 0.985489626   11.220438
7  0.0864958912 0.45222545 0.81085199 0.98056216 0.002538507   12.219937
8  0.2899750092 0.17667337 0.22114274 0.73014632 0.128496305   11.362090
9  0.8806991728 0.01923819 0.77112307 0.97978159 0.850970106   15.959541
10 0.1232162013 0.68761857 0.14000740 0.77120509 0.862428385   15.672705
11 0.1751129227 0.72093642 0.50348734 0.78412760 0.586244208   15.515090
12 0.4407502718 0.92877779 0.03701096 0.71597488 0.002863033   21.876839
13 0.9071829736 0.68771770 0.35887472 0.57176558 0.735468234   18.969965
14 0.8510418669 0.58996329 0.19983229 0.03890607 0.964608290   16.743682
15 0.7339874927 0.15706440 0.29819457 0.24844935 0.168959155    8.157556
Building BART for regression ...
building BART with mem-cache speedup
Sampling M_1/50 iter 100/1250  mem: 76.3/1398.3MB
Sampling M_1/50 iter 200/1250  mem: 140.1/1398.3MB
Sampling M_1/50 iter 300/1250  mem: 213/1398.3MB
Sampling M_1/50 iter 400/1250  mem: 276.8/1398.3MB
Sampling M_1/50 iter 500/1250  mem: 349.7/1398.3MB
Sampling M_1/50 iter 600/1250  mem: 413.5/1398.3MB
Sampling M_1/50 iter 700/1250  mem: 37.2/1398.3MB
Sampling M_1/50 iter 800/1250  mem: 110.2/1398.3MB
Sampling M_1/50 iter 900/1250  mem: 174.2/1398.3MB
Sampling M_1/50 iter 1000/1250  mem: 238.1/1398.3MB
Sampling M_1/50 iter 1100/1250  mem: 311.2/1398.3MB
Sampling M_1/50 iter 1200/1250  mem: 375.1/1398.3MB
done building BART in 0.313 sec 

burning and aggregating chains from all threads... done

  BART CV try: k: 2 nu, q: 10, 0.75 m: 200 
.original model_matrix
          X1         X2        X3        X4         X5 y_remaining
41 0.2474559 0.99310182 0.5542667 0.6401215 0.05952578   13.011812
42 0.2150112 0.51892344 0.5154234 0.4324275 0.28233534   10.204374
43 0.4936738 0.26108993 0.6428065 0.1782642 0.77299296    9.528524
44 0.6534460 0.96443223 0.5907776 0.6158531 0.62696702   18.894179
45 0.3290258 0.88712686 0.6429595 0.1589093 0.59625177   12.863446
46 0.8638878 0.61116916 0.5242994 0.6354631 0.25957025   17.353444
47 0.6377899 0.76150846 0.3369554 0.3907155 0.75848997   17.897932
48 0.0137806 0.85315316 0.6005188 0.2808665 0.88809013    8.354677
49 0.5291648 0.41971689 0.1841739 0.5610969 0.73535454   19.156620
50 0.8343630 0.08832731 0.1448730 0.5588130 0.84317421   16.340615
51 0.5028559 0.92091310 0.4898998 0.1342521 0.10805705   11.197609
52 0.5977608 0.27478937 0.1525171 0.8968158 0.36059255   17.788988
53 0.4255951 0.90126747 0.5098983 0.4485877 0.37403856   16.921270
54 0.3122046 0.17638463 0.1440288 0.9553507 0.39749995   13.282728
55 0.2219272 0.72088507 0.7126025 0.9019496 0.17043762   14.350998
Building BART for regression ...
building BART with mem-cache speedup
Sampling M_1/200 iter 100/1250  mem: 286.9/1398.3MB
Sampling M_1/200 iter 200/1250  mem: 114.4/1398.3MB
Sampling M_1/200 iter 300/1250  mem: 389.4/1398.3MB
Sampling M_1/200 iter 400/1250  mem: 208/1398.3MB
Sampling M_1/200 iter 500/1250  mem: 482.9/1398.3MB
Sampling M_1/200 iter 600/1250  mem: 311.1/1398.3MB
Sampling M_1/200 iter 700/1250  mem: 146.9/1398.3MB
Sampling M_1/200 iter 800/1250  mem: 414/1398.3MB
Sampling M_1/200 iter 900/1250  mem: 248.3/1398.3MB
Sampling M_1/200 iter 1000/1250  mem: 521.3/1398.3MB
Sampling M_1/200 iter 1100/1250  mem: 358.7/1398.3MB
Sampling M_1/200 iter 1200/1250  mem: 196.4/1398.3MB
done building BART in 1.402 sec 

burning and aggregating chains from all threads... done
.original model_matrix
             X1         X2         X3         X4          X5 y_remaining
1  0.2772497942 0.32936451 0.74482120 0.06056465 0.910369427   10.130978
2  0.0005183129 0.29856310 0.71096294 0.66540477 0.413055268    8.271053
3  0.5106083730 0.59624470 0.95073257 0.23416590 0.149202441   15.734585
4  0.0140479084 0.20180156 0.42057755 0.04955610 0.095354668    2.120327
5  0.0646897766 0.72467324 0.10458201 0.21251019 0.881572883   10.202158
6  0.9548492255 0.91327399 0.38729844 0.15141651 0.985489626   11.220438
7  0.0864958912 0.45222545 0.81085199 0.98056216 0.002538507   12.219937
8  0.2899750092 0.17667337 0.22114274 0.73014632 0.128496305   11.362090
9  0.8806991728 0.01923819 0.77112307 0.97978159 0.850970106   15.959541
10 0.1232162013 0.68761857 0.14000740 0.77120509 0.862428385   15.672705
11 0.1751129227 0.72093642 0.50348734 0.78412760 0.586244208   15.515090
12 0.4407502718 0.92877779 0.03701096 0.71597488 0.002863033   21.876839
13 0.9071829736 0.68771770 0.35887472 0.57176558 0.735468234   18.969965
14 0.8510418669 0.58996329 0.19983229 0.03890607 0.964608290   16.743682
15 0.7339874927 0.15706440 0.29819457 0.24844935 0.168959155    8.157556
Building BART for regression ...
building BART with mem-cache speedup
Sampling M_1/200 iter 100/1250  mem: 282/1398.3MB
Sampling M_1/200 iter 200/1250  mem: 111.5/1398.3MB
Sampling M_1/200 iter 300/1250  mem: 383.3/1398.3MB
Sampling M_1/200 iter 400/1250  mem: 212.5/1398.3MB
Sampling M_1/200 iter 500/1250  mem: 50.8/1398.3MB
Sampling M_1/200 iter 600/1250  mem: 325.2/1398.3MB
Sampling M_1/200 iter 700/1250  mem: 162.4/1398.3MB
Sampling M_1/200 iter 800/1250  mem: 427.6/1398.3MB
Sampling M_1/200 iter 900/1250  mem: 263.6/1398.3MB
Sampling M_1/200 iter 1000/1250  mem: 536/1398.3MB
Sampling M_1/200 iter 1100/1250  mem: 374.3/1398.3MB
Sampling M_1/200 iter 1200/1250  mem: 211.8/1398.3MB
done building BART in 1.413 sec 

burning and aggregating chains from all threads... done
.original model_matrix
             X1         X2         X3         X4          X5 y_remaining
1  0.2772497942 0.32936451 0.74482120 0.06056465 0.910369427   10.130978
2  0.0005183129 0.29856310 0.71096294 0.66540477 0.413055268    8.271053
3  0.5106083730 0.59624470 0.95073257 0.23416590 0.149202441   15.734585
4  0.0140479084 0.20180156 0.42057755 0.04955610 0.095354668    2.120327
5  0.0646897766 0.72467324 0.10458201 0.21251019 0.881572883   10.202158
6  0.9548492255 0.91327399 0.38729844 0.15141651 0.985489626   11.220438
7  0.0864958912 0.45222545 0.81085199 0.98056216 0.002538507   12.219937
8  0.2899750092 0.17667337 0.22114274 0.73014632 0.128496305   11.362090
9  0.8806991728 0.01923819 0.77112307 0.97978159 0.850970106   15.959541
10 0.1232162013 0.68761857 0.14000740 0.77120509 0.862428385   15.672705
11 0.1751129227 0.72093642 0.50348734 0.78412760 0.586244208   15.515090
12 0.4407502718 0.92877779 0.03701096 0.71597488 0.002863033   21.876839
13 0.9071829736 0.68771770 0.35887472 0.57176558 0.735468234   18.969965
14 0.8510418669 0.58996329 0.19983229 0.03890607 0.964608290   16.743682
15 0.7339874927 0.15706440 0.29819457 0.24844935 0.168959155    8.157556
Building BART for regression ...
building BART with mem-cache speedup
Sampling M_1/200 iter 100/1250  mem: 283.6/1398.3MB
Sampling M_1/200 iter 200/1250  mem: 112.6/1398.3MB
Sampling M_1/200 iter 300/1250  mem: 385.4/1398.3MB
Sampling M_1/200 iter 400/1250  mem: 213.8/1398.3MB
Sampling M_1/200 iter 500/1250  mem: 477.4/1398.3MB
Sampling M_1/200 iter 600/1250  mem: 315.8/1398.3MB
Sampling M_1/200 iter 700/1250  mem: 153.4/1398.3MB
Sampling M_1/200 iter 800/1250  mem: 427.2/1398.3MB
Sampling M_1/200 iter 900/1250  mem: 256.2/1398.3MB
Sampling M_1/200 iter 1000/1250  mem: 530.6/1398.3MB
Sampling M_1/200 iter 1100/1250  mem: 367.8/1398.3MB
Sampling M_1/200 iter 1200/1250  mem: 195.4/1398.3MB
done building BART in 1.396 sec 

burning and aggregating chains from all threads... done
.original model_matrix
             X1         X2         X3         X4          X5 y_remaining
1  0.2772497942 0.32936451 0.74482120 0.06056465 0.910369427   10.130978
2  0.0005183129 0.29856310 0.71096294 0.66540477 0.413055268    8.271053
3  0.5106083730 0.59624470 0.95073257 0.23416590 0.149202441   15.734585
4  0.0140479084 0.20180156 0.42057755 0.04955610 0.095354668    2.120327
5  0.0646897766 0.72467324 0.10458201 0.21251019 0.881572883   10.202158
6  0.9548492255 0.91327399 0.38729844 0.15141651 0.985489626   11.220438
7  0.0864958912 0.45222545 0.81085199 0.98056216 0.002538507   12.219937
8  0.2899750092 0.17667337 0.22114274 0.73014632 0.128496305   11.362090
9  0.8806991728 0.01923819 0.77112307 0.97978159 0.850970106   15.959541
10 0.1232162013 0.68761857 0.14000740 0.77120509 0.862428385   15.672705
11 0.1751129227 0.72093642 0.50348734 0.78412760 0.586244208   15.515090
12 0.4407502718 0.92877779 0.03701096 0.71597488 0.002863033   21.876839
13 0.9071829736 0.68771770 0.35887472 0.57176558 0.735468234   18.969965
14 0.8510418669 0.58996329 0.19983229 0.03890607 0.964608290   16.743682
15 0.7339874927 0.15706440 0.29819457 0.24844935 0.168959155    8.157556
Building BART for regression ...
building BART with mem-cache speedup
Sampling M_1/200 iter 100/1250  mem: 285.2/1398.3MB
Sampling M_1/200 iter 200/1250  mem: 113/1398.3MB
Sampling M_1/200 iter 300/1250  mem: 377.9/1398.3MB
Sampling M_1/200 iter 400/1250  mem: 205.3/1398.3MB
Sampling M_1/200 iter 500/1250  mem: 479.3/1398.3MB
Sampling M_1/200 iter 600/1250  mem: 317.1/1398.3MB
Sampling M_1/200 iter 700/1250  mem: 145.5/1398.3MB
Sampling M_1/200 iter 800/1250  mem: 419.8/1398.3MB
Sampling M_1/200 iter 900/1250  mem: 256.6/1398.3MB
Sampling M_1/200 iter 1000/1250  mem: 521.8/1398.3MB
Sampling M_1/200 iter 1100/1250  mem: 358.8/1398.3MB
Sampling M_1/200 iter 1200/1250  mem: 196/1398.3MB
done building BART in 1.391 sec 

burning and aggregating chains from all threads... done
.original model_matrix
             X1         X2         X3         X4          X5 y_remaining
1  0.2772497942 0.32936451 0.74482120 0.06056465 0.910369427   10.130978
2  0.0005183129 0.29856310 0.71096294 0.66540477 0.413055268    8.271053
3  0.5106083730 0.59624470 0.95073257 0.23416590 0.149202441   15.734585
4  0.0140479084 0.20180156 0.42057755 0.04955610 0.095354668    2.120327
5  0.0646897766 0.72467324 0.10458201 0.21251019 0.881572883   10.202158
6  0.9548492255 0.91327399 0.38729844 0.15141651 0.985489626   11.220438
7  0.0864958912 0.45222545 0.81085199 0.98056216 0.002538507   12.219937
8  0.2899750092 0.17667337 0.22114274 0.73014632 0.128496305   11.362090
9  0.8806991728 0.01923819 0.77112307 0.97978159 0.850970106   15.959541
10 0.1232162013 0.68761857 0.14000740 0.77120509 0.862428385   15.672705
11 0.1751129227 0.72093642 0.50348734 0.78412760 0.586244208   15.515090
12 0.4407502718 0.92877779 0.03701096 0.71597488 0.002863033   21.876839
13 0.9071829736 0.68771770 0.35887472 0.57176558 0.735468234   18.969965
14 0.8510418669 0.58996329 0.19983229 0.03890607 0.964608290   16.743682
15 0.7339874927 0.15706440 0.29819457 0.24844935 0.168959155    8.157556
Building BART for regression ...
building BART with mem-cache speedup
Sampling M_1/200 iter 100/1250  mem: 286.2/1398.3MB
Sampling M_1/200 iter 200/1250  mem: 113.6/1398.3MB
Sampling M_1/200 iter 300/1250  mem: 378.8/1398.3MB
Sampling M_1/200 iter 400/1250  mem: 205.9/1398.3MB
Sampling M_1/200 iter 500/1250  mem: 480.2/1398.3MB
Sampling M_1/200 iter 600/1250  mem: 308.4/1398.3MB
Sampling M_1/200 iter 700/1250  mem: 144.5/1398.3MB
Sampling M_1/200 iter 800/1250  mem: 419.4/1398.3MB
Sampling M_1/200 iter 900/1250  mem: 247.4/1398.3MB
Sampling M_1/200 iter 1000/1250  mem: 522.3/1398.3MB
Sampling M_1/200 iter 1100/1250  mem: 358.7/1398.3MB
Sampling M_1/200 iter 1200/1250  mem: 186.4/1398.3MB
done building BART in 1.387 sec 

burning and aggregating chains from all threads... done

  BART CV try: k: 3 nu, q: 3, 0.9 m: 50 
.original model_matrix
          X1         X2        X3        X4         X5 y_remaining
41 0.2474559 0.99310182 0.5542667 0.6401215 0.05952578   13.011812
42 0.2150112 0.51892344 0.5154234 0.4324275 0.28233534   10.204374
43 0.4936738 0.26108993 0.6428065 0.1782642 0.77299296    9.528524
44 0.6534460 0.96443223 0.5907776 0.6158531 0.62696702   18.894179
45 0.3290258 0.88712686 0.6429595 0.1589093 0.59625177   12.863446
46 0.8638878 0.61116916 0.5242994 0.6354631 0.25957025   17.353444
47 0.6377899 0.76150846 0.3369554 0.3907155 0.75848997   17.897932
48 0.0137806 0.85315316 0.6005188 0.2808665 0.88809013    8.354677
49 0.5291648 0.41971689 0.1841739 0.5610969 0.73535454   19.156620
50 0.8343630 0.08832731 0.1448730 0.5588130 0.84317421   16.340615
51 0.5028559 0.92091310 0.4898998 0.1342521 0.10805705   11.197609
52 0.5977608 0.27478937 0.1525171 0.8968158 0.36059255   17.788988
53 0.4255951 0.90126747 0.5098983 0.4485877 0.37403856   16.921270
54 0.3122046 0.17638463 0.1440288 0.9553507 0.39749995   13.282728
55 0.2219272 0.72088507 0.7126025 0.9019496 0.17043762   14.350998
Building BART for regression ...
building BART with mem-cache speedup
Sampling M_1/50 iter 100/1250  mem: 76.4/1398.3MB
Sampling M_1/50 iter 200/1250  mem: 140.5/1398.3MB
Sampling M_1/50 iter 300/1250  mem: 213.9/1398.3MB
Sampling M_1/50 iter 400/1250  mem: 278/1398.3MB
Sampling M_1/50 iter 500/1250  mem: 342.2/1398.3MB
Sampling M_1/50 iter 600/1250  mem: 415.5/1398.3MB
Sampling M_1/50 iter 700/1250  mem: 37.9/1398.3MB
Sampling M_1/50 iter 800/1250  mem: 102.1/1398.3MB
Sampling M_1/50 iter 900/1250  mem: 175.4/1398.3MB
Sampling M_1/50 iter 1000/1250  mem: 239.6/1398.3MB
Sampling M_1/50 iter 1100/1250  mem: 303.7/1398.3MB
Sampling M_1/50 iter 1200/1250  mem: 377/1398.3MB
done building BART in 0.307 sec 

burning and aggregating chains from all threads... done
.original model_matrix
             X1         X2         X3         X4          X5 y_remaining
1  0.2772497942 0.32936451 0.74482120 0.06056465 0.910369427   10.130978
2  0.0005183129 0.29856310 0.71096294 0.66540477 0.413055268    8.271053
3  0.5106083730 0.59624470 0.95073257 0.23416590 0.149202441   15.734585
4  0.0140479084 0.20180156 0.42057755 0.04955610 0.095354668    2.120327
5  0.0646897766 0.72467324 0.10458201 0.21251019 0.881572883   10.202158
6  0.9548492255 0.91327399 0.38729844 0.15141651 0.985489626   11.220438
7  0.0864958912 0.45222545 0.81085199 0.98056216 0.002538507   12.219937
8  0.2899750092 0.17667337 0.22114274 0.73014632 0.128496305   11.362090
9  0.8806991728 0.01923819 0.77112307 0.97978159 0.850970106   15.959541
10 0.1232162013 0.68761857 0.14000740 0.77120509 0.862428385   15.672705
11 0.1751129227 0.72093642 0.50348734 0.78412760 0.586244208   15.515090
12 0.4407502718 0.92877779 0.03701096 0.71597488 0.002863033   21.876839
13 0.9071829736 0.68771770 0.35887472 0.57176558 0.735468234   18.969965
14 0.8510418669 0.58996329 0.19983229 0.03890607 0.964608290   16.743682
15 0.7339874927 0.15706440 0.29819457 0.24844935 0.168959155    8.157556
Building BART for regression ...
building BART with mem-cache speedup
Sampling M_1/50 iter 100/1250  mem: 76.7/1398.3MB
Sampling M_1/50 iter 200/1250  mem: 140.9/1398.3MB
Sampling M_1/50 iter 300/1250  mem: 214.2/1398.3MB
Sampling M_1/50 iter 400/1250  mem: 278.4/1398.3MB
Sampling M_1/50 iter 500/1250  mem: 342.5/1398.3MB
Sampling M_1/50 iter 600/1250  mem: 406.7/1398.3MB
Sampling M_1/50 iter 700/1250  mem: 38.5/1398.3MB
Sampling M_1/50 iter 800/1250  mem: 102.7/1398.3MB
Sampling M_1/50 iter 900/1250  mem: 167/1398.3MB
Sampling M_1/50 iter 1000/1250  mem: 240.4/1398.3MB
Sampling M_1/50 iter 1100/1250  mem: 304.6/1398.3MB
Sampling M_1/50 iter 1200/1250  mem: 368.8/1398.3MB
done building BART in 0.307 sec 

burning and aggregating chains from all threads... done
.original model_matrix
             X1         X2         X3         X4          X5 y_remaining
1  0.2772497942 0.32936451 0.74482120 0.06056465 0.910369427   10.130978
2  0.0005183129 0.29856310 0.71096294 0.66540477 0.413055268    8.271053
3  0.5106083730 0.59624470 0.95073257 0.23416590 0.149202441   15.734585
4  0.0140479084 0.20180156 0.42057755 0.04955610 0.095354668    2.120327
5  0.0646897766 0.72467324 0.10458201 0.21251019 0.881572883   10.202158
6  0.9548492255 0.91327399 0.38729844 0.15141651 0.985489626   11.220438
7  0.0864958912 0.45222545 0.81085199 0.98056216 0.002538507   12.219937
8  0.2899750092 0.17667337 0.22114274 0.73014632 0.128496305   11.362090
9  0.8806991728 0.01923819 0.77112307 0.97978159 0.850970106   15.959541
10 0.1232162013 0.68761857 0.14000740 0.77120509 0.862428385   15.672705
11 0.1751129227 0.72093642 0.50348734 0.78412760 0.586244208   15.515090
12 0.4407502718 0.92877779 0.03701096 0.71597488 0.002863033   21.876839
13 0.9071829736 0.68771770 0.35887472 0.57176558 0.735468234   18.969965
14 0.8510418669 0.58996329 0.19983229 0.03890607 0.964608290   16.743682
15 0.7339874927 0.15706440 0.29819457 0.24844935 0.168959155    8.157556
Building BART for regression ...
building BART with mem-cache speedup
Sampling M_1/50 iter 100/1250  mem: 77.1/1398.3MB
Sampling M_1/50 iter 200/1250  mem: 141.4/1398.3MB
Sampling M_1/50 iter 300/1250  mem: 214.8/1398.3MB
Sampling M_1/50 iter 400/1250  mem: 279/1398.3MB
Sampling M_1/50 iter 500/1250  mem: 343.2/1398.3MB
Sampling M_1/50 iter 600/1250  mem: 416.6/1398.3MB
Sampling M_1/50 iter 700/1250  mem: 38.7/1398.3MB
Sampling M_1/50 iter 800/1250  mem: 103/1398.3MB
Sampling M_1/50 iter 900/1250  mem: 176.5/1398.3MB
Sampling M_1/50 iter 1000/1250  mem: 240.8/1398.3MB
Sampling M_1/50 iter 1100/1250  mem: 305.1/1398.3MB
Sampling M_1/50 iter 1200/1250  mem: 369.4/1398.3MB
done building BART in 0.309 sec 

burning and aggregating chains from all threads... done
.original model_matrix
             X1         X2         X3         X4          X5 y_remaining
1  0.2772497942 0.32936451 0.74482120 0.06056465 0.910369427   10.130978
2  0.0005183129 0.29856310 0.71096294 0.66540477 0.413055268    8.271053
3  0.5106083730 0.59624470 0.95073257 0.23416590 0.149202441   15.734585
4  0.0140479084 0.20180156 0.42057755 0.04955610 0.095354668    2.120327
5  0.0646897766 0.72467324 0.10458201 0.21251019 0.881572883   10.202158
6  0.9548492255 0.91327399 0.38729844 0.15141651 0.985489626   11.220438
7  0.0864958912 0.45222545 0.81085199 0.98056216 0.002538507   12.219937
8  0.2899750092 0.17667337 0.22114274 0.73014632 0.128496305   11.362090
9  0.8806991728 0.01923819 0.77112307 0.97978159 0.850970106   15.959541
10 0.1232162013 0.68761857 0.14000740 0.77120509 0.862428385   15.672705
11 0.1751129227 0.72093642 0.50348734 0.78412760 0.586244208   15.515090
12 0.4407502718 0.92877779 0.03701096 0.71597488 0.002863033   21.876839
13 0.9071829736 0.68771770 0.35887472 0.57176558 0.735468234   18.969965
14 0.8510418669 0.58996329 0.19983229 0.03890607 0.964608290   16.743682
15 0.7339874927 0.15706440 0.29819457 0.24844935 0.168959155    8.157556
Building BART for regression ...
building BART with mem-cache speedup
Sampling M_1/50 iter 100/1250  mem: 75.2/1398.3MB
Sampling M_1/50 iter 200/1250  mem: 139.5/1398.3MB
Sampling M_1/50 iter 300/1250  mem: 213/1398.3MB
Sampling M_1/50 iter 400/1250  mem: 277.3/1398.3MB
Sampling M_1/50 iter 500/1250  mem: 341.6/1398.3MB
Sampling M_1/50 iter 600/1250  mem: 415.1/1398.3MB
Sampling M_1/50 iter 700/1250  mem: 36.9/1398.3MB
Sampling M_1/50 iter 800/1250  mem: 101.2/1398.3MB
Sampling M_1/50 iter 900/1250  mem: 165.4/1398.3MB
Sampling M_1/50 iter 1000/1250  mem: 238.8/1398.3MB
Sampling M_1/50 iter 1100/1250  mem: 303/1398.3MB
Sampling M_1/50 iter 1200/1250  mem: 367.3/1398.3MB
done building BART in 0.306 sec 

burning and aggregating chains from all threads... done
.original model_matrix
             X1         X2         X3         X4          X5 y_remaining
1  0.2772497942 0.32936451 0.74482120 0.06056465 0.910369427   10.130978
2  0.0005183129 0.29856310 0.71096294 0.66540477 0.413055268    8.271053
3  0.5106083730 0.59624470 0.95073257 0.23416590 0.149202441   15.734585
4  0.0140479084 0.20180156 0.42057755 0.04955610 0.095354668    2.120327
5  0.0646897766 0.72467324 0.10458201 0.21251019 0.881572883   10.202158
6  0.9548492255 0.91327399 0.38729844 0.15141651 0.985489626   11.220438
7  0.0864958912 0.45222545 0.81085199 0.98056216 0.002538507   12.219937
8  0.2899750092 0.17667337 0.22114274 0.73014632 0.128496305   11.362090
9  0.8806991728 0.01923819 0.77112307 0.97978159 0.850970106   15.959541
10 0.1232162013 0.68761857 0.14000740 0.77120509 0.862428385   15.672705
11 0.1751129227 0.72093642 0.50348734 0.78412760 0.586244208   15.515090
12 0.4407502718 0.92877779 0.03701096 0.71597488 0.002863033   21.876839
13 0.9071829736 0.68771770 0.35887472 0.57176558 0.735468234   18.969965
14 0.8510418669 0.58996329 0.19983229 0.03890607 0.964608290   16.743682
15 0.7339874927 0.15706440 0.29819457 0.24844935 0.168959155    8.157556
Building BART for regression ...
building BART with mem-cache speedup
Sampling M_1/50 iter 100/1250  mem: 75.5/1398.3MB
Sampling M_1/50 iter 200/1250  mem: 148.9/1398.3MB
Sampling M_1/50 iter 300/1250  mem: 213.1/1398.3MB
Sampling M_1/50 iter 400/1250  mem: 277.4/1398.3MB
Sampling M_1/50 iter 500/1250  mem: 350.8/1398.3MB
Sampling M_1/50 iter 600/1250  mem: 415/1398.3MB
Sampling M_1/50 iter 700/1250  mem: 36.5/1398.3MB
Sampling M_1/50 iter 800/1250  mem: 100.8/1398.3MB
Sampling M_1/50 iter 900/1250  mem: 174.2/1398.3MB
Sampling M_1/50 iter 1000/1250  mem: 238.4/1398.3MB
Sampling M_1/50 iter 1100/1250  mem: 302.7/1398.3MB
Sampling M_1/50 iter 1200/1250  mem: 376.1/1398.3MB
done building BART in 0.311 sec 

burning and aggregating chains from all threads... done

  BART CV try: k: 3 nu, q: 3, 0.9 m: 200 
.original model_matrix
          X1         X2        X3        X4         X5 y_remaining
41 0.2474559 0.99310182 0.5542667 0.6401215 0.05952578   13.011812
42 0.2150112 0.51892344 0.5154234 0.4324275 0.28233534   10.204374
43 0.4936738 0.26108993 0.6428065 0.1782642 0.77299296    9.528524
44 0.6534460 0.96443223 0.5907776 0.6158531 0.62696702   18.894179
45 0.3290258 0.88712686 0.6429595 0.1589093 0.59625177   12.863446
46 0.8638878 0.61116916 0.5242994 0.6354631 0.25957025   17.353444
47 0.6377899 0.76150846 0.3369554 0.3907155 0.75848997   17.897932
48 0.0137806 0.85315316 0.6005188 0.2808665 0.88809013    8.354677
49 0.5291648 0.41971689 0.1841739 0.5610969 0.73535454   19.156620
50 0.8343630 0.08832731 0.1448730 0.5588130 0.84317421   16.340615
51 0.5028559 0.92091310 0.4898998 0.1342521 0.10805705   11.197609
52 0.5977608 0.27478937 0.1525171 0.8968158 0.36059255   17.788988
53 0.4255951 0.90126747 0.5098983 0.4485877 0.37403856   16.921270
54 0.3122046 0.17638463 0.1440288 0.9553507 0.39749995   13.282728
55 0.2219272 0.72088507 0.7126025 0.9019496 0.17043762   14.350998
Building BART for regression ...
building BART with mem-cache speedup
Sampling M_1/200 iter 100/1250  mem: 286.9/1398.3MB
Sampling M_1/200 iter 200/1250  mem: 114.2/1398.3MB
Sampling M_1/200 iter 300/1250  mem: 380.6/1398.3MB
Sampling M_1/200 iter 400/1250  mem: 207.5/1398.3MB
Sampling M_1/200 iter 500/1250  mem: 473.9/1398.3MB
Sampling M_1/200 iter 600/1250  mem: 311/1398.3MB
Sampling M_1/200 iter 700/1250  mem: 147/1398.3MB
Sampling M_1/200 iter 800/1250  mem: 414/1398.3MB
Sampling M_1/200 iter 900/1250  mem: 249/1398.3MB
Sampling M_1/200 iter 1000/1250  mem: 521.4/1398.3MB
Sampling M_1/200 iter 1100/1250  mem: 359.6/1398.3MB
Sampling M_1/200 iter 1200/1250  mem: 198.3/1398.3MB
done building BART in 1.405 sec 

burning and aggregating chains from all threads... done
.original model_matrix
             X1         X2         X3         X4          X5 y_remaining
1  0.2772497942 0.32936451 0.74482120 0.06056465 0.910369427   10.130978
2  0.0005183129 0.29856310 0.71096294 0.66540477 0.413055268    8.271053
3  0.5106083730 0.59624470 0.95073257 0.23416590 0.149202441   15.734585
4  0.0140479084 0.20180156 0.42057755 0.04955610 0.095354668    2.120327
5  0.0646897766 0.72467324 0.10458201 0.21251019 0.881572883   10.202158
6  0.9548492255 0.91327399 0.38729844 0.15141651 0.985489626   11.220438
7  0.0864958912 0.45222545 0.81085199 0.98056216 0.002538507   12.219937
8  0.2899750092 0.17667337 0.22114274 0.73014632 0.128496305   11.362090
9  0.8806991728 0.01923819 0.77112307 0.97978159 0.850970106   15.959541
10 0.1232162013 0.68761857 0.14000740 0.77120509 0.862428385   15.672705
11 0.1751129227 0.72093642 0.50348734 0.78412760 0.586244208   15.515090
12 0.4407502718 0.92877779 0.03701096 0.71597488 0.002863033   21.876839
13 0.9071829736 0.68771770 0.35887472 0.57176558 0.735468234   18.969965
14 0.8510418669 0.58996329 0.19983229 0.03890607 0.964608290   16.743682
15 0.7339874927 0.15706440 0.29819457 0.24844935 0.168959155    8.157556
Building BART for regression ...
building BART with mem-cache speedup
Sampling M_1/200 iter 100/1250  mem: 282.3/1398.3MB
Sampling M_1/200 iter 200/1250  mem: 121.9/1398.3MB
Sampling M_1/200 iter 300/1250  mem: 393.1/1398.3MB
Sampling M_1/200 iter 400/1250  mem: 221.7/1398.3MB
Sampling M_1/200 iter 500/1250  mem: 61.3/1398.3MB
Sampling M_1/200 iter 600/1250  mem: 335/1398.3MB
Sampling M_1/200 iter 700/1250  mem: 173.3/1398.3MB
Sampling M_1/200 iter 800/1250  mem: 437.9/1398.3MB
Sampling M_1/200 iter 900/1250  mem: 275.4/1398.3MB
Sampling M_1/200 iter 1000/1250  mem: 114/1398.3MB
Sampling M_1/200 iter 1100/1250  mem: 385.8/1398.3MB
Sampling M_1/200 iter 1200/1250  mem: 225.4/1398.3MB
done building BART in 1.423 sec 

burning and aggregating chains from all threads... done
.original model_matrix
             X1         X2         X3         X4          X5 y_remaining
1  0.2772497942 0.32936451 0.74482120 0.06056465 0.910369427   10.130978
2  0.0005183129 0.29856310 0.71096294 0.66540477 0.413055268    8.271053
3  0.5106083730 0.59624470 0.95073257 0.23416590 0.149202441   15.734585
4  0.0140479084 0.20180156 0.42057755 0.04955610 0.095354668    2.120327
5  0.0646897766 0.72467324 0.10458201 0.21251019 0.881572883   10.202158
6  0.9548492255 0.91327399 0.38729844 0.15141651 0.985489626   11.220438
7  0.0864958912 0.45222545 0.81085199 0.98056216 0.002538507   12.219937
8  0.2899750092 0.17667337 0.22114274 0.73014632 0.128496305   11.362090
9  0.8806991728 0.01923819 0.77112307 0.97978159 0.850970106   15.959541
10 0.1232162013 0.68761857 0.14000740 0.77120509 0.862428385   15.672705
11 0.1751129227 0.72093642 0.50348734 0.78412760 0.586244208   15.515090
12 0.4407502718 0.92877779 0.03701096 0.71597488 0.002863033   21.876839
13 0.9071829736 0.68771770 0.35887472 0.57176558 0.735468234   18.969965
14 0.8510418669 0.58996329 0.19983229 0.03890607 0.964608290   16.743682
15 0.7339874927 0.15706440 0.29819457 0.24844935 0.168959155    8.157556
Building BART for regression ...
building BART with mem-cache speedup
Sampling M_1/200 iter 100/1250  mem: 283.3/1398.3MB
Sampling M_1/200 iter 200/1250  mem: 113.2/1398.3MB
Sampling M_1/200 iter 300/1250  mem: 385/1398.3MB
Sampling M_1/200 iter 400/1250  mem: 213.4/1398.3MB
Sampling M_1/200 iter 500/1250  mem: 52.8/1398.3MB
Sampling M_1/200 iter 600/1250  mem: 325.9/1398.3MB
Sampling M_1/200 iter 700/1250  mem: 163.9/1398.3MB
Sampling M_1/200 iter 800/1250  mem: 437/1398.3MB
Sampling M_1/200 iter 900/1250  mem: 274.9/1398.3MB
Sampling M_1/200 iter 1000/1250  mem: 113.4/1398.3MB
Sampling M_1/200 iter 1100/1250  mem: 385.9/1398.3MB
Sampling M_1/200 iter 1200/1250  mem: 224.7/1398.3MB
done building BART in 1.392 sec 

burning and aggregating chains from all threads... done
.original model_matrix
             X1         X2         X3         X4          X5 y_remaining
1  0.2772497942 0.32936451 0.74482120 0.06056465 0.910369427   10.130978
2  0.0005183129 0.29856310 0.71096294 0.66540477 0.413055268    8.271053
3  0.5106083730 0.59624470 0.95073257 0.23416590 0.149202441   15.734585
4  0.0140479084 0.20180156 0.42057755 0.04955610 0.095354668    2.120327
5  0.0646897766 0.72467324 0.10458201 0.21251019 0.881572883   10.202158
6  0.9548492255 0.91327399 0.38729844 0.15141651 0.985489626   11.220438
7  0.0864958912 0.45222545 0.81085199 0.98056216 0.002538507   12.219937
8  0.2899750092 0.17667337 0.22114274 0.73014632 0.128496305   11.362090
9  0.8806991728 0.01923819 0.77112307 0.97978159 0.850970106   15.959541
10 0.1232162013 0.68761857 0.14000740 0.77120509 0.862428385   15.672705
11 0.1751129227 0.72093642 0.50348734 0.78412760 0.586244208   15.515090
12 0.4407502718 0.92877779 0.03701096 0.71597488 0.002863033   21.876839
13 0.9071829736 0.68771770 0.35887472 0.57176558 0.735468234   18.969965
14 0.8510418669 0.58996329 0.19983229 0.03890607 0.964608290   16.743682
15 0.7339874927 0.15706440 0.29819457 0.24844935 0.168959155    8.157556
Building BART for regression ...
building BART with mem-cache speedup
Sampling M_1/200 iter 100/1250  mem: 284.9/1398.3MB
Sampling M_1/200 iter 200/1250  mem: 113.5/1398.3MB
Sampling M_1/200 iter 300/1250  mem: 386.3/1398.3MB
Sampling M_1/200 iter 400/1250  mem: 214.7/1398.3MB
Sampling M_1/200 iter 500/1250  mem: 53.7/1398.3MB
Sampling M_1/200 iter 600/1250  mem: 326.8/1398.3MB
Sampling M_1/200 iter 700/1250  mem: 165/1398.3MB
Sampling M_1/200 iter 800/1250  mem: 429/1398.3MB
Sampling M_1/200 iter 900/1250  mem: 267.1/1398.3MB
Sampling M_1/200 iter 1000/1250  mem: 540.1/1398.3MB
Sampling M_1/200 iter 1100/1250  mem: 378.4/1398.3MB
Sampling M_1/200 iter 1200/1250  mem: 217.1/1398.3MB
done building BART in 1.413 sec 

burning and aggregating chains from all threads... done
.original model_matrix
             X1         X2         X3         X4          X5 y_remaining
1  0.2772497942 0.32936451 0.74482120 0.06056465 0.910369427   10.130978
2  0.0005183129 0.29856310 0.71096294 0.66540477 0.413055268    8.271053
3  0.5106083730 0.59624470 0.95073257 0.23416590 0.149202441   15.734585
4  0.0140479084 0.20180156 0.42057755 0.04955610 0.095354668    2.120327
5  0.0646897766 0.72467324 0.10458201 0.21251019 0.881572883   10.202158
6  0.9548492255 0.91327399 0.38729844 0.15141651 0.985489626   11.220438
7  0.0864958912 0.45222545 0.81085199 0.98056216 0.002538507   12.219937
8  0.2899750092 0.17667337 0.22114274 0.73014632 0.128496305   11.362090
9  0.8806991728 0.01923819 0.77112307 0.97978159 0.850970106   15.959541
10 0.1232162013 0.68761857 0.14000740 0.77120509 0.862428385   15.672705
11 0.1751129227 0.72093642 0.50348734 0.78412760 0.586244208   15.515090
12 0.4407502718 0.92877779 0.03701096 0.71597488 0.002863033   21.876839
13 0.9071829736 0.68771770 0.35887472 0.57176558 0.735468234   18.969965
14 0.8510418669 0.58996329 0.19983229 0.03890607 0.964608290   16.743682
15 0.7339874927 0.15706440 0.29819457 0.24844935 0.168959155    8.157556
Building BART for regression ...
building BART with mem-cache speedup
Sampling M_1/200 iter 100/1250  mem: 285.9/1398.3MB
Sampling M_1/200 iter 200/1250  mem: 113.7/1398.3MB
Sampling M_1/200 iter 300/1250  mem: 386.8/1398.3MB
Sampling M_1/200 iter 400/1250  mem: 215.3/1398.3MB
Sampling M_1/200 iter 500/1250  mem: 53.4/1398.3MB
Sampling M_1/200 iter 600/1250  mem: 327.1/1398.3MB
Sampling M_1/200 iter 700/1250  mem: 155.8/1398.3MB
Sampling M_1/200 iter 800/1250  mem: 429.5/1398.3MB
Sampling M_1/200 iter 900/1250  mem: 267.1/1398.3MB
Sampling M_1/200 iter 1000/1250  mem: 540.8/1398.3MB
Sampling M_1/200 iter 1100/1250  mem: 378.3/1398.3MB
Sampling M_1/200 iter 1200/1250  mem: 207/1398.3MB
done building BART in 1.393 sec 

burning and aggregating chains from all threads... done

  BART CV try: k: 3 nu, q: 3, 0.99 m: 50 
.original model_matrix
          X1         X2        X3        X4         X5 y_remaining
41 0.2474559 0.99310182 0.5542667 0.6401215 0.05952578   13.011812
42 0.2150112 0.51892344 0.5154234 0.4324275 0.28233534   10.204374
43 0.4936738 0.26108993 0.6428065 0.1782642 0.77299296    9.528524
44 0.6534460 0.96443223 0.5907776 0.6158531 0.62696702   18.894179
45 0.3290258 0.88712686 0.6429595 0.1589093 0.59625177   12.863446
46 0.8638878 0.61116916 0.5242994 0.6354631 0.25957025   17.353444
47 0.6377899 0.76150846 0.3369554 0.3907155 0.75848997   17.897932
48 0.0137806 0.85315316 0.6005188 0.2808665 0.88809013    8.354677
49 0.5291648 0.41971689 0.1841739 0.5610969 0.73535454   19.156620
50 0.8343630 0.08832731 0.1448730 0.5588130 0.84317421   16.340615
51 0.5028559 0.92091310 0.4898998 0.1342521 0.10805705   11.197609
52 0.5977608 0.27478937 0.1525171 0.8968158 0.36059255   17.788988
53 0.4255951 0.90126747 0.5098983 0.4485877 0.37403856   16.921270
54 0.3122046 0.17638463 0.1440288 0.9553507 0.39749995   13.282728
55 0.2219272 0.72088507 0.7126025 0.9019496 0.17043762   14.350998
Building BART for regression ...
building BART with mem-cache speedup
Sampling M_1/50 iter 100/1250  mem: 74.7/1398.3MB
Sampling M_1/50 iter 200/1250  mem: 147.7/1398.3MB
Sampling M_1/50 iter 300/1250  mem: 211.6/1398.3MB
Sampling M_1/50 iter 400/1250  mem: 275.5/1398.3MB
Sampling M_1/50 iter 500/1250  mem: 348.5/1398.3MB
Sampling M_1/50 iter 600/1250  mem: 412.3/1398.3MB
Sampling M_1/50 iter 700/1250  mem: 36.9/1398.3MB
Sampling M_1/50 iter 800/1250  mem: 110/1398.3MB
Sampling M_1/50 iter 900/1250  mem: 174/1398.3MB
Sampling M_1/50 iter 1000/1250  mem: 238/1398.3MB
Sampling M_1/50 iter 1100/1250  mem: 311.2/1398.3MB
Sampling M_1/50 iter 1200/1250  mem: 375.2/1398.3MB
done building BART in 0.306 sec 

burning and aggregating chains from all threads... done
.original model_matrix
             X1         X2         X3         X4          X5 y_remaining
1  0.2772497942 0.32936451 0.74482120 0.06056465 0.910369427   10.130978
2  0.0005183129 0.29856310 0.71096294 0.66540477 0.413055268    8.271053
3  0.5106083730 0.59624470 0.95073257 0.23416590 0.149202441   15.734585
4  0.0140479084 0.20180156 0.42057755 0.04955610 0.095354668    2.120327
5  0.0646897766 0.72467324 0.10458201 0.21251019 0.881572883   10.202158
6  0.9548492255 0.91327399 0.38729844 0.15141651 0.985489626   11.220438
7  0.0864958912 0.45222545 0.81085199 0.98056216 0.002538507   12.219937
8  0.2899750092 0.17667337 0.22114274 0.73014632 0.128496305   11.362090
9  0.8806991728 0.01923819 0.77112307 0.97978159 0.850970106   15.959541
10 0.1232162013 0.68761857 0.14000740 0.77120509 0.862428385   15.672705
11 0.1751129227 0.72093642 0.50348734 0.78412760 0.586244208   15.515090
12 0.4407502718 0.92877779 0.03701096 0.71597488 0.002863033   21.876839
13 0.9071829736 0.68771770 0.35887472 0.57176558 0.735468234   18.969965
14 0.8510418669 0.58996329 0.19983229 0.03890607 0.964608290   16.743682
15 0.7339874927 0.15706440 0.29819457 0.24844935 0.168959155    8.157556
Building BART for regression ...
building BART with mem-cache speedup
Sampling M_1/50 iter 100/1250  mem: 75.3/1398.3MB
Sampling M_1/50 iter 200/1250  mem: 139.3/1398.3MB
Sampling M_1/50 iter 300/1250  mem: 212.4/1398.3MB
Sampling M_1/50 iter 400/1250  mem: 276.4/1398.3MB
Sampling M_1/50 iter 500/1250  mem: 340.4/1398.3MB
Sampling M_1/50 iter 600/1250  mem: 413.6/1398.3MB
Sampling M_1/50 iter 700/1250  mem: 37.4/1398.3MB
Sampling M_1/50 iter 800/1250  mem: 101.5/1398.3MB
Sampling M_1/50 iter 900/1250  mem: 174.7/1398.3MB
Sampling M_1/50 iter 1000/1250  mem: 238.8/1398.3MB
Sampling M_1/50 iter 1100/1250  mem: 302.9/1398.3MB
Sampling M_1/50 iter 1200/1250  mem: 376.2/1398.3MB
done building BART in 0.306 sec 

burning and aggregating chains from all threads... done
.original model_matrix
             X1         X2         X3         X4          X5 y_remaining
1  0.2772497942 0.32936451 0.74482120 0.06056465 0.910369427   10.130978
2  0.0005183129 0.29856310 0.71096294 0.66540477 0.413055268    8.271053
3  0.5106083730 0.59624470 0.95073257 0.23416590 0.149202441   15.734585
4  0.0140479084 0.20180156 0.42057755 0.04955610 0.095354668    2.120327
5  0.0646897766 0.72467324 0.10458201 0.21251019 0.881572883   10.202158
6  0.9548492255 0.91327399 0.38729844 0.15141651 0.985489626   11.220438
7  0.0864958912 0.45222545 0.81085199 0.98056216 0.002538507   12.219937
8  0.2899750092 0.17667337 0.22114274 0.73014632 0.128496305   11.362090
9  0.8806991728 0.01923819 0.77112307 0.97978159 0.850970106   15.959541
10 0.1232162013 0.68761857 0.14000740 0.77120509 0.862428385   15.672705
11 0.1751129227 0.72093642 0.50348734 0.78412760 0.586244208   15.515090
12 0.4407502718 0.92877779 0.03701096 0.71597488 0.002863033   21.876839
13 0.9071829736 0.68771770 0.35887472 0.57176558 0.735468234   18.969965
14 0.8510418669 0.58996329 0.19983229 0.03890607 0.964608290   16.743682
15 0.7339874927 0.15706440 0.29819457 0.24844935 0.168959155    8.157556
Building BART for regression ...
building BART with mem-cache speedup
Sampling M_1/50 iter 100/1250  mem: 75.7/1398.3MB
Sampling M_1/50 iter 200/1250  mem: 148.9/1398.3MB
Sampling M_1/50 iter 300/1250  mem: 213/1398.3MB
Sampling M_1/50 iter 400/1250  mem: 277.1/1398.3MB
Sampling M_1/50 iter 500/1250  mem: 350.3/1398.3MB
Sampling M_1/50 iter 600/1250  mem: 414.4/1398.3MB
Sampling M_1/50 iter 700/1250  mem: 37/1398.3MB
Sampling M_1/50 iter 800/1250  mem: 110.3/1398.3MB
Sampling M_1/50 iter 900/1250  mem: 174.4/1398.3MB
Sampling M_1/50 iter 1000/1250  mem: 238.4/1398.3MB
Sampling M_1/50 iter 1100/1250  mem: 311.7/1398.3MB
Sampling M_1/50 iter 1200/1250  mem: 375.8/1398.3MB
done building BART in 0.308 sec 

burning and aggregating chains from all threads... done
.original model_matrix
             X1         X2         X3         X4          X5 y_remaining
1  0.2772497942 0.32936451 0.74482120 0.06056465 0.910369427   10.130978
2  0.0005183129 0.29856310 0.71096294 0.66540477 0.413055268    8.271053
3  0.5106083730 0.59624470 0.95073257 0.23416590 0.149202441   15.734585
4  0.0140479084 0.20180156 0.42057755 0.04955610 0.095354668    2.120327
5  0.0646897766 0.72467324 0.10458201 0.21251019 0.881572883   10.202158
6  0.9548492255 0.91327399 0.38729844 0.15141651 0.985489626   11.220438
7  0.0864958912 0.45222545 0.81085199 0.98056216 0.002538507   12.219937
8  0.2899750092 0.17667337 0.22114274 0.73014632 0.128496305   11.362090
9  0.8806991728 0.01923819 0.77112307 0.97978159 0.850970106   15.959541
10 0.1232162013 0.68761857 0.14000740 0.77120509 0.862428385   15.672705
11 0.1751129227 0.72093642 0.50348734 0.78412760 0.586244208   15.515090
12 0.4407502718 0.92877779 0.03701096 0.71597488 0.002863033   21.876839
13 0.9071829736 0.68771770 0.35887472 0.57176558 0.735468234   18.969965
14 0.8510418669 0.58996329 0.19983229 0.03890607 0.964608290   16.743682
15 0.7339874927 0.15706440 0.29819457 0.24844935 0.168959155    8.157556
Building BART for regression ...
building BART with mem-cache speedup
Sampling M_1/50 iter 100/1250  mem: 76/1398.3MB
Sampling M_1/50 iter 200/1250  mem: 149.2/1398.3MB
Sampling M_1/50 iter 300/1250  mem: 213.3/1398.3MB
Sampling M_1/50 iter 400/1250  mem: 277.4/1398.3MB
Sampling M_1/50 iter 500/1250  mem: 350.7/1398.3MB
Sampling M_1/50 iter 600/1250  mem: 414.7/1398.3MB
Sampling M_1/50 iter 700/1250  mem: 38/1398.3MB
Sampling M_1/50 iter 800/1250  mem: 111.2/1398.3MB
Sampling M_1/50 iter 900/1250  mem: 175.3/1398.3MB
Sampling M_1/50 iter 1000/1250  mem: 239.4/1398.3MB
Sampling M_1/50 iter 1100/1250  mem: 303.5/1398.3MB
Sampling M_1/50 iter 1200/1250  mem: 376.7/1398.3MB
done building BART in 0.308 sec 

burning and aggregating chains from all threads... done
.original model_matrix
             X1         X2         X3         X4          X5 y_remaining
1  0.2772497942 0.32936451 0.74482120 0.06056465 0.910369427   10.130978
2  0.0005183129 0.29856310 0.71096294 0.66540477 0.413055268    8.271053
3  0.5106083730 0.59624470 0.95073257 0.23416590 0.149202441   15.734585
4  0.0140479084 0.20180156 0.42057755 0.04955610 0.095354668    2.120327
5  0.0646897766 0.72467324 0.10458201 0.21251019 0.881572883   10.202158
6  0.9548492255 0.91327399 0.38729844 0.15141651 0.985489626   11.220438
7  0.0864958912 0.45222545 0.81085199 0.98056216 0.002538507   12.219937
8  0.2899750092 0.17667337 0.22114274 0.73014632 0.128496305   11.362090
9  0.8806991728 0.01923819 0.77112307 0.97978159 0.850970106   15.959541
10 0.1232162013 0.68761857 0.14000740 0.77120509 0.862428385   15.672705
11 0.1751129227 0.72093642 0.50348734 0.78412760 0.586244208   15.515090
12 0.4407502718 0.92877779 0.03701096 0.71597488 0.002863033   21.876839
13 0.9071829736 0.68771770 0.35887472 0.57176558 0.735468234   18.969965
14 0.8510418669 0.58996329 0.19983229 0.03890607 0.964608290   16.743682
15 0.7339874927 0.15706440 0.29819457 0.24844935 0.168959155    8.157556
Building BART for regression ...
building BART with mem-cache speedup
Sampling M_1/50 iter 100/1250  mem: 76.3/1398.3MB
Sampling M_1/50 iter 200/1250  mem: 149.6/1398.3MB
Sampling M_1/50 iter 300/1250  mem: 213.7/1398.3MB
Sampling M_1/50 iter 400/1250  mem: 277.8/1398.3MB
Sampling M_1/50 iter 500/1250  mem: 341.8/1398.3MB
Sampling M_1/50 iter 600/1250  mem: 415.1/1398.3MB
Sampling M_1/50 iter 700/1250  mem: 37.7/1398.3MB
Sampling M_1/50 iter 800/1250  mem: 101.8/1398.3MB
Sampling M_1/50 iter 900/1250  mem: 175/1398.3MB
Sampling M_1/50 iter 1000/1250  mem: 239.1/1398.3MB
Sampling M_1/50 iter 1100/1250  mem: 303.2/1398.3MB
Sampling M_1/50 iter 1200/1250  mem: 376.4/1398.3MB
done building BART in 0.306 sec 

burning and aggregating chains from all threads... done

  BART CV try: k: 3 nu, q: 3, 0.99 m: 200 
.original model_matrix
          X1         X2        X3        X4         X5 y_remaining
41 0.2474559 0.99310182 0.5542667 0.6401215 0.05952578   13.011812
42 0.2150112 0.51892344 0.5154234 0.4324275 0.28233534   10.204374
43 0.4936738 0.26108993 0.6428065 0.1782642 0.77299296    9.528524
44 0.6534460 0.96443223 0.5907776 0.6158531 0.62696702   18.894179
45 0.3290258 0.88712686 0.6429595 0.1589093 0.59625177   12.863446
46 0.8638878 0.61116916 0.5242994 0.6354631 0.25957025   17.353444
47 0.6377899 0.76150846 0.3369554 0.3907155 0.75848997   17.897932
48 0.0137806 0.85315316 0.6005188 0.2808665 0.88809013    8.354677
49 0.5291648 0.41971689 0.1841739 0.5610969 0.73535454   19.156620
50 0.8343630 0.08832731 0.1448730 0.5588130 0.84317421   16.340615
51 0.5028559 0.92091310 0.4898998 0.1342521 0.10805705   11.197609
52 0.5977608 0.27478937 0.1525171 0.8968158 0.36059255   17.788988
53 0.4255951 0.90126747 0.5098983 0.4485877 0.37403856   16.921270
54 0.3122046 0.17638463 0.1440288 0.9553507 0.39749995   13.282728
55 0.2219272 0.72088507 0.7126025 0.9019496 0.17043762   14.350998
Building BART for regression ...
building BART with mem-cache speedup
Sampling M_1/200 iter 100/1250  mem: 287.2/1398.3MB
Sampling M_1/200 iter 200/1250  mem: 114.4/1398.3MB
Sampling M_1/200 iter 300/1250  mem: 380.5/1398.3MB
Sampling M_1/200 iter 400/1250  mem: 207.8/1398.3MB
Sampling M_1/200 iter 500/1250  mem: 483/1398.3MB
Sampling M_1/200 iter 600/1250  mem: 311.9/1398.3MB
Sampling M_1/200 iter 700/1250  mem: 139.3/1398.3MB
Sampling M_1/200 iter 800/1250  mem: 415.5/1398.3MB
Sampling M_1/200 iter 900/1250  mem: 240.6/1398.3MB
Sampling M_1/200 iter 1000/1250  mem: 512.5/1398.3MB
Sampling M_1/200 iter 1100/1250  mem: 351.3/1398.3MB
Sampling M_1/200 iter 1200/1250  mem: 190.6/1398.3MB
done building BART in 1.395 sec 

burning and aggregating chains from all threads... done
.original model_matrix
             X1         X2         X3         X4          X5 y_remaining
1  0.2772497942 0.32936451 0.74482120 0.06056465 0.910369427   10.130978
2  0.0005183129 0.29856310 0.71096294 0.66540477 0.413055268    8.271053
3  0.5106083730 0.59624470 0.95073257 0.23416590 0.149202441   15.734585
4  0.0140479084 0.20180156 0.42057755 0.04955610 0.095354668    2.120327
5  0.0646897766 0.72467324 0.10458201 0.21251019 0.881572883   10.202158
6  0.9548492255 0.91327399 0.38729844 0.15141651 0.985489626   11.220438
7  0.0864958912 0.45222545 0.81085199 0.98056216 0.002538507   12.219937
8  0.2899750092 0.17667337 0.22114274 0.73014632 0.128496305   11.362090
9  0.8806991728 0.01923819 0.77112307 0.97978159 0.850970106   15.959541
10 0.1232162013 0.68761857 0.14000740 0.77120509 0.862428385   15.672705
11 0.1751129227 0.72093642 0.50348734 0.78412760 0.586244208   15.515090
12 0.4407502718 0.92877779 0.03701096 0.71597488 0.002863033   21.876839
13 0.9071829736 0.68771770 0.35887472 0.57176558 0.735468234   18.969965
14 0.8510418669 0.58996329 0.19983229 0.03890607 0.964608290   16.743682
15 0.7339874927 0.15706440 0.29819457 0.24844935 0.168959155    8.157556
Building BART for regression ...
building BART with mem-cache speedup
Sampling M_1/200 iter 100/1250  mem: 282.7/1398.3MB
Sampling M_1/200 iter 200/1250  mem: 122.8/1398.3MB
Sampling M_1/200 iter 300/1250  mem: 393.7/1398.3MB
Sampling M_1/200 iter 400/1250  mem: 222.2/1398.3MB
Sampling M_1/200 iter 500/1250  mem: 62.8/1398.3MB
Sampling M_1/200 iter 600/1250  mem: 335.9/1398.3MB
Sampling M_1/200 iter 700/1250  mem: 174.5/1398.3MB
Sampling M_1/200 iter 800/1250  mem: 447.6/1398.3MB
Sampling M_1/200 iter 900/1250  mem: 284.3/1398.3MB
Sampling M_1/200 iter 1000/1250  mem: 125/1398.3MB
Sampling M_1/200 iter 1100/1250  mem: 396.2/1398.3MB
Sampling M_1/200 iter 1200/1250  mem: 235.3/1398.3MB
done building BART in 1.385 sec 

burning and aggregating chains from all threads... done
.original model_matrix
             X1         X2         X3         X4          X5 y_remaining
1  0.2772497942 0.32936451 0.74482120 0.06056465 0.910369427   10.130978
2  0.0005183129 0.29856310 0.71096294 0.66540477 0.413055268    8.271053
3  0.5106083730 0.59624470 0.95073257 0.23416590 0.149202441   15.734585
4  0.0140479084 0.20180156 0.42057755 0.04955610 0.095354668    2.120327
5  0.0646897766 0.72467324 0.10458201 0.21251019 0.881572883   10.202158
6  0.9548492255 0.91327399 0.38729844 0.15141651 0.985489626   11.220438
7  0.0864958912 0.45222545 0.81085199 0.98056216 0.002538507   12.219937
8  0.2899750092 0.17667337 0.22114274 0.73014632 0.128496305   11.362090
9  0.8806991728 0.01923819 0.77112307 0.97978159 0.850970106   15.959541
10 0.1232162013 0.68761857 0.14000740 0.77120509 0.862428385   15.672705
11 0.1751129227 0.72093642 0.50348734 0.78412760 0.586244208   15.515090
12 0.4407502718 0.92877779 0.03701096 0.71597488 0.002863033   21.876839
13 0.9071829736 0.68771770 0.35887472 0.57176558 0.735468234   18.969965
14 0.8510418669 0.58996329 0.19983229 0.03890607 0.964608290   16.743682
15 0.7339874927 0.15706440 0.29819457 0.24844935 0.168959155    8.157556
Building BART for regression ...
building BART with mem-cache speedup
Sampling M_1/200 iter 100/1250  mem: 281.7/1398.3MB
Sampling M_1/200 iter 200/1250  mem: 120.9/1398.3MB
Sampling M_1/200 iter 300/1250  mem: 392.4/1398.3MB
Sampling M_1/200 iter 400/1250  mem: 221.4/1398.3MB
Sampling M_1/200 iter 500/1250  mem: 60.8/1398.3MB
Sampling M_1/200 iter 600/1250  mem: 333.6/1398.3MB
Sampling M_1/200 iter 700/1250  mem: 172/1398.3MB
Sampling M_1/200 iter 800/1250  mem: 444.7/1398.3MB
Sampling M_1/200 iter 900/1250  mem: 283.3/1398.3MB
Sampling M_1/200 iter 1000/1250  mem: 122.2/1398.3MB
Sampling M_1/200 iter 1100/1250  mem: 394.7/1398.3MB
Sampling M_1/200 iter 1200/1250  mem: 233.1/1398.3MB
done building BART in 1.394 sec 

burning and aggregating chains from all threads... done
.original model_matrix
             X1         X2         X3         X4          X5 y_remaining
1  0.2772497942 0.32936451 0.74482120 0.06056465 0.910369427   10.130978
2  0.0005183129 0.29856310 0.71096294 0.66540477 0.413055268    8.271053
3  0.5106083730 0.59624470 0.95073257 0.23416590 0.149202441   15.734585
4  0.0140479084 0.20180156 0.42057755 0.04955610 0.095354668    2.120327
5  0.0646897766 0.72467324 0.10458201 0.21251019 0.881572883   10.202158
6  0.9548492255 0.91327399 0.38729844 0.15141651 0.985489626   11.220438
7  0.0864958912 0.45222545 0.81085199 0.98056216 0.002538507   12.219937
8  0.2899750092 0.17667337 0.22114274 0.73014632 0.128496305   11.362090
9  0.8806991728 0.01923819 0.77112307 0.97978159 0.850970106   15.959541
10 0.1232162013 0.68761857 0.14000740 0.77120509 0.862428385   15.672705
11 0.1751129227 0.72093642 0.50348734 0.78412760 0.586244208   15.515090
12 0.4407502718 0.92877779 0.03701096 0.71597488 0.002863033   21.876839
13 0.9071829736 0.68771770 0.35887472 0.57176558 0.735468234   18.969965
14 0.8510418669 0.58996329 0.19983229 0.03890607 0.964608290   16.743682
15 0.7339874927 0.15706440 0.29819457 0.24844935 0.168959155    8.157556
Building BART for regression ...
building BART with mem-cache speedup
Sampling M_1/200 iter 100/1250  mem: 283.3/1398.3MB
Sampling M_1/200 iter 200/1250  mem: 112.2/1398.3MB
Sampling M_1/200 iter 300/1250  mem: 385/1398.3MB
Sampling M_1/200 iter 400/1250  mem: 214.5/1398.3MB
Sampling M_1/200 iter 500/1250  mem: 52.9/1398.3MB
Sampling M_1/200 iter 600/1250  mem: 326/1398.3MB
Sampling M_1/200 iter 700/1250  mem: 155.6/1398.3MB
Sampling M_1/200 iter 800/1250  mem: 428.6/1398.3MB
Sampling M_1/200 iter 900/1250  mem: 266.9/1398.3MB
Sampling M_1/200 iter 1000/1250  mem: 539.9/1398.3MB
Sampling M_1/200 iter 1100/1250  mem: 378.9/1398.3MB
Sampling M_1/200 iter 1200/1250  mem: 217.6/1398.3MB
done building BART in 1.394 sec 

burning and aggregating chains from all threads... done
.original model_matrix
             X1         X2         X3         X4          X5 y_remaining
1  0.2772497942 0.32936451 0.74482120 0.06056465 0.910369427   10.130978
2  0.0005183129 0.29856310 0.71096294 0.66540477 0.413055268    8.271053
3  0.5106083730 0.59624470 0.95073257 0.23416590 0.149202441   15.734585
4  0.0140479084 0.20180156 0.42057755 0.04955610 0.095354668    2.120327
5  0.0646897766 0.72467324 0.10458201 0.21251019 0.881572883   10.202158
6  0.9548492255 0.91327399 0.38729844 0.15141651 0.985489626   11.220438
7  0.0864958912 0.45222545 0.81085199 0.98056216 0.002538507   12.219937
8  0.2899750092 0.17667337 0.22114274 0.73014632 0.128496305   11.362090
9  0.8806991728 0.01923819 0.77112307 0.97978159 0.850970106   15.959541
10 0.1232162013 0.68761857 0.14000740 0.77120509 0.862428385   15.672705
11 0.1751129227 0.72093642 0.50348734 0.78412760 0.586244208   15.515090
12 0.4407502718 0.92877779 0.03701096 0.71597488 0.002863033   21.876839
13 0.9071829736 0.68771770 0.35887472 0.57176558 0.735468234   18.969965
14 0.8510418669 0.58996329 0.19983229 0.03890607 0.964608290   16.743682
15 0.7339874927 0.15706440 0.29819457 0.24844935 0.168959155    8.157556
Building BART for regression ...
building BART with mem-cache speedup
Sampling M_1/200 iter 100/1250  mem: 284.6/1398.3MB
Sampling M_1/200 iter 200/1250  mem: 113.2/1398.3MB
Sampling M_1/200 iter 300/1250  mem: 386.3/1398.3MB
Sampling M_1/200 iter 400/1250  mem: 214.8/1398.3MB
Sampling M_1/200 iter 500/1250  mem: 52.1/1398.3MB
Sampling M_1/200 iter 600/1250  mem: 315.8/1398.3MB
Sampling M_1/200 iter 700/1250  mem: 154.4/1398.3MB
Sampling M_1/200 iter 800/1250  mem: 427.1/1398.3MB
Sampling M_1/200 iter 900/1250  mem: 265.8/1398.3MB
Sampling M_1/200 iter 1000/1250  mem: 539.4/1398.3MB
Sampling M_1/200 iter 1100/1250  mem: 376.9/1398.3MB
Sampling M_1/200 iter 1200/1250  mem: 215.3/1398.3MB
done building BART in 1.396 sec 

burning and aggregating chains from all threads... done

  BART CV try: k: 3 nu, q: 10, 0.75 m: 50 
.original model_matrix
          X1         X2        X3        X4         X5 y_remaining
41 0.2474559 0.99310182 0.5542667 0.6401215 0.05952578   13.011812
42 0.2150112 0.51892344 0.5154234 0.4324275 0.28233534   10.204374
43 0.4936738 0.26108993 0.6428065 0.1782642 0.77299296    9.528524
44 0.6534460 0.96443223 0.5907776 0.6158531 0.62696702   18.894179
45 0.3290258 0.88712686 0.6429595 0.1589093 0.59625177   12.863446
46 0.8638878 0.61116916 0.5242994 0.6354631 0.25957025   17.353444
47 0.6377899 0.76150846 0.3369554 0.3907155 0.75848997   17.897932
48 0.0137806 0.85315316 0.6005188 0.2808665 0.88809013    8.354677
49 0.5291648 0.41971689 0.1841739 0.5610969 0.73535454   19.156620
50 0.8343630 0.08832731 0.1448730 0.5588130 0.84317421   16.340615
51 0.5028559 0.92091310 0.4898998 0.1342521 0.10805705   11.197609
52 0.5977608 0.27478937 0.1525171 0.8968158 0.36059255   17.788988
53 0.4255951 0.90126747 0.5098983 0.4485877 0.37403856   16.921270
54 0.3122046 0.17638463 0.1440288 0.9553507 0.39749995   13.282728
55 0.2219272 0.72088507 0.7126025 0.9019496 0.17043762   14.350998
Building BART for regression ...
building BART with mem-cache speedup
Sampling M_1/50 iter 100/1250  mem: 75.8/1398.3MB
Sampling M_1/50 iter 200/1250  mem: 139.6/1398.3MB
Sampling M_1/50 iter 300/1250  mem: 212.6/1398.3MB
Sampling M_1/50 iter 400/1250  mem: 276.5/1398.3MB
Sampling M_1/50 iter 500/1250  mem: 349.5/1398.3MB
Sampling M_1/50 iter 600/1250  mem: 413.3/1398.3MB
Sampling M_1/50 iter 700/1250  mem: 36.9/1398.3MB
Sampling M_1/50 iter 800/1250  mem: 110.1/1398.3MB
Sampling M_1/50 iter 900/1250  mem: 174.1/1398.3MB
Sampling M_1/50 iter 1000/1250  mem: 238.1/1398.3MB
Sampling M_1/50 iter 1100/1250  mem: 311.3/1398.3MB
Sampling M_1/50 iter 1200/1250  mem: 375.3/1398.3MB
done building BART in 0.309 sec 

burning and aggregating chains from all threads... done
.original model_matrix
             X1         X2         X3         X4          X5 y_remaining
1  0.2772497942 0.32936451 0.74482120 0.06056465 0.910369427   10.130978
2  0.0005183129 0.29856310 0.71096294 0.66540477 0.413055268    8.271053
3  0.5106083730 0.59624470 0.95073257 0.23416590 0.149202441   15.734585
4  0.0140479084 0.20180156 0.42057755 0.04955610 0.095354668    2.120327
5  0.0646897766 0.72467324 0.10458201 0.21251019 0.881572883   10.202158
6  0.9548492255 0.91327399 0.38729844 0.15141651 0.985489626   11.220438
7  0.0864958912 0.45222545 0.81085199 0.98056216 0.002538507   12.219937
8  0.2899750092 0.17667337 0.22114274 0.73014632 0.128496305   11.362090
9  0.8806991728 0.01923819 0.77112307 0.97978159 0.850970106   15.959541
10 0.1232162013 0.68761857 0.14000740 0.77120509 0.862428385   15.672705
11 0.1751129227 0.72093642 0.50348734 0.78412760 0.586244208   15.515090
12 0.4407502718 0.92877779 0.03701096 0.71597488 0.002863033   21.876839
13 0.9071829736 0.68771770 0.35887472 0.57176558 0.735468234   18.969965
14 0.8510418669 0.58996329 0.19983229 0.03890607 0.964608290   16.743682
15 0.7339874927 0.15706440 0.29819457 0.24844935 0.168959155    8.157556
Building BART for regression ...
building BART with mem-cache speedup
Sampling M_1/50 iter 100/1250  mem: 76.3/1398.3MB
Sampling M_1/50 iter 200/1250  mem: 149.4/1398.3MB
Sampling M_1/50 iter 300/1250  mem: 213.4/1398.3MB
Sampling M_1/50 iter 400/1250  mem: 277.5/1398.3MB
Sampling M_1/50 iter 500/1250  mem: 350.6/1398.3MB
Sampling M_1/50 iter 600/1250  mem: 414.6/1398.3MB
Sampling M_1/50 iter 700/1250  mem: 37.3/1398.3MB
Sampling M_1/50 iter 800/1250  mem: 110.5/1398.3MB
Sampling M_1/50 iter 900/1250  mem: 174.6/1398.3MB
Sampling M_1/50 iter 1000/1250  mem: 238.7/1398.3MB
Sampling M_1/50 iter 1100/1250  mem: 311.9/1398.3MB
Sampling M_1/50 iter 1200/1250  mem: 376/1398.3MB
done building BART in 0.311 sec 

burning and aggregating chains from all threads... done
.original model_matrix
             X1         X2         X3         X4          X5 y_remaining
1  0.2772497942 0.32936451 0.74482120 0.06056465 0.910369427   10.130978
2  0.0005183129 0.29856310 0.71096294 0.66540477 0.413055268    8.271053
3  0.5106083730 0.59624470 0.95073257 0.23416590 0.149202441   15.734585
4  0.0140479084 0.20180156 0.42057755 0.04955610 0.095354668    2.120327
5  0.0646897766 0.72467324 0.10458201 0.21251019 0.881572883   10.202158
6  0.9548492255 0.91327399 0.38729844 0.15141651 0.985489626   11.220438
7  0.0864958912 0.45222545 0.81085199 0.98056216 0.002538507   12.219937
8  0.2899750092 0.17667337 0.22114274 0.73014632 0.128496305   11.362090
9  0.8806991728 0.01923819 0.77112307 0.97978159 0.850970106   15.959541
10 0.1232162013 0.68761857 0.14000740 0.77120509 0.862428385   15.672705
11 0.1751129227 0.72093642 0.50348734 0.78412760 0.586244208   15.515090
12 0.4407502718 0.92877779 0.03701096 0.71597488 0.002863033   21.876839
13 0.9071829736 0.68771770 0.35887472 0.57176558 0.735468234   18.969965
14 0.8510418669 0.58996329 0.19983229 0.03890607 0.964608290   16.743682
15 0.7339874927 0.15706440 0.29819457 0.24844935 0.168959155    8.157556
Building BART for regression ...
building BART with mem-cache speedup
Sampling M_1/50 iter 100/1250  mem: 76.7/1398.3MB
Sampling M_1/50 iter 200/1250  mem: 140.8/1398.3MB
Sampling M_1/50 iter 300/1250  mem: 214/1398.3MB
Sampling M_1/50 iter 400/1250  mem: 278.1/1398.3MB
Sampling M_1/50 iter 500/1250  mem: 351.4/1398.3MB
Sampling M_1/50 iter 600/1250  mem: 415.4/1398.3MB
Sampling M_1/50 iter 700/1250  mem: 37.4/1398.3MB
Sampling M_1/50 iter 800/1250  mem: 110.7/1398.3MB
Sampling M_1/50 iter 900/1250  mem: 174.8/1398.3MB
Sampling M_1/50 iter 1000/1250  mem: 248/1398.3MB
Sampling M_1/50 iter 1100/1250  mem: 312.1/1398.3MB
Sampling M_1/50 iter 1200/1250  mem: 376.2/1398.3MB
done building BART in 0.314 sec 

burning and aggregating chains from all threads... done
.original model_matrix
             X1         X2         X3         X4          X5 y_remaining
1  0.2772497942 0.32936451 0.74482120 0.06056465 0.910369427   10.130978
2  0.0005183129 0.29856310 0.71096294 0.66540477 0.413055268    8.271053
3  0.5106083730 0.59624470 0.95073257 0.23416590 0.149202441   15.734585
4  0.0140479084 0.20180156 0.42057755 0.04955610 0.095354668    2.120327
5  0.0646897766 0.72467324 0.10458201 0.21251019 0.881572883   10.202158
6  0.9548492255 0.91327399 0.38729844 0.15141651 0.985489626   11.220438
7  0.0864958912 0.45222545 0.81085199 0.98056216 0.002538507   12.219937
8  0.2899750092 0.17667337 0.22114274 0.73014632 0.128496305   11.362090
9  0.8806991728 0.01923819 0.77112307 0.97978159 0.850970106   15.959541
10 0.1232162013 0.68761857 0.14000740 0.77120509 0.862428385   15.672705
11 0.1751129227 0.72093642 0.50348734 0.78412760 0.586244208   15.515090
12 0.4407502718 0.92877779 0.03701096 0.71597488 0.002863033   21.876839
13 0.9071829736 0.68771770 0.35887472 0.57176558 0.735468234   18.969965
14 0.8510418669 0.58996329 0.19983229 0.03890607 0.964608290   16.743682
15 0.7339874927 0.15706440 0.29819457 0.24844935 0.168959155    8.157556
Building BART for regression ...
building BART with mem-cache speedup
Sampling M_1/50 iter 100/1250  mem: 77/1398.3MB
Sampling M_1/50 iter 200/1250  mem: 150.3/1398.3MB
Sampling M_1/50 iter 300/1250  mem: 214.4/1398.3MB
Sampling M_1/50 iter 400/1250  mem: 278.4/1398.3MB
Sampling M_1/50 iter 500/1250  mem: 342.5/1398.3MB
Sampling M_1/50 iter 600/1250  mem: 415.8/1398.3MB
Sampling M_1/50 iter 700/1250  mem: 37.7/1398.3MB
Sampling M_1/50 iter 800/1250  mem: 111.2/1398.3MB
Sampling M_1/50 iter 900/1250  mem: 175.4/1398.3MB
Sampling M_1/50 iter 1000/1250  mem: 239.6/1398.3MB
Sampling M_1/50 iter 1100/1250  mem: 313/1398.3MB
Sampling M_1/50 iter 1200/1250  mem: 377.3/1398.3MB
done building BART in 0.313 sec 

burning and aggregating chains from all threads... done
.original model_matrix
             X1         X2         X3         X4          X5 y_remaining
1  0.2772497942 0.32936451 0.74482120 0.06056465 0.910369427   10.130978
2  0.0005183129 0.29856310 0.71096294 0.66540477 0.413055268    8.271053
3  0.5106083730 0.59624470 0.95073257 0.23416590 0.149202441   15.734585
4  0.0140479084 0.20180156 0.42057755 0.04955610 0.095354668    2.120327
5  0.0646897766 0.72467324 0.10458201 0.21251019 0.881572883   10.202158
6  0.9548492255 0.91327399 0.38729844 0.15141651 0.985489626   11.220438
7  0.0864958912 0.45222545 0.81085199 0.98056216 0.002538507   12.219937
8  0.2899750092 0.17667337 0.22114274 0.73014632 0.128496305   11.362090
9  0.8806991728 0.01923819 0.77112307 0.97978159 0.850970106   15.959541
10 0.1232162013 0.68761857 0.14000740 0.77120509 0.862428385   15.672705
11 0.1751129227 0.72093642 0.50348734 0.78412760 0.586244208   15.515090
12 0.4407502718 0.92877779 0.03701096 0.71597488 0.002863033   21.876839
13 0.9071829736 0.68771770 0.35887472 0.57176558 0.735468234   18.969965
14 0.8510418669 0.58996329 0.19983229 0.03890607 0.964608290   16.743682
15 0.7339874927 0.15706440 0.29819457 0.24844935 0.168959155    8.157556
Building BART for regression ...
building BART with mem-cache speedup
Sampling M_1/50 iter 100/1250  mem: 74.8/1398.3MB
Sampling M_1/50 iter 200/1250  mem: 139/1398.3MB
Sampling M_1/50 iter 300/1250  mem: 212.4/1398.3MB
Sampling M_1/50 iter 400/1250  mem: 276.7/1398.3MB
Sampling M_1/50 iter 500/1250  mem: 350.1/1398.3MB
Sampling M_1/50 iter 600/1250  mem: 414.3/1398.3MB
Sampling M_1/50 iter 700/1250  mem: 35.5/1398.3MB
Sampling M_1/50 iter 800/1250  mem: 109/1398.3MB
Sampling M_1/50 iter 900/1250  mem: 173.3/1398.3MB
Sampling M_1/50 iter 1000/1250  mem: 237.6/1398.3MB
Sampling M_1/50 iter 1100/1250  mem: 311.1/1398.3MB
Sampling M_1/50 iter 1200/1250  mem: 375.4/1398.3MB
done building BART in 0.312 sec 

burning and aggregating chains from all threads... done

  BART CV try: k: 3 nu, q: 10, 0.75 m: 200 
.original model_matrix
          X1         X2        X3        X4         X5 y_remaining
41 0.2474559 0.99310182 0.5542667 0.6401215 0.05952578   13.011812
42 0.2150112 0.51892344 0.5154234 0.4324275 0.28233534   10.204374
43 0.4936738 0.26108993 0.6428065 0.1782642 0.77299296    9.528524
44 0.6534460 0.96443223 0.5907776 0.6158531 0.62696702   18.894179
45 0.3290258 0.88712686 0.6429595 0.1589093 0.59625177   12.863446
46 0.8638878 0.61116916 0.5242994 0.6354631 0.25957025   17.353444
47 0.6377899 0.76150846 0.3369554 0.3907155 0.75848997   17.897932
48 0.0137806 0.85315316 0.6005188 0.2808665 0.88809013    8.354677
49 0.5291648 0.41971689 0.1841739 0.5610969 0.73535454   19.156620
50 0.8343630 0.08832731 0.1448730 0.5588130 0.84317421   16.340615
51 0.5028559 0.92091310 0.4898998 0.1342521 0.10805705   11.197609
52 0.5977608 0.27478937 0.1525171 0.8968158 0.36059255   17.788988
53 0.4255951 0.90126747 0.5098983 0.4485877 0.37403856   16.921270
54 0.3122046 0.17638463 0.1440288 0.9553507 0.39749995   13.282728
55 0.2219272 0.72088507 0.7126025 0.9019496 0.17043762   14.350998
Building BART for regression ...
building BART with mem-cache speedup
Sampling M_1/200 iter 100/1250  mem: 286.5/1398.3MB
Sampling M_1/200 iter 200/1250  mem: 113.2/1398.3MB
Sampling M_1/200 iter 300/1250  mem: 380.2/1398.3MB
Sampling M_1/200 iter 400/1250  mem: 207.1/1398.3MB
Sampling M_1/200 iter 500/1250  mem: 474.1/1398.3MB
Sampling M_1/200 iter 600/1250  mem: 310.1/1398.3MB
Sampling M_1/200 iter 700/1250  mem: 145.8/1398.3MB
Sampling M_1/200 iter 800/1250  mem: 413.4/1398.3MB
Sampling M_1/200 iter 900/1250  mem: 247.2/1398.3MB
Sampling M_1/200 iter 1000/1250  mem: 520.3/1398.3MB
Sampling M_1/200 iter 1100/1250  mem: 358.3/1398.3MB
Sampling M_1/200 iter 1200/1250  mem: 195.9/1398.3MB
done building BART in 1.398 sec 

burning and aggregating chains from all threads... done
.original model_matrix
             X1         X2         X3         X4          X5 y_remaining
1  0.2772497942 0.32936451 0.74482120 0.06056465 0.910369427   10.130978
2  0.0005183129 0.29856310 0.71096294 0.66540477 0.413055268    8.271053
3  0.5106083730 0.59624470 0.95073257 0.23416590 0.149202441   15.734585
4  0.0140479084 0.20180156 0.42057755 0.04955610 0.095354668    2.120327
5  0.0646897766 0.72467324 0.10458201 0.21251019 0.881572883   10.202158
6  0.9548492255 0.91327399 0.38729844 0.15141651 0.985489626   11.220438
7  0.0864958912 0.45222545 0.81085199 0.98056216 0.002538507   12.219937
8  0.2899750092 0.17667337 0.22114274 0.73014632 0.128496305   11.362090
9  0.8806991728 0.01923819 0.77112307 0.97978159 0.850970106   15.959541
10 0.1232162013 0.68761857 0.14000740 0.77120509 0.862428385   15.672705
11 0.1751129227 0.72093642 0.50348734 0.78412760 0.586244208   15.515090
12 0.4407502718 0.92877779 0.03701096 0.71597488 0.002863033   21.876839
13 0.9071829736 0.68771770 0.35887472 0.57176558 0.735468234   18.969965
14 0.8510418669 0.58996329 0.19983229 0.03890607 0.964608290   16.743682
15 0.7339874927 0.15706440 0.29819457 0.24844935 0.168959155    8.157556
Building BART for regression ...
building BART with mem-cache speedup
Sampling M_1/200 iter 100/1250  mem: 282.9/1398.3MB
Sampling M_1/200 iter 200/1250  mem: 121.3/1398.3MB
Sampling M_1/200 iter 300/1250  mem: 393.8/1398.3MB
Sampling M_1/200 iter 400/1250  mem: 221.7/1398.3MB
Sampling M_1/200 iter 500/1250  mem: 60/1398.3MB
Sampling M_1/200 iter 600/1250  mem: 325.2/1398.3MB
Sampling M_1/200 iter 700/1250  mem: 162.9/1398.3MB
Sampling M_1/200 iter 800/1250  mem: 437.2/1398.3MB
Sampling M_1/200 iter 900/1250  mem: 273.7/1398.3MB
Sampling M_1/200 iter 1000/1250  mem: 111.8/1398.3MB
Sampling M_1/200 iter 1100/1250  mem: 384.8/1398.3MB
Sampling M_1/200 iter 1200/1250  mem: 222.6/1398.3MB
done building BART in 1.391 sec 

burning and aggregating chains from all threads... done
.original model_matrix
             X1         X2         X3         X4          X5 y_remaining
1  0.2772497942 0.32936451 0.74482120 0.06056465 0.910369427   10.130978
2  0.0005183129 0.29856310 0.71096294 0.66540477 0.413055268    8.271053
3  0.5106083730 0.59624470 0.95073257 0.23416590 0.149202441   15.734585
4  0.0140479084 0.20180156 0.42057755 0.04955610 0.095354668    2.120327
5  0.0646897766 0.72467324 0.10458201 0.21251019 0.881572883   10.202158
6  0.9548492255 0.91327399 0.38729844 0.15141651 0.985489626   11.220438
7  0.0864958912 0.45222545 0.81085199 0.98056216 0.002538507   12.219937
8  0.2899750092 0.17667337 0.22114274 0.73014632 0.128496305   11.362090
9  0.8806991728 0.01923819 0.77112307 0.97978159 0.850970106   15.959541
10 0.1232162013 0.68761857 0.14000740 0.77120509 0.862428385   15.672705
11 0.1751129227 0.72093642 0.50348734 0.78412760 0.586244208   15.515090
12 0.4407502718 0.92877779 0.03701096 0.71597488 0.002863033   21.876839
13 0.9071829736 0.68771770 0.35887472 0.57176558 0.735468234   18.969965
14 0.8510418669 0.58996329 0.19983229 0.03890607 0.964608290   16.743682
15 0.7339874927 0.15706440 0.29819457 0.24844935 0.168959155    8.157556
Building BART for regression ...
building BART with mem-cache speedup
Sampling M_1/200 iter 100/1250  mem: 283.3/1398.3MB
Sampling M_1/200 iter 200/1250  mem: 112.7/1398.3MB
Sampling M_1/200 iter 300/1250  mem: 385.2/1398.3MB
Sampling M_1/200 iter 400/1250  mem: 213.5/1398.3MB
Sampling M_1/200 iter 500/1250  mem: 51.3/1398.3MB
Sampling M_1/200 iter 600/1250  mem: 325.7/1398.3MB
Sampling M_1/200 iter 700/1250  mem: 163.5/1398.3MB
Sampling M_1/200 iter 800/1250  mem: 437.8/1398.3MB
Sampling M_1/200 iter 900/1250  mem: 274.2/1398.3MB
Sampling M_1/200 iter 1000/1250  mem: 112/1398.3MB
Sampling M_1/200 iter 1100/1250  mem: 385.1/1398.3MB
Sampling M_1/200 iter 1200/1250  mem: 223/1398.3MB
done building BART in 1.406 sec 

burning and aggregating chains from all threads... done
.original model_matrix
             X1         X2         X3         X4          X5 y_remaining
1  0.2772497942 0.32936451 0.74482120 0.06056465 0.910369427   10.130978
2  0.0005183129 0.29856310 0.71096294 0.66540477 0.413055268    8.271053
3  0.5106083730 0.59624470 0.95073257 0.23416590 0.149202441   15.734585
4  0.0140479084 0.20180156 0.42057755 0.04955610 0.095354668    2.120327
5  0.0646897766 0.72467324 0.10458201 0.21251019 0.881572883   10.202158
6  0.9548492255 0.91327399 0.38729844 0.15141651 0.985489626   11.220438
7  0.0864958912 0.45222545 0.81085199 0.98056216 0.002538507   12.219937
8  0.2899750092 0.17667337 0.22114274 0.73014632 0.128496305   11.362090
9  0.8806991728 0.01923819 0.77112307 0.97978159 0.850970106   15.959541
10 0.1232162013 0.68761857 0.14000740 0.77120509 0.862428385   15.672705
11 0.1751129227 0.72093642 0.50348734 0.78412760 0.586244208   15.515090
12 0.4407502718 0.92877779 0.03701096 0.71597488 0.002863033   21.876839
13 0.9071829736 0.68771770 0.35887472 0.57176558 0.735468234   18.969965
14 0.8510418669 0.58996329 0.19983229 0.03890607 0.964608290   16.743682
15 0.7339874927 0.15706440 0.29819457 0.24844935 0.168959155    8.157556
Building BART for regression ...
building BART with mem-cache speedup
Sampling M_1/200 iter 100/1250  mem: 284.9/1398.3MB
Sampling M_1/200 iter 200/1250  mem: 113/1398.3MB
Sampling M_1/200 iter 300/1250  mem: 386.4/1398.3MB
Sampling M_1/200 iter 400/1250  mem: 214.2/1398.3MB
Sampling M_1/200 iter 500/1250  mem: 52.4/1398.3MB
Sampling M_1/200 iter 600/1250  mem: 326.1/1398.3MB
Sampling M_1/200 iter 700/1250  mem: 163.9/1398.3MB
Sampling M_1/200 iter 800/1250  mem: 437.6/1398.3MB
Sampling M_1/200 iter 900/1250  mem: 266/1398.3MB
Sampling M_1/200 iter 1000/1250  mem: 539.7/1398.3MB
Sampling M_1/200 iter 1100/1250  mem: 377.8/1398.3MB
Sampling M_1/200 iter 1200/1250  mem: 215.6/1398.3MB
done building BART in 1.416 sec 

burning and aggregating chains from all threads... done
.original model_matrix
             X1         X2         X3         X4          X5 y_remaining
1  0.2772497942 0.32936451 0.74482120 0.06056465 0.910369427   10.130978
2  0.0005183129 0.29856310 0.71096294 0.66540477 0.413055268    8.271053
3  0.5106083730 0.59624470 0.95073257 0.23416590 0.149202441   15.734585
4  0.0140479084 0.20180156 0.42057755 0.04955610 0.095354668    2.120327
5  0.0646897766 0.72467324 0.10458201 0.21251019 0.881572883   10.202158
6  0.9548492255 0.91327399 0.38729844 0.15141651 0.985489626   11.220438
7  0.0864958912 0.45222545 0.81085199 0.98056216 0.002538507   12.219937
8  0.2899750092 0.17667337 0.22114274 0.73014632 0.128496305   11.362090
9  0.8806991728 0.01923819 0.77112307 0.97978159 0.850970106   15.959541
10 0.1232162013 0.68761857 0.14000740 0.77120509 0.862428385   15.672705
11 0.1751129227 0.72093642 0.50348734 0.78412760 0.586244208   15.515090
12 0.4407502718 0.92877779 0.03701096 0.71597488 0.002863033   21.876839
13 0.9071829736 0.68771770 0.35887472 0.57176558 0.735468234   18.969965
14 0.8510418669 0.58996329 0.19983229 0.03890607 0.964608290   16.743682
15 0.7339874927 0.15706440 0.29819457 0.24844935 0.168959155    8.157556
Building BART for regression ...
building BART with mem-cache speedup
Sampling M_1/200 iter 100/1250  mem: 285.9/1398.3MB
Sampling M_1/200 iter 200/1250  mem: 113.7/1398.3MB
Sampling M_1/200 iter 300/1250  mem: 387.4/1398.3MB
Sampling M_1/200 iter 400/1250  mem: 214.5/1398.3MB
Sampling M_1/200 iter 500/1250  mem: 52.6/1398.3MB
Sampling M_1/200 iter 600/1250  mem: 326.9/1398.3MB
Sampling M_1/200 iter 700/1250  mem: 155.5/1398.3MB
Sampling M_1/200 iter 800/1250  mem: 429.8/1398.3MB
Sampling M_1/200 iter 900/1250  mem: 266.2/1398.3MB
Sampling M_1/200 iter 1000/1250  mem: 539.9/1398.3MB
Sampling M_1/200 iter 1100/1250  mem: 377.2/1398.3MB
Sampling M_1/200 iter 1200/1250  mem: 206.2/1398.3MB
done building BART in 1.392 sec 

burning and aggregating chains from all threads... done

  BART CV try: k: 5 nu, q: 3, 0.9 m: 50 
.original model_matrix
          X1         X2        X3        X4         X5 y_remaining
41 0.2474559 0.99310182 0.5542667 0.6401215 0.05952578   13.011812
42 0.2150112 0.51892344 0.5154234 0.4324275 0.28233534   10.204374
43 0.4936738 0.26108993 0.6428065 0.1782642 0.77299296    9.528524
44 0.6534460 0.96443223 0.5907776 0.6158531 0.62696702   18.894179
45 0.3290258 0.88712686 0.6429595 0.1589093 0.59625177   12.863446
46 0.8638878 0.61116916 0.5242994 0.6354631 0.25957025   17.353444
47 0.6377899 0.76150846 0.3369554 0.3907155 0.75848997   17.897932
48 0.0137806 0.85315316 0.6005188 0.2808665 0.88809013    8.354677
49 0.5291648 0.41971689 0.1841739 0.5610969 0.73535454   19.156620
50 0.8343630 0.08832731 0.1448730 0.5588130 0.84317421   16.340615
51 0.5028559 0.92091310 0.4898998 0.1342521 0.10805705   11.197609
52 0.5977608 0.27478937 0.1525171 0.8968158 0.36059255   17.788988
53 0.4255951 0.90126747 0.5098983 0.4485877 0.37403856   16.921270
54 0.3122046 0.17638463 0.1440288 0.9553507 0.39749995   13.282728
55 0.2219272 0.72088507 0.7126025 0.9019496 0.17043762   14.350998
Building BART for regression ...
building BART with mem-cache speedup
Sampling M_1/50 iter 100/1250  mem: 76.4/1398.3MB
Sampling M_1/50 iter 200/1250  mem: 149.4/1398.3MB
Sampling M_1/50 iter 300/1250  mem: 213.2/1398.3MB
Sampling M_1/50 iter 400/1250  mem: 286.2/1398.3MB
Sampling M_1/50 iter 500/1250  mem: 350.1/1398.3MB
Sampling M_1/50 iter 600/1250  mem: 423.1/1398.3MB
Sampling M_1/50 iter 700/1250  mem: 46.9/1398.3MB
Sampling M_1/50 iter 800/1250  mem: 120.1/1398.3MB
Sampling M_1/50 iter 900/1250  mem: 184.1/1398.3MB
Sampling M_1/50 iter 1000/1250  mem: 248.1/1398.3MB
Sampling M_1/50 iter 1100/1250  mem: 321.3/1398.3MB
Sampling M_1/50 iter 1200/1250  mem: 385.3/1398.3MB
done building BART in 0.316 sec 

burning and aggregating chains from all threads... done
.original model_matrix
             X1         X2         X3         X4          X5 y_remaining
1  0.2772497942 0.32936451 0.74482120 0.06056465 0.910369427   10.130978
2  0.0005183129 0.29856310 0.71096294 0.66540477 0.413055268    8.271053
3  0.5106083730 0.59624470 0.95073257 0.23416590 0.149202441   15.734585
4  0.0140479084 0.20180156 0.42057755 0.04955610 0.095354668    2.120327
5  0.0646897766 0.72467324 0.10458201 0.21251019 0.881572883   10.202158
6  0.9548492255 0.91327399 0.38729844 0.15141651 0.985489626   11.220438
7  0.0864958912 0.45222545 0.81085199 0.98056216 0.002538507   12.219937
8  0.2899750092 0.17667337 0.22114274 0.73014632 0.128496305   11.362090
9  0.8806991728 0.01923819 0.77112307 0.97978159 0.850970106   15.959541
10 0.1232162013 0.68761857 0.14000740 0.77120509 0.862428385   15.672705
11 0.1751129227 0.72093642 0.50348734 0.78412760 0.586244208   15.515090
12 0.4407502718 0.92877779 0.03701096 0.71597488 0.002863033   21.876839
13 0.9071829736 0.68771770 0.35887472 0.57176558 0.735468234   18.969965
14 0.8510418669 0.58996329 0.19983229 0.03890607 0.964608290   16.743682
15 0.7339874927 0.15706440 0.29819457 0.24844935 0.168959155    8.157556
Building BART for regression ...
building BART with mem-cache speedup
Sampling M_1/50 iter 100/1250  mem: 74.5/1398.3MB
Sampling M_1/50 iter 200/1250  mem: 147.7/1398.3MB
Sampling M_1/50 iter 300/1250  mem: 211.7/1398.3MB
Sampling M_1/50 iter 400/1250  mem: 284.9/1398.3MB
Sampling M_1/50 iter 500/1250  mem: 348.9/1398.3MB
Sampling M_1/50 iter 600/1250  mem: 412.9/1398.3MB
Sampling M_1/50 iter 700/1250  mem: 45.4/1398.3MB
Sampling M_1/50 iter 800/1250  mem: 109.5/1398.3MB
Sampling M_1/50 iter 900/1250  mem: 182.7/1398.3MB
Sampling M_1/50 iter 1000/1250  mem: 246.8/1398.3MB
Sampling M_1/50 iter 1100/1250  mem: 310.9/1398.3MB
Sampling M_1/50 iter 1200/1250  mem: 384.1/1398.3MB
done building BART in 0.311 sec 

burning and aggregating chains from all threads... done
.original model_matrix
             X1         X2         X3         X4          X5 y_remaining
1  0.2772497942 0.32936451 0.74482120 0.06056465 0.910369427   10.130978
2  0.0005183129 0.29856310 0.71096294 0.66540477 0.413055268    8.271053
3  0.5106083730 0.59624470 0.95073257 0.23416590 0.149202441   15.734585
4  0.0140479084 0.20180156 0.42057755 0.04955610 0.095354668    2.120327
5  0.0646897766 0.72467324 0.10458201 0.21251019 0.881572883   10.202158
6  0.9548492255 0.91327399 0.38729844 0.15141651 0.985489626   11.220438
7  0.0864958912 0.45222545 0.81085199 0.98056216 0.002538507   12.219937
8  0.2899750092 0.17667337 0.22114274 0.73014632 0.128496305   11.362090
9  0.8806991728 0.01923819 0.77112307 0.97978159 0.850970106   15.959541
10 0.1232162013 0.68761857 0.14000740 0.77120509 0.862428385   15.672705
11 0.1751129227 0.72093642 0.50348734 0.78412760 0.586244208   15.515090
12 0.4407502718 0.92877779 0.03701096 0.71597488 0.002863033   21.876839
13 0.9071829736 0.68771770 0.35887472 0.57176558 0.735468234   18.969965
14 0.8510418669 0.58996329 0.19983229 0.03890607 0.964608290   16.743682
15 0.7339874927 0.15706440 0.29819457 0.24844935 0.168959155    8.157556
Building BART for regression ...
building BART with mem-cache speedup
Sampling M_1/50 iter 100/1250  mem: 75/1398.3MB
Sampling M_1/50 iter 200/1250  mem: 148.2/1398.3MB
Sampling M_1/50 iter 300/1250  mem: 212.3/1398.3MB
Sampling M_1/50 iter 400/1250  mem: 276.4/1398.3MB
Sampling M_1/50 iter 500/1250  mem: 349.6/1398.3MB
Sampling M_1/50 iter 600/1250  mem: 413.7/1398.3MB
Sampling M_1/50 iter 700/1250  mem: 45/1398.3MB
Sampling M_1/50 iter 800/1250  mem: 109.2/1398.3MB
Sampling M_1/50 iter 900/1250  mem: 182.5/1398.3MB
Sampling M_1/50 iter 1000/1250  mem: 246.7/1398.3MB
Sampling M_1/50 iter 1100/1250  mem: 310.8/1398.3MB
Sampling M_1/50 iter 1200/1250  mem: 384.2/1398.3MB
done building BART in 0.316 sec 

burning and aggregating chains from all threads... done
.original model_matrix
             X1         X2         X3         X4          X5 y_remaining
1  0.2772497942 0.32936451 0.74482120 0.06056465 0.910369427   10.130978
2  0.0005183129 0.29856310 0.71096294 0.66540477 0.413055268    8.271053
3  0.5106083730 0.59624470 0.95073257 0.23416590 0.149202441   15.734585
4  0.0140479084 0.20180156 0.42057755 0.04955610 0.095354668    2.120327
5  0.0646897766 0.72467324 0.10458201 0.21251019 0.881572883   10.202158
6  0.9548492255 0.91327399 0.38729844 0.15141651 0.985489626   11.220438
7  0.0864958912 0.45222545 0.81085199 0.98056216 0.002538507   12.219937
8  0.2899750092 0.17667337 0.22114274 0.73014632 0.128496305   11.362090
9  0.8806991728 0.01923819 0.77112307 0.97978159 0.850970106   15.959541
10 0.1232162013 0.68761857 0.14000740 0.77120509 0.862428385   15.672705
11 0.1751129227 0.72093642 0.50348734 0.78412760 0.586244208   15.515090
12 0.4407502718 0.92877779 0.03701096 0.71597488 0.002863033   21.876839
13 0.9071829736 0.68771770 0.35887472 0.57176558 0.735468234   18.969965
14 0.8510418669 0.58996329 0.19983229 0.03890607 0.964608290   16.743682
15 0.7339874927 0.15706440 0.29819457 0.24844935 0.168959155    8.157556
Building BART for regression ...
building BART with mem-cache speedup
Sampling M_1/50 iter 100/1250  mem: 75.4/1398.3MB
Sampling M_1/50 iter 200/1250  mem: 148.7/1398.3MB
Sampling M_1/50 iter 300/1250  mem: 212.9/1398.3MB
Sampling M_1/50 iter 400/1250  mem: 277/1398.3MB
Sampling M_1/50 iter 500/1250  mem: 350.3/1398.3MB
Sampling M_1/50 iter 600/1250  mem: 414.5/1398.3MB
Sampling M_1/50 iter 700/1250  mem: 46.1/1398.3MB
Sampling M_1/50 iter 800/1250  mem: 110.3/1398.3MB
Sampling M_1/50 iter 900/1250  mem: 183.7/1398.3MB
Sampling M_1/50 iter 1000/1250  mem: 248/1398.3MB
Sampling M_1/50 iter 1100/1250  mem: 312.2/1398.3MB
Sampling M_1/50 iter 1200/1250  mem: 385.6/1398.3MB
done building BART in 0.319 sec 

burning and aggregating chains from all threads... done
.original model_matrix
             X1         X2         X3         X4          X5 y_remaining
1  0.2772497942 0.32936451 0.74482120 0.06056465 0.910369427   10.130978
2  0.0005183129 0.29856310 0.71096294 0.66540477 0.413055268    8.271053
3  0.5106083730 0.59624470 0.95073257 0.23416590 0.149202441   15.734585
4  0.0140479084 0.20180156 0.42057755 0.04955610 0.095354668    2.120327
5  0.0646897766 0.72467324 0.10458201 0.21251019 0.881572883   10.202158
6  0.9548492255 0.91327399 0.38729844 0.15141651 0.985489626   11.220438
7  0.0864958912 0.45222545 0.81085199 0.98056216 0.002538507   12.219937
8  0.2899750092 0.17667337 0.22114274 0.73014632 0.128496305   11.362090
9  0.8806991728 0.01923819 0.77112307 0.97978159 0.850970106   15.959541
10 0.1232162013 0.68761857 0.14000740 0.77120509 0.862428385   15.672705
11 0.1751129227 0.72093642 0.50348734 0.78412760 0.586244208   15.515090
12 0.4407502718 0.92877779 0.03701096 0.71597488 0.002863033   21.876839
13 0.9071829736 0.68771770 0.35887472 0.57176558 0.735468234   18.969965
14 0.8510418669 0.58996329 0.19983229 0.03890607 0.964608290   16.743682
15 0.7339874927 0.15706440 0.29819457 0.24844935 0.168959155    8.157556
Building BART for regression ...
building BART with mem-cache speedup
Sampling M_1/50 iter 100/1250  mem: 75.8/1398.3MB
Sampling M_1/50 iter 200/1250  mem: 149.2/1398.3MB
Sampling M_1/50 iter 300/1250  mem: 213.4/1398.3MB
Sampling M_1/50 iter 400/1250  mem: 277.7/1398.3MB
Sampling M_1/50 iter 500/1250  mem: 351.1/1398.3MB
Sampling M_1/50 iter 600/1250  mem: 415.3/1398.3MB
Sampling M_1/50 iter 700/1250  mem: 45.6/1398.3MB
Sampling M_1/50 iter 800/1250  mem: 109.8/1398.3MB
Sampling M_1/50 iter 900/1250  mem: 183.2/1398.3MB
Sampling M_1/50 iter 1000/1250  mem: 247.5/1398.3MB
Sampling M_1/50 iter 1100/1250  mem: 311.7/1398.3MB
Sampling M_1/50 iter 1200/1250  mem: 385.1/1398.3MB
done building BART in 0.319 sec 

burning and aggregating chains from all threads... done

  BART CV try: k: 5 nu, q: 3, 0.9 m: 200 
.original model_matrix
          X1         X2        X3        X4         X5 y_remaining
41 0.2474559 0.99310182 0.5542667 0.6401215 0.05952578   13.011812
42 0.2150112 0.51892344 0.5154234 0.4324275 0.28233534   10.204374
43 0.4936738 0.26108993 0.6428065 0.1782642 0.77299296    9.528524
44 0.6534460 0.96443223 0.5907776 0.6158531 0.62696702   18.894179
45 0.3290258 0.88712686 0.6429595 0.1589093 0.59625177   12.863446
46 0.8638878 0.61116916 0.5242994 0.6354631 0.25957025   17.353444
47 0.6377899 0.76150846 0.3369554 0.3907155 0.75848997   17.897932
48 0.0137806 0.85315316 0.6005188 0.2808665 0.88809013    8.354677
49 0.5291648 0.41971689 0.1841739 0.5610969 0.73535454   19.156620
50 0.8343630 0.08832731 0.1448730 0.5588130 0.84317421   16.340615
51 0.5028559 0.92091310 0.4898998 0.1342521 0.10805705   11.197609
52 0.5977608 0.27478937 0.1525171 0.8968158 0.36059255   17.788988
53 0.4255951 0.90126747 0.5098983 0.4485877 0.37403856   16.921270
54 0.3122046 0.17638463 0.1440288 0.9553507 0.39749995   13.282728
55 0.2219272 0.72088507 0.7126025 0.9019496 0.17043762   14.350998
Building BART for regression ...
building BART with mem-cache speedup
Sampling M_1/200 iter 100/1250  mem: 287.2/1398.3MB
Sampling M_1/200 iter 200/1250  mem: 114/1398.3MB
Sampling M_1/200 iter 300/1250  mem: 389.9/1398.3MB
Sampling M_1/200 iter 400/1250  mem: 216.2/1398.3MB
Sampling M_1/200 iter 500/1250  mem: 482.9/1398.3MB
Sampling M_1/200 iter 600/1250  mem: 320.2/1398.3MB
Sampling M_1/200 iter 700/1250  mem: 147.3/1398.3MB
Sampling M_1/200 iter 800/1250  mem: 424.7/1398.3MB
Sampling M_1/200 iter 900/1250  mem: 256.9/1398.3MB
Sampling M_1/200 iter 1000/1250  mem: 530/1398.3MB
Sampling M_1/200 iter 1100/1250  mem: 367.6/1398.3MB
Sampling M_1/200 iter 1200/1250  mem: 205.8/1398.3MB
done building BART in 1.419 sec 

burning and aggregating chains from all threads... done
.original model_matrix
             X1         X2         X3         X4          X5 y_remaining
1  0.2772497942 0.32936451 0.74482120 0.06056465 0.910369427   10.130978
2  0.0005183129 0.29856310 0.71096294 0.66540477 0.413055268    8.271053
3  0.5106083730 0.59624470 0.95073257 0.23416590 0.149202441   15.734585
4  0.0140479084 0.20180156 0.42057755 0.04955610 0.095354668    2.120327
5  0.0646897766 0.72467324 0.10458201 0.21251019 0.881572883   10.202158
6  0.9548492255 0.91327399 0.38729844 0.15141651 0.985489626   11.220438
7  0.0864958912 0.45222545 0.81085199 0.98056216 0.002538507   12.219937
8  0.2899750092 0.17667337 0.22114274 0.73014632 0.128496305   11.362090
9  0.8806991728 0.01923819 0.77112307 0.97978159 0.850970106   15.959541
10 0.1232162013 0.68761857 0.14000740 0.77120509 0.862428385   15.672705
11 0.1751129227 0.72093642 0.50348734 0.78412760 0.586244208   15.515090
12 0.4407502718 0.92877779 0.03701096 0.71597488 0.002863033   21.876839
13 0.9071829736 0.68771770 0.35887472 0.57176558 0.735468234   18.969965
14 0.8510418669 0.58996329 0.19983229 0.03890607 0.964608290   16.743682
15 0.7339874927 0.15706440 0.29819457 0.24844935 0.168959155    8.157556
Building BART for regression ...
building BART with mem-cache speedup
Sampling M_1/200 iter 100/1250  mem: 293/1398.3MB
Sampling M_1/200 iter 200/1250  mem: 121.9/1398.3MB
Sampling M_1/200 iter 300/1250  mem: 394.4/1398.3MB
Sampling M_1/200 iter 400/1250  mem: 222.5/1398.3MB
Sampling M_1/200 iter 500/1250  mem: 60.7/1398.3MB
Sampling M_1/200 iter 600/1250  mem: 335.1/1398.3MB
Sampling M_1/200 iter 700/1250  mem: 173.1/1398.3MB
Sampling M_1/200 iter 800/1250  mem: 447.4/1398.3MB
Sampling M_1/200 iter 900/1250  mem: 283.4/1398.3MB
Sampling M_1/200 iter 1000/1250  mem: 131.1/1398.3MB
Sampling M_1/200 iter 1100/1250  mem: 403.5/1398.3MB
Sampling M_1/200 iter 1200/1250  mem: 241.7/1398.3MB
done building BART in 1.402 sec 

burning and aggregating chains from all threads... done
.original model_matrix
             X1         X2         X3         X4          X5 y_remaining
1  0.2772497942 0.32936451 0.74482120 0.06056465 0.910369427   10.130978
2  0.0005183129 0.29856310 0.71096294 0.66540477 0.413055268    8.271053
3  0.5106083730 0.59624470 0.95073257 0.23416590 0.149202441   15.734585
4  0.0140479084 0.20180156 0.42057755 0.04955610 0.095354668    2.120327
5  0.0646897766 0.72467324 0.10458201 0.21251019 0.881572883   10.202158
6  0.9548492255 0.91327399 0.38729844 0.15141651 0.985489626   11.220438
7  0.0864958912 0.45222545 0.81085199 0.98056216 0.002538507   12.219937
8  0.2899750092 0.17667337 0.22114274 0.73014632 0.128496305   11.362090
9  0.8806991728 0.01923819 0.77112307 0.97978159 0.850970106   15.959541
10 0.1232162013 0.68761857 0.14000740 0.77120509 0.862428385   15.672705
11 0.1751129227 0.72093642 0.50348734 0.78412760 0.586244208   15.515090
12 0.4407502718 0.92877779 0.03701096 0.71597488 0.002863033   21.876839
13 0.9071829736 0.68771770 0.35887472 0.57176558 0.735468234   18.969965
14 0.8510418669 0.58996329 0.19983229 0.03890607 0.964608290   16.743682
15 0.7339874927 0.15706440 0.29819457 0.24844935 0.168959155    8.157556
Building BART for regression ...
building BART with mem-cache speedup
Sampling M_1/200 iter 100/1250  mem: 284.9/1398.3MB
Sampling M_1/200 iter 200/1250  mem: 113.7/1398.3MB
Sampling M_1/200 iter 300/1250  mem: 386.5/1398.3MB
Sampling M_1/200 iter 400/1250  mem: 222.9/1398.3MB
Sampling M_1/200 iter 500/1250  mem: 61.3/1398.3MB
Sampling M_1/200 iter 600/1250  mem: 335/1398.3MB
Sampling M_1/200 iter 700/1250  mem: 173.3/1398.3MB
Sampling M_1/200 iter 800/1250  mem: 447/1398.3MB
Sampling M_1/200 iter 900/1250  mem: 284.5/1398.3MB
Sampling M_1/200 iter 1000/1250  mem: 122.3/1398.3MB
Sampling M_1/200 iter 1100/1250  mem: 396/1398.3MB
Sampling M_1/200 iter 1200/1250  mem: 233/1398.3MB
done building BART in 1.401 sec 

burning and aggregating chains from all threads... done
.original model_matrix
             X1         X2         X3         X4          X5 y_remaining
1  0.2772497942 0.32936451 0.74482120 0.06056465 0.910369427   10.130978
2  0.0005183129 0.29856310 0.71096294 0.66540477 0.413055268    8.271053
3  0.5106083730 0.59624470 0.95073257 0.23416590 0.149202441   15.734585
4  0.0140479084 0.20180156 0.42057755 0.04955610 0.095354668    2.120327
5  0.0646897766 0.72467324 0.10458201 0.21251019 0.881572883   10.202158
6  0.9548492255 0.91327399 0.38729844 0.15141651 0.985489626   11.220438
7  0.0864958912 0.45222545 0.81085199 0.98056216 0.002538507   12.219937
8  0.2899750092 0.17667337 0.22114274 0.73014632 0.128496305   11.362090
9  0.8806991728 0.01923819 0.77112307 0.97978159 0.850970106   15.959541
10 0.1232162013 0.68761857 0.14000740 0.77120509 0.862428385   15.672705
11 0.1751129227 0.72093642 0.50348734 0.78412760 0.586244208   15.515090
12 0.4407502718 0.92877779 0.03701096 0.71597488 0.002863033   21.876839
13 0.9071829736 0.68771770 0.35887472 0.57176558 0.735468234   18.969965
14 0.8510418669 0.58996329 0.19983229 0.03890607 0.964608290   16.743682
15 0.7339874927 0.15706440 0.29819457 0.24844935 0.168959155    8.157556
Building BART for regression ...
building BART with mem-cache speedup
Sampling M_1/200 iter 100/1250  mem: 283.9/1398.3MB
Sampling M_1/200 iter 200/1250  mem: 111.6/1398.3MB
Sampling M_1/200 iter 300/1250  mem: 385.7/1398.3MB
Sampling M_1/200 iter 400/1250  mem: 213.6/1398.3MB
Sampling M_1/200 iter 500/1250  mem: 51.3/1398.3MB
Sampling M_1/200 iter 600/1250  mem: 325.4/1398.3MB
Sampling M_1/200 iter 700/1250  mem: 163/1398.3MB
Sampling M_1/200 iter 800/1250  mem: 437/1398.3MB
Sampling M_1/200 iter 900/1250  mem: 274.5/1398.3MB
Sampling M_1/200 iter 1000/1250  mem: 112.3/1398.3MB
Sampling M_1/200 iter 1100/1250  mem: 386/1398.3MB
Sampling M_1/200 iter 1200/1250  mem: 223.5/1398.3MB
done building BART in 1.399 sec 

burning and aggregating chains from all threads... done
.original model_matrix
             X1         X2         X3         X4          X5 y_remaining
1  0.2772497942 0.32936451 0.74482120 0.06056465 0.910369427   10.130978
2  0.0005183129 0.29856310 0.71096294 0.66540477 0.413055268    8.271053
3  0.5106083730 0.59624470 0.95073257 0.23416590 0.149202441   15.734585
4  0.0140479084 0.20180156 0.42057755 0.04955610 0.095354668    2.120327
5  0.0646897766 0.72467324 0.10458201 0.21251019 0.881572883   10.202158
6  0.9548492255 0.91327399 0.38729844 0.15141651 0.985489626   11.220438
7  0.0864958912 0.45222545 0.81085199 0.98056216 0.002538507   12.219937
8  0.2899750092 0.17667337 0.22114274 0.73014632 0.128496305   11.362090
9  0.8806991728 0.01923819 0.77112307 0.97978159 0.850970106   15.959541
10 0.1232162013 0.68761857 0.14000740 0.77120509 0.862428385   15.672705
11 0.1751129227 0.72093642 0.50348734 0.78412760 0.586244208   15.515090
12 0.4407502718 0.92877779 0.03701096 0.71597488 0.002863033   21.876839
13 0.9071829736 0.68771770 0.35887472 0.57176558 0.735468234   18.969965
14 0.8510418669 0.58996329 0.19983229 0.03890607 0.964608290   16.743682
15 0.7339874927 0.15706440 0.29819457 0.24844935 0.168959155    8.157556
Building BART for regression ...
building BART with mem-cache speedup
Sampling M_1/200 iter 100/1250  mem: 284.6/1398.3MB
Sampling M_1/200 iter 200/1250  mem: 111.9/1398.3MB
Sampling M_1/200 iter 300/1250  mem: 385.6/1398.3MB
Sampling M_1/200 iter 400/1250  mem: 213.5/1398.3MB
Sampling M_1/200 iter 500/1250  mem: 51.7/1398.3MB
Sampling M_1/200 iter 600/1250  mem: 325.8/1398.3MB
Sampling M_1/200 iter 700/1250  mem: 163.1/1398.3MB
Sampling M_1/200 iter 800/1250  mem: 437.1/1398.3MB
Sampling M_1/200 iter 900/1250  mem: 274.3/1398.3MB
Sampling M_1/200 iter 1000/1250  mem: 112.4/1398.3MB
Sampling M_1/200 iter 1100/1250  mem: 386.1/1398.3MB
Sampling M_1/200 iter 1200/1250  mem: 223.5/1398.3MB
done building BART in 1.412 sec 

burning and aggregating chains from all threads... done

  BART CV try: k: 5 nu, q: 3, 0.99 m: 50 
.original model_matrix
          X1         X2        X3        X4         X5 y_remaining
41 0.2474559 0.99310182 0.5542667 0.6401215 0.05952578   13.011812
42 0.2150112 0.51892344 0.5154234 0.4324275 0.28233534   10.204374
43 0.4936738 0.26108993 0.6428065 0.1782642 0.77299296    9.528524
44 0.6534460 0.96443223 0.5907776 0.6158531 0.62696702   18.894179
45 0.3290258 0.88712686 0.6429595 0.1589093 0.59625177   12.863446
46 0.8638878 0.61116916 0.5242994 0.6354631 0.25957025   17.353444
47 0.6377899 0.76150846 0.3369554 0.3907155 0.75848997   17.897932
48 0.0137806 0.85315316 0.6005188 0.2808665 0.88809013    8.354677
49 0.5291648 0.41971689 0.1841739 0.5610969 0.73535454   19.156620
50 0.8343630 0.08832731 0.1448730 0.5588130 0.84317421   16.340615
51 0.5028559 0.92091310 0.4898998 0.1342521 0.10805705   11.197609
52 0.5977608 0.27478937 0.1525171 0.8968158 0.36059255   17.788988
53 0.4255951 0.90126747 0.5098983 0.4485877 0.37403856   16.921270
54 0.3122046 0.17638463 0.1440288 0.9553507 0.39749995   13.282728
55 0.2219272 0.72088507 0.7126025 0.9019496 0.17043762   14.350998
Building BART for regression ...
building BART with mem-cache speedup
Sampling M_1/50 iter 100/1250  mem: 75.1/1398.3MB
Sampling M_1/50 iter 200/1250  mem: 148.1/1398.3MB
Sampling M_1/50 iter 300/1250  mem: 211.9/1398.3MB
Sampling M_1/50 iter 400/1250  mem: 284.9/1398.3MB
Sampling M_1/50 iter 500/1250  mem: 348.8/1398.3MB
Sampling M_1/50 iter 600/1250  mem: 412.6/1398.3MB
Sampling M_1/50 iter 700/1250  mem: 45.6/1398.3MB
Sampling M_1/50 iter 800/1250  mem: 109.6/1398.3MB
Sampling M_1/50 iter 900/1250  mem: 182.8/1398.3MB
Sampling M_1/50 iter 1000/1250  mem: 246.8/1398.3MB
Sampling M_1/50 iter 1100/1250  mem: 319.9/1398.3MB
Sampling M_1/50 iter 1200/1250  mem: 383.9/1398.3MB
done building BART in 0.323 sec 

burning and aggregating chains from all threads... done
.original model_matrix
             X1         X2         X3         X4          X5 y_remaining
1  0.2772497942 0.32936451 0.74482120 0.06056465 0.910369427   10.130978
2  0.0005183129 0.29856310 0.71096294 0.66540477 0.413055268    8.271053
3  0.5106083730 0.59624470 0.95073257 0.23416590 0.149202441   15.734585
4  0.0140479084 0.20180156 0.42057755 0.04955610 0.095354668    2.120327
5  0.0646897766 0.72467324 0.10458201 0.21251019 0.881572883   10.202158
6  0.9548492255 0.91327399 0.38729844 0.15141651 0.985489626   11.220438
7  0.0864958912 0.45222545 0.81085199 0.98056216 0.002538507   12.219937
8  0.2899750092 0.17667337 0.22114274 0.73014632 0.128496305   11.362090
9  0.8806991728 0.01923819 0.77112307 0.97978159 0.850970106   15.959541
10 0.1232162013 0.68761857 0.14000740 0.77120509 0.862428385   15.672705
11 0.1751129227 0.72093642 0.50348734 0.78412760 0.586244208   15.515090
12 0.4407502718 0.92877779 0.03701096 0.71597488 0.002863033   21.876839
13 0.9071829736 0.68771770 0.35887472 0.57176558 0.735468234   18.969965
14 0.8510418669 0.58996329 0.19983229 0.03890607 0.964608290   16.743682
15 0.7339874927 0.15706440 0.29819457 0.24844935 0.168959155    8.157556
Building BART for regression ...
building BART with mem-cache speedup
Sampling M_1/50 iter 100/1250  mem: 75.6/1398.3MB
Sampling M_1/50 iter 200/1250  mem: 148.7/1398.3MB
Sampling M_1/50 iter 300/1250  mem: 212.7/1398.3MB
Sampling M_1/50 iter 400/1250  mem: 276.7/1398.3MB
Sampling M_1/50 iter 500/1250  mem: 349.9/1398.3MB
Sampling M_1/50 iter 600/1250  mem: 413.9/1398.3MB
Sampling M_1/50 iter 700/1250  mem: 46.6/1398.3MB
Sampling M_1/50 iter 800/1250  mem: 110.7/1398.3MB
Sampling M_1/50 iter 900/1250  mem: 183.9/1398.3MB
Sampling M_1/50 iter 1000/1250  mem: 248/1398.3MB
Sampling M_1/50 iter 1100/1250  mem: 312.1/1398.3MB
Sampling M_1/50 iter 1200/1250  mem: 385.3/1398.3MB
done building BART in 0.326 sec 

burning and aggregating chains from all threads... done
.original model_matrix
             X1         X2         X3         X4          X5 y_remaining
1  0.2772497942 0.32936451 0.74482120 0.06056465 0.910369427   10.130978
2  0.0005183129 0.29856310 0.71096294 0.66540477 0.413055268    8.271053
3  0.5106083730 0.59624470 0.95073257 0.23416590 0.149202441   15.734585
4  0.0140479084 0.20180156 0.42057755 0.04955610 0.095354668    2.120327
5  0.0646897766 0.72467324 0.10458201 0.21251019 0.881572883   10.202158
6  0.9548492255 0.91327399 0.38729844 0.15141651 0.985489626   11.220438
7  0.0864958912 0.45222545 0.81085199 0.98056216 0.002538507   12.219937
8  0.2899750092 0.17667337 0.22114274 0.73014632 0.128496305   11.362090
9  0.8806991728 0.01923819 0.77112307 0.97978159 0.850970106   15.959541
10 0.1232162013 0.68761857 0.14000740 0.77120509 0.862428385   15.672705
11 0.1751129227 0.72093642 0.50348734 0.78412760 0.586244208   15.515090
12 0.4407502718 0.92877779 0.03701096 0.71597488 0.002863033   21.876839
13 0.9071829736 0.68771770 0.35887472 0.57176558 0.735468234   18.969965
14 0.8510418669 0.58996329 0.19983229 0.03890607 0.964608290   16.743682
15 0.7339874927 0.15706440 0.29819457 0.24844935 0.168959155    8.157556
Building BART for regression ...
building BART with mem-cache speedup
Sampling M_1/50 iter 100/1250  mem: 76/1398.3MB
Sampling M_1/50 iter 200/1250  mem: 149.2/1398.3MB
Sampling M_1/50 iter 300/1250  mem: 213.3/1398.3MB
Sampling M_1/50 iter 400/1250  mem: 277.4/1398.3MB
Sampling M_1/50 iter 500/1250  mem: 350.6/1398.3MB
Sampling M_1/50 iter 600/1250  mem: 414.7/1398.3MB
Sampling M_1/50 iter 700/1250  mem: 37.4/1398.3MB
Sampling M_1/50 iter 800/1250  mem: 110.8/1398.3MB
Sampling M_1/50 iter 900/1250  mem: 174.9/1398.3MB
Sampling M_1/50 iter 1000/1250  mem: 248.2/1398.3MB
Sampling M_1/50 iter 1100/1250  mem: 312.4/1398.3MB
Sampling M_1/50 iter 1200/1250  mem: 385.7/1398.3MB
done building BART in 0.314 sec 

burning and aggregating chains from all threads... done
.original model_matrix
             X1         X2         X3         X4          X5 y_remaining
1  0.2772497942 0.32936451 0.74482120 0.06056465 0.910369427   10.130978
2  0.0005183129 0.29856310 0.71096294 0.66540477 0.413055268    8.271053
3  0.5106083730 0.59624470 0.95073257 0.23416590 0.149202441   15.734585
4  0.0140479084 0.20180156 0.42057755 0.04955610 0.095354668    2.120327
5  0.0646897766 0.72467324 0.10458201 0.21251019 0.881572883   10.202158
6  0.9548492255 0.91327399 0.38729844 0.15141651 0.985489626   11.220438
7  0.0864958912 0.45222545 0.81085199 0.98056216 0.002538507   12.219937
8  0.2899750092 0.17667337 0.22114274 0.73014632 0.128496305   11.362090
9  0.8806991728 0.01923819 0.77112307 0.97978159 0.850970106   15.959541
10 0.1232162013 0.68761857 0.14000740 0.77120509 0.862428385   15.672705
11 0.1751129227 0.72093642 0.50348734 0.78412760 0.586244208   15.515090
12 0.4407502718 0.92877779 0.03701096 0.71597488 0.002863033   21.876839
13 0.9071829736 0.68771770 0.35887472 0.57176558 0.735468234   18.969965
14 0.8510418669 0.58996329 0.19983229 0.03890607 0.964608290   16.743682
15 0.7339874927 0.15706440 0.29819457 0.24844935 0.168959155    8.157556
Building BART for regression ...
building BART with mem-cache speedup
Sampling M_1/50 iter 100/1250  mem: 76.4/1398.3MB
Sampling M_1/50 iter 200/1250  mem: 149.7/1398.3MB
Sampling M_1/50 iter 300/1250  mem: 213.9/1398.3MB
Sampling M_1/50 iter 400/1250  mem: 278/1398.3MB
Sampling M_1/50 iter 500/1250  mem: 351.4/1398.3MB
Sampling M_1/50 iter 600/1250  mem: 415.5/1398.3MB
Sampling M_1/50 iter 700/1250  mem: 37.5/1398.3MB
Sampling M_1/50 iter 800/1250  mem: 110.8/1398.3MB
Sampling M_1/50 iter 900/1250  mem: 175/1398.3MB
Sampling M_1/50 iter 1000/1250  mem: 248.3/1398.3MB
Sampling M_1/50 iter 1100/1250  mem: 312.5/1398.3MB
Sampling M_1/50 iter 1200/1250  mem: 376.6/1398.3MB
done building BART in 0.315 sec 

burning and aggregating chains from all threads... done
.original model_matrix
             X1         X2         X3         X4          X5 y_remaining
1  0.2772497942 0.32936451 0.74482120 0.06056465 0.910369427   10.130978
2  0.0005183129 0.29856310 0.71096294 0.66540477 0.413055268    8.271053
3  0.5106083730 0.59624470 0.95073257 0.23416590 0.149202441   15.734585
4  0.0140479084 0.20180156 0.42057755 0.04955610 0.095354668    2.120327
5  0.0646897766 0.72467324 0.10458201 0.21251019 0.881572883   10.202158
6  0.9548492255 0.91327399 0.38729844 0.15141651 0.985489626   11.220438
7  0.0864958912 0.45222545 0.81085199 0.98056216 0.002538507   12.219937
8  0.2899750092 0.17667337 0.22114274 0.73014632 0.128496305   11.362090
9  0.8806991728 0.01923819 0.77112307 0.97978159 0.850970106   15.959541
10 0.1232162013 0.68761857 0.14000740 0.77120509 0.862428385   15.672705
11 0.1751129227 0.72093642 0.50348734 0.78412760 0.586244208   15.515090
12 0.4407502718 0.92877779 0.03701096 0.71597488 0.002863033   21.876839
13 0.9071829736 0.68771770 0.35887472 0.57176558 0.735468234   18.969965
14 0.8510418669 0.58996329 0.19983229 0.03890607 0.964608290   16.743682
15 0.7339874927 0.15706440 0.29819457 0.24844935 0.168959155    8.157556
Building BART for regression ...
building BART with mem-cache speedup
Sampling M_1/50 iter 100/1250  mem: 76.7/1398.3MB
Sampling M_1/50 iter 200/1250  mem: 150.1/1398.3MB
Sampling M_1/50 iter 300/1250  mem: 214.2/1398.3MB
Sampling M_1/50 iter 400/1250  mem: 287.5/1398.3MB
Sampling M_1/50 iter 500/1250  mem: 351.7/1398.3MB
Sampling M_1/50 iter 600/1250  mem: 415.9/1398.3MB
Sampling M_1/50 iter 700/1250  mem: 47.1/1398.3MB
Sampling M_1/50 iter 800/1250  mem: 111.3/1398.3MB
Sampling M_1/50 iter 900/1250  mem: 184.7/1398.3MB
Sampling M_1/50 iter 1000/1250  mem: 249/1398.3MB
Sampling M_1/50 iter 1100/1250  mem: 322.4/1398.3MB
Sampling M_1/50 iter 1200/1250  mem: 386.6/1398.3MB
done building BART in 0.317 sec 

burning and aggregating chains from all threads... done

  BART CV try: k: 5 nu, q: 3, 0.99 m: 200 
.original model_matrix
          X1         X2        X3        X4         X5 y_remaining
41 0.2474559 0.99310182 0.5542667 0.6401215 0.05952578   13.011812
42 0.2150112 0.51892344 0.5154234 0.4324275 0.28233534   10.204374
43 0.4936738 0.26108993 0.6428065 0.1782642 0.77299296    9.528524
44 0.6534460 0.96443223 0.5907776 0.6158531 0.62696702   18.894179
45 0.3290258 0.88712686 0.6429595 0.1589093 0.59625177   12.863446
46 0.8638878 0.61116916 0.5242994 0.6354631 0.25957025   17.353444
47 0.6377899 0.76150846 0.3369554 0.3907155 0.75848997   17.897932
48 0.0137806 0.85315316 0.6005188 0.2808665 0.88809013    8.354677
49 0.5291648 0.41971689 0.1841739 0.5610969 0.73535454   19.156620
50 0.8343630 0.08832731 0.1448730 0.5588130 0.84317421   16.340615
51 0.5028559 0.92091310 0.4898998 0.1342521 0.10805705   11.197609
52 0.5977608 0.27478937 0.1525171 0.8968158 0.36059255   17.788988
53 0.4255951 0.90126747 0.5098983 0.4485877 0.37403856   16.921270
54 0.3122046 0.17638463 0.1440288 0.9553507 0.39749995   13.282728
55 0.2219272 0.72088507 0.7126025 0.9019496 0.17043762   14.350998
Building BART for regression ...
building BART with mem-cache speedup
Sampling M_1/200 iter 100/1250  mem: 285.9/1398.3MB
Sampling M_1/200 iter 200/1250  mem: 112.6/1398.3MB
Sampling M_1/200 iter 300/1250  mem: 379/1398.3MB
Sampling M_1/200 iter 400/1250  mem: 205.7/1398.3MB
Sampling M_1/200 iter 500/1250  mem: 481.3/1398.3MB
Sampling M_1/200 iter 600/1250  mem: 319/1398.3MB
Sampling M_1/200 iter 700/1250  mem: 145.5/1398.3MB
Sampling M_1/200 iter 800/1250  mem: 422.3/1398.3MB
Sampling M_1/200 iter 900/1250  mem: 255.6/1398.3MB
Sampling M_1/200 iter 1000/1250  mem: 528.6/1398.3MB
Sampling M_1/200 iter 1100/1250  mem: 366.6/1398.3MB
Sampling M_1/200 iter 1200/1250  mem: 204.1/1398.3MB
done building BART in 1.397 sec 

burning and aggregating chains from all threads... done
.original model_matrix
             X1         X2         X3         X4          X5 y_remaining
1  0.2772497942 0.32936451 0.74482120 0.06056465 0.910369427   10.130978
2  0.0005183129 0.29856310 0.71096294 0.66540477 0.413055268    8.271053
3  0.5106083730 0.59624470 0.95073257 0.23416590 0.149202441   15.734585
4  0.0140479084 0.20180156 0.42057755 0.04955610 0.095354668    2.120327
5  0.0646897766 0.72467324 0.10458201 0.21251019 0.881572883   10.202158
6  0.9548492255 0.91327399 0.38729844 0.15141651 0.985489626   11.220438
7  0.0864958912 0.45222545 0.81085199 0.98056216 0.002538507   12.219937
8  0.2899750092 0.17667337 0.22114274 0.73014632 0.128496305   11.362090
9  0.8806991728 0.01923819 0.77112307 0.97978159 0.850970106   15.959541
10 0.1232162013 0.68761857 0.14000740 0.77120509 0.862428385   15.672705
11 0.1751129227 0.72093642 0.50348734 0.78412760 0.586244208   15.515090
12 0.4407502718 0.92877779 0.03701096 0.71597488 0.002863033   21.876839
13 0.9071829736 0.68771770 0.35887472 0.57176558 0.735468234   18.969965
14 0.8510418669 0.58996329 0.19983229 0.03890607 0.964608290   16.743682
15 0.7339874927 0.15706440 0.29819457 0.24844935 0.168959155    8.157556
Building BART for regression ...
building BART with mem-cache speedup
Sampling M_1/200 iter 100/1250  mem: 282.6/1398.3MB
Sampling M_1/200 iter 200/1250  mem: 120.8/1398.3MB
Sampling M_1/200 iter 300/1250  mem: 393.2/1398.3MB
Sampling M_1/200 iter 400/1250  mem: 221.7/1398.3MB
Sampling M_1/200 iter 500/1250  mem: 60.6/1398.3MB
Sampling M_1/200 iter 600/1250  mem: 334.9/1398.3MB
Sampling M_1/200 iter 700/1250  mem: 171.7/1398.3MB
Sampling M_1/200 iter 800/1250  mem: 446/1398.3MB
Sampling M_1/200 iter 900/1250  mem: 282.3/1398.3MB
Sampling M_1/200 iter 1000/1250  mem: 120.9/1398.3MB
Sampling M_1/200 iter 1100/1250  mem: 393.9/1398.3MB
Sampling M_1/200 iter 1200/1250  mem: 232.3/1398.3MB
done building BART in 1.417 sec 

burning and aggregating chains from all threads... done
.original model_matrix
             X1         X2         X3         X4          X5 y_remaining
1  0.2772497942 0.32936451 0.74482120 0.06056465 0.910369427   10.130978
2  0.0005183129 0.29856310 0.71096294 0.66540477 0.413055268    8.271053
3  0.5106083730 0.59624470 0.95073257 0.23416590 0.149202441   15.734585
4  0.0140479084 0.20180156 0.42057755 0.04955610 0.095354668    2.120327
5  0.0646897766 0.72467324 0.10458201 0.21251019 0.881572883   10.202158
6  0.9548492255 0.91327399 0.38729844 0.15141651 0.985489626   11.220438
7  0.0864958912 0.45222545 0.81085199 0.98056216 0.002538507   12.219937
8  0.2899750092 0.17667337 0.22114274 0.73014632 0.128496305   11.362090
9  0.8806991728 0.01923819 0.77112307 0.97978159 0.850970106   15.959541
10 0.1232162013 0.68761857 0.14000740 0.77120509 0.862428385   15.672705
11 0.1751129227 0.72093642 0.50348734 0.78412760 0.586244208   15.515090
12 0.4407502718 0.92877779 0.03701096 0.71597488 0.002863033   21.876839
13 0.9071829736 0.68771770 0.35887472 0.57176558 0.735468234   18.969965
14 0.8510418669 0.58996329 0.19983229 0.03890607 0.964608290   16.743682
15 0.7339874927 0.15706440 0.29819457 0.24844935 0.168959155    8.157556
Building BART for regression ...
building BART with mem-cache speedup
Sampling M_1/200 iter 100/1250  mem: 283.6/1398.3MB
Sampling M_1/200 iter 200/1250  mem: 112.4/1398.3MB
Sampling M_1/200 iter 300/1250  mem: 385.1/1398.3MB
Sampling M_1/200 iter 400/1250  mem: 221.9/1398.3MB
Sampling M_1/200 iter 500/1250  mem: 59.8/1398.3MB
Sampling M_1/200 iter 600/1250  mem: 333.8/1398.3MB
Sampling M_1/200 iter 700/1250  mem: 171.5/1398.3MB
Sampling M_1/200 iter 800/1250  mem: 445.5/1398.3MB
Sampling M_1/200 iter 900/1250  mem: 283.1/1398.3MB
Sampling M_1/200 iter 1000/1250  mem: 111.8/1398.3MB
Sampling M_1/200 iter 1100/1250  mem: 385.5/1398.3MB
Sampling M_1/200 iter 1200/1250  mem: 232.1/1398.3MB
done building BART in 1.406 sec 

burning and aggregating chains from all threads... done
